09-30 00:52:54.736  1806  4180 D BatteryService: uevent={POWER_SUPPLY_TEMP=307, POWER_SUPPLY_STATUS=Charging, POWER_SUPPLY_CAPACITY=65, ACTION=change, DEVPATH=/devices/soc.0/qpnp-smbcharger-f6e04600/power_supply/battery, POWER_SUPPLY_AGE=98, POWER_SUPPLY_VOLTAGE_MAX=4350, SUBSYSTEM=power_supply, POWER_SUPPLY_NUM_SYSTEM_TEMP_LEVELS=8, POWER_SUPPLY_INPUT_CURRENT_MAX=1500000, POWER_SUPPLY_VOLTAGE_MAX_DESIGN=4350000, POWER_SUPPLY_CHARGE_FULL=2985000, POWER_SUPPLY_NAME=battery, POWER_SUPPLY_FLASH_CURRENT_MAX=1874583, POWER_SUPPLY_HEALTH=Good, POWER_SUPPLY_CYCLE_COUNT=0, POWER_SUPPLY_TECHNOLOGY=Li-ion, POWER_SUPPLY_CHARGE_TYPE=Fast, POWER_SUPPLY_CONSTANT_CHARGE_CURRENT_MAX=2500000, POWER_SUPPLY_PRESENT=1, POWER_SUPPLY_TEMP_HOTSPOT=0, POWER_SUPPLY_INPUT_CURRENT_SETTLED=0, POWER_SUPPLY_SAFETY_TIMER_ENABLED=0, POWER_SUPPLY_FLASH_ACTIVE=0, POWER_SUPPLY_VOLTAGE_NOW=3803383, SEQNUM=3648, POWER_SUPPLY_CHARGE_FULL_DESIGN=3029000, POWER_SUPPLY_CURRENT_NOW=929560, POWER_SUPPLY_CHARGE_COUNTER=1939910, POWER_SUPPLY_SYSTEM_TEMP_LEVEL=0, POWER_SUPPLY_CHARGE_RATE=Normal, POWER_SUPPLY_CHARGING_ENABLED=1, POWER_SUPPLY_BATTERY_CHARGING_ENABLED=1}
09-30 00:52:54.737  1806  5487 D BatteryService: Processing new values: chargerAcOnline=false, chargerUsbOnline=true, chargerWirelessOnline=false, maxChargingCurrent0, batteryStatus=2, batteryHealth=2, batteryPresent=true, batteryLevel=65, batteryTechnology=Li-ion, batteryVoltage=3803, batteryTemperature=307, mBatteryLevelCritical=false, mPlugType=2, mChargeRate=1, modLevel=-1, modStatus=-1, modFlag=0
09-30 00:52:54.822  1806  5529 I ActivityManager: Start proc 6421:com.motorola.timeweatherwidget/u0a110 for broadcast com.motorola.timeweatherwidget/com.motorola.commandcenter.RowProvider
09-30 00:52:55.017  1806  4879 I ActivityManager: Start proc 6440:com.clarendon128.android.widget.stickynote/u0a142 for broadcast com.clarendon128.android.widget.stickynote/.StickyNoteWidgetProvider
09-30 00:52:55.102  1806  1823 I ActivityManager: Start proc 6454:com.motorola.retailconfig/u0a9 for broadcast com.motorola.retailconfig/.RetailConfigReceiver
09-30 00:52:55.183  1806  6051 I ActivityManager: Start proc 6469:com.android.cellbroadcastreceiver/u0a17 for broadcast com.android.cellbroadcastreceiver/.CellBroadcastReceiver
09-30 00:52:55.286  1806  5469 I ActivityManager: Start proc 6484:com.motorola.coresettingsext/u0a19 for broadcast com.motorola.coresettingsext/.SimSwapReceiver
09-30 00:52:55.288  1806  1859 W BroadcastQueue: Permission Denial: receiving Intent { act=android.cellbroadcastreceiver.CB_AREA_INFO_RECEIVED flg=0x10 (has extras) } to ProcessRecord{9a1555b 4802:com.android.systemui/u0a60} (pid=4802, uid=10060) requires android.permission.READ_PHONE_STATE due to sender com.android.cellbroadcastreceiver (uid 10017)
09-30 00:52:55.309  1806  5469 I ActivityManager: Killing 4829:com.android.externalstorage/u0a27 (adj 15): empty #13
09-30 00:52:55.369  1806  6061 I ActivityManager: Start proc 6497:com.motorola.msimsettings/u0a39 for broadcast com.motorola.msimsettings/.receivers.SimStateChangeReceiverForSettings
09-30 00:52:55.370  1806  6061 I ActivityManager: Killing 5363:com.skype.raider/u0a137 (adj 15): empty #13
09-30 00:52:55.392  1806  4250 D WifiService: Client connection lost with reason: 4
09-30 00:52:55.506  1806  5503 I ActivityManager: Killing 6098:com.android.vending/u0a49 (adj 15): empty #13
09-30 00:52:55.581  5491  5491 W ContextImpl: Calling a method in the system process without a qualified user: android.app.ContextImpl.startService:1221 android.content.ContextWrapper.startService:581 android.content.ContextWrapper.startService:581 com.motorola.bach.modemstats.ModemStatsReceiver.startDataStallDetectService:109 com.motorola.bach.modemstats.ModemStatsReceiver.startModemStatsService:98 
09-30 00:52:55.585  5491  5491 W ContextImpl: Calling a method in the system process without a qualified user: android.app.ContextImpl.startService:1221 android.content.ContextWrapper.startService:581 android.content.ContextWrapper.startService:581 com.motorola.bach.modemstats.ModemStatsReceiver.startModemStatsService:102 com.motorola.bach.modemstats.ModemStatsReceiver.onReceive:56 
09-30 00:52:55.600  1806  1826 I ActivityManager: Start proc 6515:com.motorola.contacts.preloadcontacts/u0a50 for broadcast com.motorola.contacts.preloadcontacts/.PreloadContactsReceiver
09-30 00:52:55.602  1806  4250 D WifiService: New client listening to asynchronous messages
09-30 00:52:55.672  1806  6049 I ActivityManager: Start proc 6532:com.android.settings/1000 for broadcast com.android.settings/.sim.SimSelectNotification
09-30 00:52:55.783  1806  5503 I ActivityManager: Start proc 6546:com.motorola.retail.settings.extensions/u0a53 for broadcast com.motorola.retail.settings.extensions/.SimStateChangedReceiver
09-30 00:52:55.784  1806  5503 I ActivityManager: Killing 5538:com.android.printspooler/u0a108 (adj 15): empty #13
09-30 00:52:55.879  1806  5503 I ActivityManager: Start proc 6559:com.android.sdm.plugins.sprintdm/1001 for broadcast com.android.sdm.plugins.sprintdm/.SprintDMReceiver
09-30 00:52:55.879  1806  5503 I ActivityManager: Killing 6180:com.motorola.storageoptimizer/9341 (adj 15): empty #13
09-30 00:52:55.949  1806  5503 I ActivityManager: Killing 6200:com.lenovo.FileBrowser2/u0a4 (adj 15): empty #13
09-30 00:52:56.012  1806  1823 I ActivityManager: Start proc 6571:com.motorola.config.wifi/u0a64 for broadcast com.motorola.config.wifi/.SimStateReceiver
09-30 00:52:56.078  1806  4828 I ActivityManager: Start proc 6583:com.verizon.omadm/u0a76 for broadcast com.verizon.omadm/.DmConfigReceiver
09-30 00:52:56.079  1806  4828 I ActivityManager: Killing 6216:com.google.android.music:main/u0a102 (adj 15): empty #13
09-30 00:52:56.152  1806  5487 I ActivityManager: Killing 6367:com.motorola.genie/u0a34 (adj 15): empty #13
09-30 00:52:56.159   488   699 I SFPerfTracer:      triggers: (rate: 0:3) (0 sw vsyncs) (0 skipped) (224:1699 vsyncs) (226:1819)
09-30 00:52:56.160   488   488 I SFPerfTracer:      triggers: (rate: 2:278) (compose: 0:8) (post: 0:0) (render: 0:6) (127:1460 frames) (128:1514)
09-30 00:52:56.160   488   488 D SFPerfTracer:        layers: (3:7) (FocusedStackFrame (0xb74f7568): 0:1)* (DimLayer (0xb74fa5e8): 0:12)* (DimLayer (0xb74fd290): 0:2)* (StatusBar (0xb74f3eb8): 92:343) (com.android.systemui.ImageWallpaper (0xb7511090): 0:46) (com.google.android.googlequicksearchbox/com.google.android.launcher.GEL (0xb75178b0): 83:183)* (NavigationBar (0xb7535ad8): 15:18) 
09-30 00:52:56.221  1806  1823 I ActivityManager: Start proc 6597:org.codeaurora.ims/1001 for broadcast org.codeaurora.ims/.ImsServiceAutoboot
09-30 00:52:56.286  1806  1859 W BroadcastQueue: Permission Denial: receiving Intent { act=android.cellbroadcastreceiver.CB_AREA_INFO_RECEIVED flg=0x10 (has extras) } to ProcessRecord{9a1555b 4802:com.android.systemui/u0a60} (pid=4802, uid=10060) requires android.permission.READ_PHONE_STATE due to sender com.android.cellbroadcastreceiver (uid 10017)
09-30 00:52:56.326  1806  1826 I ActivityManager: Killing 6389:com.android.chrome/u0a72 (adj 15): empty #13
09-30 00:52:56.432  1806  5529 I ActivityManager: Start proc 6617:com.facebook.orca/u0a124 for broadcast com.facebook.orca/com.facebook.messaging.business.calendar.CalendarSyncReceiver
09-30 00:52:56.672  4802  4802 V KeyguardDisplayManager: hide
09-30 00:52:56.688  1806  4246 D ConnectivityService: registerNetworkAgent NetworkAgentInfo{ ni{[type: WIFI[], state: CONNECTING/CONNECTING, reason: (unspecified), extra: "superman", roaming: false, failover: false, isAvailable: true]}  network{100}  lp{{LinkAddresses: []  Routes: [] DnsAddresses: [] Domains: null MTU: 0 TcpBufferSizes: 131072,262144,3145728,4096,221184,3145728}}  nc{[ Transports: WIFI Capabilities: INTERNET&NOT_RESTRICTED&TRUSTED&NOT_VPN LinkUpBandwidth>=1048576Kbps LinkDnBandwidth>=1048576Kbps]}  Score{20}  everValidated{false}  lastValidated{false}  created{false} lingering{false} explicitlySelected{false} acceptUnvalidated{false} everCaptivePortalDetected{false} lastCaptivePortalDetected{false} }
09-30 00:52:56.688  1806  4252 D ConnectivityService: NetworkAgentInfo [WIFI () - 100] EVENT_NETWORK_INFO_CHANGED, going from null to CONNECTING
09-30 00:52:56.746  1806  4252 D ConnectivityService: updateNetworkScore for NetworkAgentInfo [WIFI () - 100] to 60
09-30 00:52:56.774  1806  4242 D WifiP2pService: InactiveState{ when=0 what=143375 arg1=1 arg2=196615 obj=DhcpClient:
09-30 00:52:56.774  1806  4242 D WifiP2pService:  total records=1
09-30 00:52:56.774  1806  4242 D WifiP2pService:  rec[0]: time=09-30 00:52:56.739 processed=StoppedState org=StoppedState dest=WaitBeforeStartState what=196609(0x30001)
09-30 00:52:56.774  1806  4242 D WifiP2pService: curState=WaitBeforeStartState
09-30 00:52:56.774  1806  4242 D WifiP2pService:  target=com.android.internal.util.StateMachine$SmHandler }
09-30 00:52:56.775  1806  4242 D WifiP2pService: P2pEnabledState{ when=0 what=143375 arg1=1 arg2=196615 obj=DhcpClient:
09-30 00:52:56.775  1806  4242 D WifiP2pService:  total records=1
09-30 00:52:56.775  1806  4242 D WifiP2pService:  rec[0]: time=09-30 00:52:56.739 processed=StoppedState org=StoppedState dest=WaitBeforeStartState what=196609(0x30001)
09-30 00:52:56.775  1806  4242 D WifiP2pService: curState=WaitBeforeStartState
09-30 00:52:56.775  1806  4242 D WifiP2pService:  target=com.android.internal.util.StateMachine$SmHandler }
09-30 00:52:56.862  1806  4242 D WifiP2pService: InactiveState{ when=0 what=143375 target=com.android.internal.util.StateMachine$SmHandler }
09-30 00:52:56.862  1806  4242 D WifiP2pService: P2pEnabledState{ when=-1ms what=143375 target=com.android.internal.util.StateMachine$SmHandler }
09-30 00:52:56.872  1806  4252 D ConnectivityService: notifyType CAP_CHANGED for NetworkAgentInfo [WIFI () - 100]
09-30 00:52:56.872  1806  4252 D ConnectivityService: NetworkAgentInfo [WIFI () - 100] EVENT_NETWORK_INFO_CHANGED, going from CONNECTING to CONNECTED
09-30 00:52:56.893  1806  4252 D ConnectivityService: Adding iface wlan0 to network 100
09-30 00:52:56.906  1806  4180 D BatteryService: uevent={POWER_SUPPLY_TEMP=307, POWER_SUPPLY_STATUS=Charging, POWER_SUPPLY_CAPACITY=65, ACTION=change, DEVPATH=/devices/soc.0/qpnp-smbcharger-f6e04600/power_supply/battery, POWER_SUPPLY_AGE=98, POWER_SUPPLY_VOLTAGE_MAX=4350, SUBSYSTEM=power_supply, POWER_SUPPLY_NUM_SYSTEM_TEMP_LEVELS=8, POWER_SUPPLY_INPUT_CURRENT_MAX=1500000, POWER_SUPPLY_VOLTAGE_MAX_DESIGN=4350000, POWER_SUPPLY_CHARGE_FULL=2985000, POWER_SUPPLY_NAME=battery, POWER_SUPPLY_FLASH_CURRENT_MAX=1535095, POWER_SUPPLY_HEALTH=Good, POWER_SUPPLY_CYCLE_COUNT=0, POWER_SUPPLY_TECHNOLOGY=Li-ion, POWER_SUPPLY_CHARGE_TYPE=Fast, POWER_SUPPLY_CONSTANT_CHARGE_CURRENT_MAX=2500000, POWER_SUPPLY_PRESENT=1, POWER_SUPPLY_TEMP_HOTSPOT=0, POWER_SUPPLY_INPUT_CURRENT_SETTLED=0, POWER_SUPPLY_SAFETY_TIMER_ENABLED=0, POWER_SUPPLY_FLASH_ACTIVE=0, POWER_SUPPLY_VOLTAGE_NOW=3803383, SEQNUM=3649, POWER_SUPPLY_CHARGE_FULL_DESIGN=3029000, POWER_SUPPLY_CURRENT_NOW=929560, POWER_SUPPLY_CHARGE_COUNTER=1939910, POWER_SUPPLY_SYSTEM_TEMP_LEVEL=0, POWER_SUPPLY_CHARGE_RATE=Normal, POWER_SUPPLY_CHARGING_ENABLED=1, POWER_SUPPLY_BATTERY_CHARGING_ENABLED=1}
09-30 00:52:56.906  1806  5469 D BatteryService: Processing new values: chargerAcOnline=false, chargerUsbOnline=true, chargerWirelessOnline=false, maxChargingCurrent100000, batteryStatus=2, batteryHealth=2, batteryPresent=true, batteryLevel=65, batteryTechnology=Li-ion, batteryVoltage=3803, batteryTemperature=307, mBatteryLevelCritical=false, mPlugType=2, mChargeRate=1, modLevel=-1, modStatus=-1, modFlag=0
09-30 00:52:56.907  1806  5469 D BatteryService: Sending ACTION_BATTERY_CHANGED.  level:65, scale:100, status:2, health:2, present:true, voltage: 3803, temperature: 307, technology: Li-ion, AC powered:false, USB powered:true, Wireless powered:false, icon:17303122, invalid charger:0, maxChargingCurrent:100000, charge rate:1, MOD powered:false, mod level:-1, mod status:-1, mod flag:0
09-30 00:52:56.908  1806  4828 D BatteryService: Processing new values: chargerAcOnline=false, chargerUsbOnline=true, chargerWirelessOnline=false, maxChargingCurrent100000, batteryStatus=2, batteryHealth=2, batteryPresent=true, batteryLevel=65, batteryTechnology=Li-ion, batteryVoltage=3803, batteryTemperature=307, mBatteryLevelCritical=false, mPlugType=2, mChargeRate=1, modLevel=-1, modStatus=-1, modFlag=0
09-30 00:52:56.977  1806  4252 E ConnectivityService: Unexpected mtu value: 0, wlan0
09-30 00:52:56.977  1806  4252 D ConnectivityService: Adding Route [fe80::/64 -> :: wlan0] to network 100
09-30 00:52:56.981  1806  4252 D ConnectivityService: Adding Route [192.168.1.0/24 -> 0.0.0.0 wlan0] to network 100
09-30 00:52:56.984  1806  4252 D ConnectivityService: Adding Route [0.0.0.0/0 -> 192.168.1.1 wlan0] to network 100
09-30 00:52:56.987  1806  4252 D ConnectivityService: Setting Dns servers for network 100 to [/125.22.47.125, /125.22.47.100]
09-30 00:52:56.989  1806  4180 D BatteryService: uevent={POWER_SUPPLY_TEMP=307, POWER_SUPPLY_STATUS=Charging, POWER_SUPPLY_CAPACITY=65, ACTION=change, DEVPATH=/devices/soc.0/qpnp-smbcharger-f6e04600/power_supply/battery, POWER_SUPPLY_AGE=98, POWER_SUPPLY_VOLTAGE_MAX=4350, SUBSYSTEM=power_supply, POWER_SUPPLY_NUM_SYSTEM_TEMP_LEVELS=8, POWER_SUPPLY_INPUT_CURRENT_MAX=1500000, POWER_SUPPLY_VOLTAGE_MAX_DESIGN=4350000, POWER_SUPPLY_CHARGE_FULL=2985000, POWER_SUPPLY_NAME=battery, POWER_SUPPLY_FLASH_CURRENT_MAX=1535095, POWER_SUPPLY_HEALTH=Good, POWER_SUPPLY_CYCLE_COUNT=0, POWER_SUPPLY_TECHNOLOGY=Li-ion, POWER_SUPPLY_CHARGE_TYPE=Fast, POWER_SUPPLY_CONSTANT_CHARGE_CURRENT_MAX=2500000, POWER_SUPPLY_PRESENT=1, POWER_SUPPLY_TEMP_HOTSPOT=0, POWER_SUPPLY_INPUT_CURRENT_SETTLED=0, POWER_SUPPLY_SAFETY_TIMER_ENABLED=0, POWER_SUPPLY_FLASH_ACTIVE=0, POWER_SUPPLY_VOLTAGE_NOW=3803383, SEQNUM=3653, POWER_SUPPLY_CHARGE_FULL_DESIGN=3029000, POWER_SUPPLY_CURRENT_NOW=929560, POWER_SUPPLY_CHARGE_COUNTER=1939910, POWER_SUPPLY_SYSTEM_TEMP_LEVEL=0, POWER_SUPPLY_CHARGE_RATE=Normal, POWER_SUPPLY_CHARGING_ENABLED=1, POWER_SUPPLY_BATTERY_CHARGING_ENABLED=1}
09-30 00:52:56.991  1806  5487 D BatteryService: Processing new values: chargerAcOnline=false, chargerUsbOnline=true, chargerWirelessOnline=false, maxChargingCurrent100000, batteryStatus=2, batteryHealth=2, batteryPresent=true, batteryLevel=65, batteryTechnology=Li-ion, batteryVoltage=3803, batteryTemperature=307, mBatteryLevelCritical=false, mPlugType=2, mChargeRate=1, modLevel=-1, modStatus=-1, modFlag=0
09-30 00:52:56.991  1806  5487 D BatteryService: Processing new values: chargerAcOnline=false, chargerUsbOnline=true, chargerWirelessOnline=false, maxChargingCurrent100000, batteryStatus=2, batteryHealth=2, batteryPresent=true, batteryLevel=65, batteryTechnology=Li-ion, batteryVoltage=3803, batteryTemperature=307, mBatteryLevelCritical=false, mPlugType=2, mChargeRate=1, modLevel=-1, modStatus=-1, modFlag=0
09-30 00:52:57.019  1806  4252 D ConnectivityService: notifyType IP_CHANGED for NetworkAgentInfo [WIFI () - 100]
09-30 00:52:57.020  1806  4252 D ConnectivityService: scheduleUnvalidatedPrompt 100
09-30 00:52:57.020  1806  4252 D ConnectivityService: updateSignalStrengthThresholds: CONNECT, sending [] to NetworkAgentInfo [WIFI () - 100]
09-30 00:52:57.020  1806  4252 D ConnectivityService: rematch for NetworkAgentInfo [WIFI () - 100]
09-30 00:52:57.021  1806  4252 D ConnectivityService:    accepting network in place of null
09-30 00:52:57.022  1806  4252 D ConnectivityService: Switching to new default network: NetworkAgentInfo{ ni{[type: WIFI[], state: CONNECTED/CONNECTED, reason: (unspecified), extra: "superman", roaming: false, failover: false, isAvailable: true]}  network{100}  lp{{InterfaceName: wlan0 LinkAddresses: [192.168.1.3/24,]  Routes: [fe80::/64 -> :: wlan0,192.168.1.0/24 -> 0.0.0.0 wlan0,0.0.0.0/0 -> 192.168.1.1 wlan0,] DnsAddresses: [125.22.47.125,125.22.47.100,] Domains:  MTU: 0 TcpBufferSizes: 131072,262144,3145728,4096,221184,3145728}}  nc{[ Transports: WIFI Capabilities: INTERNET&NOT_RESTRICTED&TRUSTED&NOT_VPN LinkUpBandwidth>=1048576Kbps LinkDnBandwidth>=1048576Kbps SignalStrength: -39]}  Score{20}  everValidated{false}  lastValidated{false}  created{true} lingering{false} explicitlySelected{false} acceptUnvalidated{false} everCaptivePortalDetected{false} lastCaptivePortalDetected{false} }
09-30 00:52:57.174  1806  4180 D BatteryService: uevent={POWER_SUPPLY_TEMP=307, POWER_SUPPLY_STATUS=Charging, POWER_SUPPLY_CAPACITY=65, ACTION=change, DEVPATH=/devices/soc.0/qpnp-smbcharger-f6e04600/power_supply/battery, POWER_SUPPLY_AGE=98, POWER_SUPPLY_VOLTAGE_MAX=4350, SUBSYSTEM=power_supply, POWER_SUPPLY_NUM_SYSTEM_TEMP_LEVELS=8, POWER_SUPPLY_INPUT_CURRENT_MAX=1500000, POWER_SUPPLY_VOLTAGE_MAX_DESIGN=4350000, POWER_SUPPLY_CHARGE_FULL=2985000, POWER_SUPPLY_NAME=battery, POWER_SUPPLY_FLASH_CURRENT_MAX=1538383, POWER_SUPPLY_HEALTH=Good, POWER_SUPPLY_CYCLE_COUNT=0, POWER_SUPPLY_TECHNOLOGY=Li-ion, POWER_SUPPLY_CHARGE_TYPE=Fast, POWER_SUPPLY_CONSTANT_CHARGE_CURRENT_MAX=2500000, POWER_SUPPLY_PRESENT=1, POWER_SUPPLY_TEMP_HOTSPOT=0, POWER_SUPPLY_INPUT_CURRENT_SETTLED=0, POWER_SUPPLY_SAFETY_TIMER_ENABLED=0, POWER_SUPPLY_FLASH_ACTIVE=0, POWER_SUPPLY_VOLTAGE_NOW=3756844, SEQNUM=3656, POWER_SUPPLY_CHARGE_FULL_DESIGN=3029000, POWER_SUPPLY_CURRENT_NOW=1152031, POWER_SUPPLY_CHARGE_COUNTER=1939207, POWER_SUPPLY_SYSTEM_TEMP_LEVEL=0, POWER_SUPPLY_CHARGE_RATE=Normal, POWER_SUPPLY_CHARGING_ENABLED=1, POWER_SUPPLY_BATTERY_CHARGING_ENABLED=1}
09-30 00:52:57.176  1806  6051 D BatteryService: Processing new values: chargerAcOnline=false, chargerUsbOnline=true, chargerWirelessOnline=false, maxChargingCurrent100000, batteryStatus=2, batteryHealth=2, batteryPresent=true, batteryLevel=65, batteryTechnology=Li-ion, batteryVoltage=3756, batteryTemperature=307, mBatteryLevelCritical=false, mPlugType=2, mChargeRate=1, modLevel=-1, modStatus=-1, modFlag=0
09-30 00:52:57.176  1806  6051 D BatteryService: Sending ACTION_BATTERY_CHANGED.  level:65, scale:100, status:2, health:2, present:true, voltage: 3756, temperature: 307, technology: Li-ion, AC powered:false, USB powered:true, Wireless powered:false, icon:17303122, invalid charger:0, maxChargingCurrent:100000, charge rate:1, MOD powered:false, mod level:-1, mod status:-1, mod flag:0
09-30 00:52:57.192  1806  4252 D ConnectivityService: Setting tx/rx TCP buffers to 131072,262144,3145728,4096,221184,3145728
09-30 00:52:57.204  1806  4252 D CSLegacyTypeTracker: Sending CONNECTED broadcast for type 1 NetworkAgentInfo [WIFI () - 100] isDefaultNetwork=true
09-30 00:52:57.204  1806  4252 D ConnectivityService: sendStickyBroadcast: action=android.net.conn.CONNECTIVITY_CHANGE
09-30 00:52:57.206  1806  4252 D ConnectivityService: notifyType PRECHECK for NetworkAgentInfo [WIFI () - 100]
09-30 00:52:57.252  1806  4252 D ConnectivityService: setProvNotificationVisibleIntent null visible=false networkType=MOBILE extraInfo=null highPriority=false
09-30 00:52:57.252  1806  4252 D ConnectivityService: NetworkAgentInfo [WIFI () - 100] validation  passed
09-30 00:52:57.252  1806  4252 D ConnectivityService: notifyType CAP_CHANGED for NetworkAgentInfo [WIFI () - 100]
09-30 00:52:57.258  1806  4252 D ConnectivityService: sendStickyBroadcast: action=android.net.conn.INET_CONDITION_ACTION
09-30 00:52:57.337  1806  4183 W ContextImpl: Calling a method in the system process without a qualified user: android.app.ContextImpl.sendBroadcast:763 com.android.server.AlarmManagerService$AlarmThread.run:2260 <bottom of call stack> <bottom of call stack> <bottom of call stack> 
09-30 00:52:57.466  1806  4180 D BatteryService: uevent={POWER_SUPPLY_TEMP=307, POWER_SUPPLY_STATUS=Charging, POWER_SUPPLY_CAPACITY=65, ACTION=change, DEVPATH=/devices/soc.0/qpnp-smbcharger-f6e04600/power_supply/battery, POWER_SUPPLY_AGE=98, POWER_SUPPLY_VOLTAGE_MAX=4350, SUBSYSTEM=power_supply, POWER_SUPPLY_NUM_SYSTEM_TEMP_LEVELS=8, POWER_SUPPLY_INPUT_CURRENT_MAX=1500000, POWER_SUPPLY_VOLTAGE_MAX_DESIGN=4350000, POWER_SUPPLY_CHARGE_FULL=2985000, POWER_SUPPLY_NAME=battery, POWER_SUPPLY_FLASH_CURRENT_MAX=1906160, POWER_SUPPLY_HEALTH=Good, POWER_SUPPLY_CYCLE_COUNT=0, POWER_SUPPLY_TECHNOLOGY=Li-ion, POWER_SUPPLY_CHARGE_TYPE=Fast, POWER_SUPPLY_CONSTANT_CHARGE_CURRENT_MAX=2500000, POWER_SUPPLY_PRESENT=1, POWER_SUPPLY_TEMP_HOTSPOT=0, POWER_SUPPLY_INPUT_CURRENT_SETTLED=0, POWER_SUPPLY_SAFETY_TIMER_ENABLED=0, POWER_SUPPLY_FLASH_ACTIVE=0, POWER_SUPPLY_VOLTAGE_NOW=3756844, SEQNUM=3658, POWER_SUPPLY_CHARGE_FULL_DESIGN=3029000, POWER_SUPPLY_CURRENT_NOW=1152031, POWER_SUPPLY_CHARGE_COUNTER=1939207, POWER_SUPPLY_SYSTEM_TEMP_LEVEL=0, POWER_SUPPLY_CHARGE_RATE=Normal, POWER_SUPPLY_CHARGING_ENABLED=1, POWER_SUPPLY_BATTERY_CHARGING_ENABLED=1}
09-30 00:52:57.468  1806  5469 D BatteryService: Processing new values: chargerAcOnline=false, chargerUsbOnline=true, chargerWirelessOnline=false, maxChargingCurrent500000, batteryStatus=2, batteryHealth=2, batteryPresent=true, batteryLevel=65, batteryTechnology=Li-ion, batteryVoltage=3756, batteryTemperature=307, mBatteryLevelCritical=false, mPlugType=2, mChargeRate=1, modLevel=-1, modStatus=-1, modFlag=0
09-30 00:52:57.468  1806  5469 D BatteryService: Sending ACTION_BATTERY_CHANGED.  level:65, scale:100, status:2, health:2, present:true, voltage: 3756, temperature: 307, technology: Li-ion, AC powered:false, USB powered:true, Wireless powered:false, icon:17303122, invalid charger:0, maxChargingCurrent:500000, charge rate:1, MOD powered:false, mod level:-1, mod status:-1, mod flag:0
09-30 00:52:57.472  1806  5524 D BatteryService: Processing new values: chargerAcOnline=false, chargerUsbOnline=true, chargerWirelessOnline=false, maxChargingCurrent500000, batteryStatus=2, batteryHealth=2, batteryPresent=true, batteryLevel=65, batteryTechnology=Li-ion, batteryVoltage=3756, batteryTemperature=307, mBatteryLevelCritical=false, mPlugType=2, mChargeRate=1, modLevel=-1, modStatus=-1, modFlag=0
09-30 00:52:57.495  1806  5503 D WifiService: acquireWifiLockLocked: WifiLock{NlpWifiLock type=2 binder=android.os.BinderProxy@6edfc59}
09-30 00:52:57.596  1806  5469 D WifiService: releaseWifiLockLocked: WifiLock{NlpWifiLock type=2 binder=android.os.BinderProxy@6edfc59}
09-30 00:52:57.717  1806  4252 D ConnectivityService: notifyType IP_CHANGED for NetworkAgentInfo [WIFI () - 100]
09-30 00:52:57.718  1806  4252 D ConnectivityService: Adding Route [::/0 -> fe80::ed2:b5ff:fe10:58f4 wlan0] to network 100
09-30 00:52:57.732  1806  4252 D ConnectivityService: notifyType IP_CHANGED for NetworkAgentInfo [WIFI () - 100]
09-30 00:52:57.878   488   699 I SFPerfTracer:      triggers: (rate: 0:3) (0 sw vsyncs) (0 skipped) (67:1797 vsyncs) (69:1921)
09-30 00:52:58.004  1806  1826 I ActivityManager: Start proc 6740:com.google.android.calendar/u0a69 for broadcast com.google.android.calendar/com.android.calendar.alerts.AlertReceiver
09-30 00:52:58.709  1806  6787 I ActivityManager: Start proc 6789:com.android.keychain/1000 for service com.android.keychain/.KeyChainService
09-30 00:52:58.718  5504  5504 D MccTable: updateMccMncConfiguration mccmnc='40445' fromServiceState=false
09-30 00:52:58.727  5504  5504 D MccTable: updateMccMncConfiguration defaultMccMnc=40445
09-30 00:52:58.727  5504  5504 D MccTable: updateMccMncConfiguration: mcc=404, mnc=45
09-30 00:52:58.727  5504  5504 D MccTable: updateMccMncConfiguration updateConfig config={1.0 404mcc45mnc ?locale ?layoutDir ?swdp ?wdp ?hdp ?density ?lsize ?long ?orien ?uimode ?night ?touch ?keyb/?/? ?nav/??spn}
09-30 00:52:58.733  1806  6794 I BootReceiver: Copying audit failures to DropBox
09-30 00:52:58.733  1806  6794 I BootReceiver: Checking for fsck errors
09-30 00:52:58.787  5504  5504 D MccTable: updateMccMncConfiguration mccmnc='40472' fromServiceState=false
09-30 00:52:58.789  5504  5504 D MccTable: updateMccMncConfiguration defaultMccMnc=40445
09-30 00:52:58.789  5504  5504 D MccTable: updateMccMncConfiguration: mcc=404, mnc=72
09-30 00:52:58.789  5504  5504 D MccTable: updateMccMncConfiguration updateConfig config={1.0 404mcc72mnc ?locale ?layoutDir ?swdp ?wdp ?hdp ?density ?lsize ?long ?orien ?uimode ?night ?touch ?keyb/?/? ?nav/??spn}
09-30 00:52:58.790  1806  4879 I ActivityManager: Config changes=2 {1.0 404mcc72mnc en_IN ldltr sw360dp w360dp h568dp 480dpi nrml port finger -keyb/v/h -nav/h s.8?spn}
09-30 00:52:58.850   488   488 I SFPerfTracer:      triggers: (rate: 2:279) (compose: 0:8) (post: 0:0) (render: 0:6) (69:1560 frames) (70:1618)
09-30 00:52:58.850   488   488 D SFPerfTracer:        layers: (4:7) (FocusedStackFrame (0xb74f7568): 0:3)* (DimLayer (0xb74fa5e8): 0:12)* (DimLayer (0xb74fd290): 0:2)* (StatusBar (0xb74f3eb8): 29:406) (com.android.systemui.ImageWallpaper (0xb7511090): 0:48) (com.google.android.googlequicksearchbox/com.google.android.launcher.GEL (0xb75178b0): 60:245) (NavigationBar (0xb7535ad8): 13:31) 
09-30 00:52:58.936  1806  1826 I BroadcastQueue: Delay finish: com.facebook.orca/com.facebook.push.mqtt.receiver.BootCompleteBroadcastReceiver
09-30 00:52:58.946  1806  6051 I BroadcastQueue: Resuming delayed broadcast
09-30 00:52:58.963  1806  6051 I ActivityManager: Start proc 6814:com.android.dialer/u0a22 for broadcast com.android.dialer/.calllog.CallLogReceiver
09-30 00:52:59.043  1806  4879 I ActivityManager: Killing 6402:com.google.android.apps.photos/u0a107 (adj 15): empty #13
09-30 00:52:59.359  1806  6808 I ActivityManager: Killing 6454:com.motorola.retailconfig/u0a9 (adj 15): empty #13
09-30 00:52:59.424  1806  1897 I WindowManager: Screen frozen for +612ms due to Window{c6be903 u0 com.google.android.googlequicksearchbox/com.google.android.launcher.GEL}
09-30 00:52:59.562  1806  4828 D ConnectivityService: listenForNetwork for Listen from uid/pid:10061/5644 for NetworkRequest [ id=5, legacyType=-1, [ Capabilities: INTERNET&NOT_RESTRICTED&TRUSTED] ]
09-30 00:52:59.745  1806  4252 D ConnectivityService: notifyType CAP_CHANGED for NetworkAgentInfo [WIFI () - 100]
09-30 00:52:59.790  1806  4828 I Telecom : PhoneAccountRegistrar: [ComponentInfo{com.android.phone/com.android.services.telephony.TelephonyConnectionService}, [75f166d8c6eee929dbf95b7321a458b007bc637e], UserHandle{0}(icon: Icon(typ=BITMAP size=72x72) -> Icon(typ=BITMAP size=72x72))]
09-30 00:52:59.803  1806  4828 W ContextImpl: Calling a method in the system process without a qualified user: android.app.ContextImpl.sendBroadcast:763 android.content.ContextWrapper.sendBroadcast:396 com.android.server.telecom.PhoneAccountRegistrar.fireAccountsChanged:659 com.android.server.telecom.PhoneAccountRegistrar.addOrReplacePhoneAccount:587 com.android.server.telecom.PhoneAccountRegistrar.registerPhoneAccount:554 
09-30 00:52:59.803  1806  4828 I Telecom : : Sending phone-account intent as user
09-30 00:52:59.858  1806  6049 I Telecom : PhoneAccountRegistrar: [ComponentInfo{com.android.phone/com.android.services.telephony.TelephonyConnectionService}, [280b2441240936f61af17614a9e21e637f9b4141], UserHandle{0}(icon: Icon(typ=BITMAP size=72x72) -> Icon(typ=BITMAP size=72x72))(lbl: BSNL MOBILE -> SIM2)]
09-30 00:52:59.872  1806  6049 W ContextImpl: Calling a method in the system process without a qualified user: android.app.ContextImpl.sendBroadcast:763 android.content.ContextWrapper.sendBroadcast:396 com.android.server.telecom.PhoneAccountRegistrar.fireAccountsChanged:659 com.android.server.telecom.PhoneAccountRegistrar.addOrReplacePhoneAccount:587 com.android.server.telecom.PhoneAccountRegistrar.registerPhoneAccount:554 
09-30 00:52:59.872  1806  6049 I Telecom : : Sending phone-account intent as user
09-30 00:52:59.886  1806  1823 W Telecom : : No account found for the calling user
09-30 00:53:00.000  1806  4183 V AlarmManager: sending alarm {acea582 type 3 *alarm*:android.intent.action.TIME_TICK}
09-30 00:53:00.036  1806  5529 I Telecom : PhoneAccountRegistrar: [ComponentInfo{com.android.phone/com.android.services.telephony.TelephonyConnectionService}, [75f166d8c6eee929dbf95b7321a458b007bc637e], UserHandle{0}(icon: Icon(typ=BITMAP size=72x72) -> Icon(typ=BITMAP size=72x72))]
09-30 00:53:00.054  1806  5529 W ContextImpl: Calling a method in the system process without a qualified user: android.app.ContextImpl.sendBroadcast:763 android.content.ContextWrapper.sendBroadcast:396 com.android.server.telecom.PhoneAccountRegistrar.fireAccountsChanged:659 com.android.server.telecom.PhoneAccountRegistrar.addOrReplacePhoneAccount:587 com.android.server.telecom.PhoneAccountRegistrar.registerPhoneAccount:554 
09-30 00:53:00.058  1806  5529 I Telecom : : Sending phone-account intent as user
09-30 00:53:00.103  1806  1806 V AlarmManager: done {acea582, *alarm*:android.intent.action.TIME_TICK} [103ms]
09-30 00:53:00.113  1806  4879 I Telecom : PhoneAccountRegistrar: [ComponentInfo{com.android.phone/com.android.services.telephony.TelephonyConnectionService}, [280b2441240936f61af17614a9e21e637f9b4141], UserHandle{0}(icon: Icon(typ=BITMAP size=72x72) -> Icon(typ=BITMAP size=72x72))]
09-30 00:53:00.138  1806  4879 W ContextImpl: Calling a method in the system process without a qualified user: android.app.ContextImpl.sendBroadcast:763 android.content.ContextWrapper.sendBroadcast:396 com.android.server.telecom.PhoneAccountRegistrar.fireAccountsChanged:659 com.android.server.telecom.PhoneAccountRegistrar.addOrReplacePhoneAccount:587 com.android.server.telecom.PhoneAccountRegistrar.registerPhoneAccount:554 
09-30 00:53:00.138  1806  4879 I Telecom : : Sending phone-account intent as user
09-30 00:53:00.153  1806  6051 W Telecom : : No account found for the calling user
09-30 00:53:00.375  1806  4246 D CountryDetector: The first listener is added
09-30 00:53:00.389  1806  1826 I ActivityManager: Start proc 6901:com.google.android.marvin.talkback/u0a115 for broadcast com.google.android.marvin.talkback/com.android.talkback.BootReceiver
09-30 00:53:00.540  1806  6061 I ActivityManager: Start proc 6917:com.motorola.ccc/u0a10 for broadcast com.motorola.ccc.checkin/com.motorola.blur.service.blur.StartupReceiver
09-30 00:53:00.541  1806  6061 I ActivityManager: Killing 6484:com.motorola.coresettingsext/u0a19 (adj 15): empty #13
09-30 00:53:00.663  1806  4879 I Telecom : PhoneAccountRegistrar: [ComponentInfo{com.android.phone/com.android.services.telephony.TelephonyConnectionService}, [75f166d8c6eee929dbf95b7321a458b007bc637e], UserHandle{0}(icon: Icon(typ=BITMAP size=72x72) -> Icon(typ=BITMAP size=72x72))]
09-30 00:53:00.675  1806  4879 W ContextImpl: Calling a method in the system process without a qualified user: android.app.ContextImpl.sendBroadcast:763 android.content.ContextWrapper.sendBroadcast:396 com.android.server.telecom.PhoneAccountRegistrar.fireAccountsChanged:659 com.android.server.telecom.PhoneAccountRegistrar.addOrReplacePhoneAccount:587 com.android.server.telecom.PhoneAccountRegistrar.registerPhoneAccount:554 
09-30 00:53:00.676  1806  4879 I Telecom : : Sending phone-account intent as user
09-30 00:53:00.733  1806  1826 I Telecom : PhoneAccountRegistrar: [ComponentInfo{com.android.phone/com.android.services.telephony.TelephonyConnectionService}, [280b2441240936f61af17614a9e21e637f9b4141], UserHandle{0}(icon: Icon(typ=BITMAP size=72x72) -> Icon(typ=BITMAP size=72x72))]
09-30 00:53:00.745  1806  1826 W ContextImpl: Calling a method in the system process without a qualified user: android.app.ContextImpl.sendBroadcast:763 android.content.ContextWrapper.sendBroadcast:396 com.android.server.telecom.PhoneAccountRegistrar.fireAccountsChanged:659 com.android.server.telecom.PhoneAccountRegistrar.addOrReplacePhoneAccount:587 com.android.server.telecom.PhoneAccountRegistrar.registerPhoneAccount:554 
09-30 00:53:00.745  1806  1826 I Telecom : : Sending phone-account intent as user
09-30 00:53:00.758  1806  5469 W Telecom : : No account found for the calling user
09-30 00:53:00.846  1806  6808 I Telecom : PhoneAccountRegistrar: [ComponentInfo{com.android.phone/com.android.services.telephony.TelephonyConnectionService}, [75f166d8c6eee929dbf95b7321a458b007bc637e], UserHandle{0}(icon: Icon(typ=BITMAP size=72x72) -> Icon(typ=BITMAP size=72x72))]
09-30 00:53:00.857  1806  6808 W ContextImpl: Calling a method in the system process without a qualified user: android.app.ContextImpl.sendBroadcast:763 android.content.ContextWrapper.sendBroadcast:396 com.android.server.telecom.PhoneAccountRegistrar.fireAccountsChanged:659 com.android.server.telecom.PhoneAccountRegistrar.addOrReplacePhoneAccount:587 com.android.server.telecom.PhoneAccountRegistrar.registerPhoneAccount:554 
09-30 00:53:00.857  1806  6808 I Telecom : : Sending phone-account intent as user
09-30 00:53:00.897  1806  6061 I Telecom : PhoneAccountRegistrar: [ComponentInfo{com.android.phone/com.android.services.telephony.TelephonyConnectionService}, [280b2441240936f61af17614a9e21e637f9b4141], UserHandle{0}(icon: Icon(typ=BITMAP size=72x72) -> Icon(typ=BITMAP size=72x72))]
09-30 00:53:00.908  1806  6061 W ContextImpl: Calling a method in the system process without a qualified user: android.app.ContextImpl.sendBroadcast:763 android.content.ContextWrapper.sendBroadcast:396 com.android.server.telecom.PhoneAccountRegistrar.fireAccountsChanged:659 com.android.server.telecom.PhoneAccountRegistrar.addOrReplacePhoneAccount:587 com.android.server.telecom.PhoneAccountRegistrar.registerPhoneAccount:554 
09-30 00:53:00.910  1806  6061 I Telecom : : Sending phone-account intent as user
09-30 00:53:00.925  1806  1823 W Telecom : : No account found for the calling user
09-30 00:53:00.990  1806  1826 I Telecom : PhoneAccountRegistrar: [ComponentInfo{com.android.phone/com.android.services.telephony.TelephonyConnectionService}, [75f166d8c6eee929dbf95b7321a458b007bc637e], UserHandle{0}(icon: Icon(typ=BITMAP size=72x72) -> Icon(typ=BITMAP size=72x72))]
09-30 00:53:01.000  1806  1826 W ContextImpl: Calling a method in the system process without a qualified user: android.app.ContextImpl.sendBroadcast:763 android.content.ContextWrapper.sendBroadcast:396 com.android.server.telecom.PhoneAccountRegistrar.fireAccountsChanged:659 com.android.server.telecom.PhoneAccountRegistrar.addOrReplacePhoneAccount:587 com.android.server.telecom.PhoneAccountRegistrar.registerPhoneAccount:554 
09-30 00:53:01.000  1806  1826 I Telecom : : Sending phone-account intent as user
09-30 00:53:01.005  1806  6049 I Telecom : PhoneAccountRegistrar: [ComponentInfo{com.android.phone/com.android.services.telephony.TelephonyConnectionService}, [280b2441240936f61af17614a9e21e637f9b4141], UserHandle{0}(icon: Icon(typ=BITMAP size=72x72) -> Icon(typ=BITMAP size=72x72))]
09-30 00:53:01.014  1806  6049 W ContextImpl: Calling a method in the system process without a qualified user: android.app.ContextImpl.sendBroadcast:763 android.content.ContextWrapper.sendBroadcast:396 com.android.server.telecom.PhoneAccountRegistrar.fireAccountsChanged:659 com.android.server.telecom.PhoneAccountRegistrar.addOrReplacePhoneAccount:587 com.android.server.telecom.PhoneAccountRegistrar.registerPhoneAccount:554 
09-30 00:53:01.014  1806  6049 I Telecom : : Sending phone-account intent as user
09-30 00:53:01.019  1806  5487 I Telecom : PhoneAccountRegistrar: [ComponentInfo{com.android.phone/com.android.services.telephony.TelephonyConnectionService}, [75f166d8c6eee929dbf95b7321a458b007bc637e], UserHandle{0}(icon: Icon(typ=BITMAP size=72x72) -> Icon(typ=BITMAP size=72x72))]
09-30 00:53:01.029  1806  5487 W ContextImpl: Calling a method in the system process without a qualified user: android.app.ContextImpl.sendBroadcast:763 android.content.ContextWrapper.sendBroadcast:396 com.android.server.telecom.PhoneAccountRegistrar.fireAccountsChanged:659 com.android.server.telecom.PhoneAccountRegistrar.addOrReplacePhoneAccount:587 com.android.server.telecom.PhoneAccountRegistrar.registerPhoneAccount:554 
09-30 00:53:01.029  1806  5487 I Telecom : : Sending phone-account intent as user
09-30 00:53:01.033  1806  1823 I Telecom : PhoneAccountRegistrar: [ComponentInfo{com.android.phone/com.android.services.telephony.TelephonyConnectionService}, [280b2441240936f61af17614a9e21e637f9b4141], UserHandle{0}(icon: Icon(typ=BITMAP size=72x72) -> Icon(typ=BITMAP size=72x72))]
09-30 00:53:01.042  1806  1823 W ContextImpl: Calling a method in the system process without a qualified user: android.app.ContextImpl.sendBroadcast:763 android.content.ContextWrapper.sendBroadcast:396 com.android.server.telecom.PhoneAccountRegistrar.fireAccountsChanged:659 com.android.server.telecom.PhoneAccountRegistrar.addOrReplacePhoneAccount:587 com.android.server.telecom.PhoneAccountRegistrar.registerPhoneAccount:554 
09-30 00:53:01.043  1806  1823 I Telecom : : Sending phone-account intent as user
09-30 00:53:01.047  1806  5469 I Telecom : PhoneAccountRegistrar: [ComponentInfo{com.android.phone/com.android.services.telephony.TelephonyConnectionService}, [75f166d8c6eee929dbf95b7321a458b007bc637e], UserHandle{0}(icon: Icon(typ=BITMAP size=72x72) -> Icon(typ=BITMAP size=72x72))]
09-30 00:53:01.057  1806  5469 W ContextImpl: Calling a method in the system process without a qualified user: android.app.ContextImpl.sendBroadcast:763 android.content.ContextWrapper.sendBroadcast:396 com.android.server.telecom.PhoneAccountRegistrar.fireAccountsChanged:659 com.android.server.telecom.PhoneAccountRegistrar.addOrReplacePhoneAccount:587 com.android.server.telecom.PhoneAccountRegistrar.registerPhoneAccount:554 
09-30 00:53:01.057  1806  5469 I Telecom : : Sending phone-account intent as user
09-30 00:53:01.061  1806  5529 I Telecom : PhoneAccountRegistrar: [ComponentInfo{com.android.phone/com.android.services.telephony.TelephonyConnectionService}, [280b2441240936f61af17614a9e21e637f9b4141], UserHandle{0}(icon: Icon(typ=BITMAP size=72x72) -> Icon(typ=BITMAP size=72x72))]
09-30 00:53:01.072  1806  5529 W ContextImpl: Calling a method in the system process without a qualified user: android.app.ContextImpl.sendBroadcast:763 android.content.ContextWrapper.sendBroadcast:396 com.android.server.telecom.PhoneAccountRegistrar.fireAccountsChanged:659 com.android.server.telecom.PhoneAccountRegistrar.addOrReplacePhoneAccount:587 com.android.server.telecom.PhoneAccountRegistrar.registerPhoneAccount:554 
09-30 00:53:01.072  1806  5529 I Telecom : : Sending phone-account intent as user
09-30 00:53:01.079  1806  5524 I Telecom : PhoneAccountRegistrar: [ComponentInfo{com.android.phone/com.android.services.telephony.TelephonyConnectionService}, [75f166d8c6eee929dbf95b7321a458b007bc637e], UserHandle{0}(icon: Icon(typ=BITMAP size=72x72) -> Icon(typ=BITMAP size=72x72))]
09-30 00:53:01.092  1806  5524 W ContextImpl: Calling a method in the system process without a qualified user: android.app.ContextImpl.sendBroadcast:763 android.content.ContextWrapper.sendBroadcast:396 com.android.server.telecom.PhoneAccountRegistrar.fireAccountsChanged:659 com.android.server.telecom.PhoneAccountRegistrar.addOrReplacePhoneAccount:587 com.android.server.telecom.PhoneAccountRegistrar.registerPhoneAccount:554 
09-30 00:53:01.092  1806  5524 I Telecom : : Sending phone-account intent as user
09-30 00:53:01.099  1806  4879 I Telecom : PhoneAccountRegistrar: [ComponentInfo{com.android.phone/com.android.services.telephony.TelephonyConnectionService}, [280b2441240936f61af17614a9e21e637f9b4141], UserHandle{0}(icon: Icon(typ=BITMAP size=72x72) -> Icon(typ=BITMAP size=72x72))]
09-30 00:53:01.110  1806  4879 W ContextImpl: Calling a method in the system process without a qualified user: android.app.ContextImpl.sendBroadcast:763 android.content.ContextWrapper.sendBroadcast:396 com.android.server.telecom.PhoneAccountRegistrar.fireAccountsChanged:659 com.android.server.telecom.PhoneAccountRegistrar.addOrReplacePhoneAccount:587 com.android.server.telecom.PhoneAccountRegistrar.registerPhoneAccount:554 
09-30 00:53:01.110  1806  4879 I Telecom : : Sending phone-account intent as user
09-30 00:53:01.127  1806  1806 I Telecom : PhoneAccountRegistrar: SimCallManager queried, returning: null
09-30 00:53:01.145  5504  5504 D MccTable: updateMccMncConfiguration mccmnc='40445' fromServiceState=false
09-30 00:53:01.145  5504  5504 D MccTable: updateMccMncConfiguration defaultMccMnc=40445
09-30 00:53:01.146  5504  5504 D MccTable: updateMccMncConfiguration: mcc=404, mnc=45
09-30 00:53:01.146  5504  5504 D MccTable: updateMccMncConfiguration updateConfig config={1.0 404mcc45mnc ?locale ?layoutDir ?swdp ?wdp ?hdp ?density ?lsize ?long ?orien ?uimode ?night ?touch ?keyb/?/? ?nav/??spn}
09-30 00:53:01.146  1806  5469 I ActivityManager: Config changes=2 {1.0 404mcc45mnc en_IN ldltr sw360dp w360dp h568dp 480dpi nrml port finger -keyb/v/h -nav/h s.9?spn}
09-30 00:53:01.237  5504  5504 D MccTable: updateMccMncConfiguration mccmnc='40472' fromServiceState=false
09-30 00:53:01.240  5504  5504 D MccTable: updateMccMncConfiguration defaultMccMnc=40445
09-30 00:53:01.240  5504  5504 D MccTable: updateMccMncConfiguration: mcc=404, mnc=72
09-30 00:53:01.240  5504  5504 D MccTable: updateMccMncConfiguration updateConfig config={1.0 404mcc72mnc ?locale ?layoutDir ?swdp ?wdp ?hdp ?density ?lsize ?long ?orien ?uimode ?night ?touch ?keyb/?/? ?nav/??spn}
09-30 00:53:01.240  1806  6809 I ActivityManager: Config changes=2 {1.0 404mcc72mnc en_IN ldltr sw360dp w360dp h568dp 480dpi nrml port finger -keyb/v/h -nav/h s.10?spn}
09-30 00:53:01.537  5504  5504 D MccTable: updateMccMncConfiguration mccmnc='40472' fromServiceState=false
09-30 00:53:01.539  5504  5504 D MccTable: updateMccMncConfiguration defaultMccMnc=40445
09-30 00:53:01.539  5504  5504 D MccTable: updateMccMncConfiguration: mcc=404, mnc=72
09-30 00:53:01.539  5504  5504 D MccTable: updateMccMncConfiguration updateConfig config={1.0 404mcc72mnc ?locale ?layoutDir ?swdp ?wdp ?hdp ?density ?lsize ?long ?orien ?uimode ?night ?touch ?keyb/?/? ?nav/??spn}
09-30 00:53:01.610  1806  4828 I BroadcastQueue: Delay finish: com.motorola.ccc.devicemanagement/.DeviceAdminPushReceiver
09-30 00:53:01.843  1806  5469 I Telecom : PhoneAccountRegistrar: [ComponentInfo{com.android.phone/com.android.services.telephony.TelephonyConnectionService}, [75f166d8c6eee929dbf95b7321a458b007bc637e], UserHandle{0}(icon: Icon(typ=BITMAP size=72x72) -> Icon(typ=BITMAP size=72x72))]
09-30 00:53:01.859  1806  5469 W ContextImpl: Calling a method in the system process without a qualified user: android.app.ContextImpl.sendBroadcast:763 android.content.ContextWrapper.sendBroadcast:396 com.android.server.telecom.PhoneAccountRegistrar.fireAccountsChanged:659 com.android.server.telecom.PhoneAccountRegistrar.addOrReplacePhoneAccount:587 com.android.server.telecom.PhoneAccountRegistrar.registerPhoneAccount:554 
09-30 00:53:01.859  1806  5469 I Telecom : : Sending phone-account intent as user
09-30 00:53:01.907  1806  5524 I Telecom : PhoneAccountRegistrar: [ComponentInfo{com.android.phone/com.android.services.telephony.TelephonyConnectionService}, [280b2441240936f61af17614a9e21e637f9b4141], UserHandle{0}(icon: Icon(typ=BITMAP size=72x72) -> Icon(typ=BITMAP size=72x72))]
09-30 00:53:01.918  1806  5524 W ContextImpl: Calling a method in the system process without a qualified user: android.app.ContextImpl.sendBroadcast:763 android.content.ContextWrapper.sendBroadcast:396 com.android.server.telecom.PhoneAccountRegistrar.fireAccountsChanged:659 com.android.server.telecom.PhoneAccountRegistrar.addOrReplacePhoneAccount:587 com.android.server.telecom.PhoneAccountRegistrar.registerPhoneAccount:554 
09-30 00:53:01.919  1806  5524 I Telecom : : Sending phone-account intent as user
09-30 00:53:01.932  1806  5524 W Telecom : : No account found for the calling user
09-30 00:53:01.942  1806  1897 I WindowManager: Screen frozen for +790ms due to Window{ec503ba u0 com.google.android.googlequicksearchbox/com.google.android.launcher.GEL}
09-30 00:53:02.125   488   488 I SFPerfTracer:      triggers: (rate: 2:287) (compose: 0:8) (post: 0:0) (render: 0:6) (9:1633 frames) (10:1723)
09-30 00:53:02.125   488   488 D SFPerfTracer:        layers: (5:20) (FocusedStackFrame (0xb74f7568): 0:9)* (DimLayer (0xb74fa5e8): 0:12)* (DimLayer (0xb74fd290): 0:2)* (StatusBar (0xb74f3eb8): 0:417) (com.android.systemui.ImageWallpaper (0xb7511090): 1:53) (com.google.android.googlequicksearchbox/com.google.android.launcher.GEL (0xb75178b0): 0:245)- (NavigationBar (0xb7535ad8): 0:36) (ScreenshotSurface (0xb750aaa0): 0:15)- (com.google.android.googlequicksearchbox/com.google.android.launcher.GEL (0xb75178b0): 0:62)- (BlackSurface (0xb750d060): 0:14)- (BlackSurface (0xb7500c50): 0:14)- (BlackSurface (0xb75069f8): 0:14)- (BlackSurface (0xb75083b0): 0:14)- (ScreenshotSurface (0xb750aaa0): 9:11) (com.google.android.googlequicksearchbox/com.google.android.launcher.GEL (0xb75178b0): 0:2)- (com.google.android.googlequicksearchbox/com.google.android.launcher.GEL (0xb75178b0): 6:9) (BlackSurface (0xb750d060): 10:10)* (BlackSurface (0xb7500c50): 10:10)* (BlackSurface (0xb7501f18): 10:10)* (BlackSurface (0xb751e388): 10:10)* 
09-30 00:53:02.284  1806  5469 I Telecom : PhoneAccountRegistrar: [ComponentInfo{com.android.phone/com.android.services.telephony.TelephonyConnectionService}, [75f166d8c6eee929dbf95b7321a458b007bc637e], UserHandle{0}(icon: Icon(typ=BITMAP size=72x72) -> Icon(typ=BITMAP size=72x72))]
09-30 00:53:02.297  1806  5469 W ContextImpl: Calling a method in the system process without a qualified user: android.app.ContextImpl.sendBroadcast:763 android.content.ContextWrapper.sendBroadcast:396 com.android.server.telecom.PhoneAccountRegistrar.fireAccountsChanged:659 com.android.server.telecom.PhoneAccountRegistrar.addOrReplacePhoneAccount:587 com.android.server.telecom.PhoneAccountRegistrar.registerPhoneAccount:554 
09-30 00:53:02.298  1806  5469 I Telecom : : Sending phone-account intent as user
09-30 00:53:02.345  1806  5529 I Telecom : PhoneAccountRegistrar: [ComponentInfo{com.android.phone/com.android.services.telephony.TelephonyConnectionService}, [280b2441240936f61af17614a9e21e637f9b4141], UserHandle{0}(icon: Icon(typ=BITMAP size=72x72) -> Icon(typ=BITMAP size=72x72))]
09-30 00:53:02.355  1806  4183 V AlarmManager: sending alarm {bed4af6 type 2 *walarm*:com.android.providers.calendar.intent.CalendarProvider2}
09-30 00:53:02.356  1806  5529 W ContextImpl: Calling a method in the system process without a qualified user: android.app.ContextImpl.sendBroadcast:763 android.content.ContextWrapper.sendBroadcast:396 com.android.server.telecom.PhoneAccountRegistrar.fireAccountsChanged:659 com.android.server.telecom.PhoneAccountRegistrar.addOrReplacePhoneAccount:587 com.android.server.telecom.PhoneAccountRegistrar.registerPhoneAccount:554 
09-30 00:53:02.356  1806  5529 I Telecom : : Sending phone-account intent as user
09-30 00:53:02.364  1806  6808 W Telecom : : No account found for the calling user
09-30 00:53:02.486  1806  1859 W BroadcastQueue: Permission Denial: broadcasting Intent { act=android.net.conn.CONNECTIVITY_CHANGE flg=0x4000010 (has extras) } from null (pid=-1, uid=-1) requires com.facebook.permission.prod.FB_APP_COMMUNICATION due to registered receiver BroadcastFilter{6a92b85 u0 ReceiverList{145e8fc 6617 com.facebook.orca/10124/u0 remote:7e5ef}}
09-30 00:53:02.486  1806  1859 W BroadcastQueue: Permission Denial: broadcasting Intent { act=android.net.conn.INET_CONDITION_ACTION flg=0x4000010 (has extras) } from null (pid=-1, uid=-1) requires com.facebook.permission.prod.FB_APP_COMMUNICATION due to registered receiver BroadcastFilter{6a92b85 u0 ReceiverList{145e8fc 6617 com.facebook.orca/10124/u0 remote:7e5ef}}
09-30 00:53:02.505   488   699 I SFPerfTracer:      triggers: (rate: 0:3) (0 sw vsyncs) (0 skipped) (15:1867 vsyncs) (17:2033)
09-30 00:53:02.820  1806  1826 I Telecom : PhoneAccountRegistrar: [ComponentInfo{com.android.phone/com.android.services.telephony.TelephonyConnectionService}, [75f166d8c6eee929dbf95b7321a458b007bc637e], UserHandle{0}(icon: Icon(typ=BITMAP size=72x72) -> Icon(typ=BITMAP size=72x72))]
09-30 00:53:02.830  1806  1826 W ContextImpl: Calling a method in the system process without a qualified user: android.app.ContextImpl.sendBroadcast:763 android.content.ContextWrapper.sendBroadcast:396 com.android.server.telecom.PhoneAccountRegistrar.fireAccountsChanged:659 com.android.server.telecom.PhoneAccountRegistrar.addOrReplacePhoneAccount:587 com.android.server.telecom.PhoneAccountRegistrar.registerPhoneAccount:554 
09-30 00:53:02.830  1806  1826 I Telecom : : Sending phone-account intent as user
09-30 00:53:02.883  1806  4879 I Telecom : PhoneAccountRegistrar: [ComponentInfo{com.android.phone/com.android.services.telephony.TelephonyConnectionService}, [280b2441240936f61af17614a9e21e637f9b4141], UserHandle{0}(icon: Icon(typ=BITMAP size=72x72) -> Icon(typ=BITMAP size=72x72))]
09-30 00:53:02.896  1806  4879 W ContextImpl: Calling a method in the system process without a qualified user: android.app.ContextImpl.sendBroadcast:763 android.content.ContextWrapper.sendBroadcast:396 com.android.server.telecom.PhoneAccountRegistrar.fireAccountsChanged:659 com.android.server.telecom.PhoneAccountRegistrar.addOrReplacePhoneAccount:587 com.android.server.telecom.PhoneAccountRegistrar.registerPhoneAccount:554 
09-30 00:53:02.897  1806  4879 I Telecom : : Sending phone-account intent as user
09-30 00:53:02.908  1806  1826 W Telecom : : No account found for the calling user
09-30 00:53:02.957  1806  1859 W BroadcastQueue: Permission Denial: broadcasting Intent { act=android.net.conn.CONNECTIVITY_CHANGE flg=0x4000010 (has extras) } from null (pid=-1, uid=-1) requires com.facebook.permission.prod.FB_APP_COMMUNICATION due to registered receiver BroadcastFilter{50b8224 u0 ReceiverList{e7d0ab7 6617 com.facebook.orca/10124/u0 remote:ce1ddb6}}
