--------- beginning of system
09-30 00:52:32.500   366   390 I Ext4Crypt: ext4 crypto complete called on /data
09-30 00:52:32.500   366   390 I Ext4Crypt: No master key, so not ext4enc
09-30 00:52:32.501  1806  4212 I chatty  : uid=1000(system) CryptdConnector expire 1 line
09-30 00:52:32.501  1806  1806 I chatty  : uid=1000 system_server expire 2 lines
09-30 00:52:32.501  1806  4210 I chatty  : uid=1000(system) MountService expire 77 lines
09-30 00:52:32.503  1806  4211 I chatty  : uid=1000(system) VoldConnector expire 1 line
09-30 00:52:32.507  1806  4210 I chatty  : uid=1000(system) MountService expire 181 lines
09-30 00:52:32.515  1806  1856 I chatty  : uid=1000(system) android.bg expire 1 line
09-30 00:52:32.524  1806  4210 I chatty  : uid=1000(system) MountService expire 176 lines
09-30 00:52:32.554  1806  4184 I chatty  : uid=1000(system) InputDispatcher expire 1 line
09-30 00:52:32.666  1806  1806 I chatty  : uid=1000 system_server expire 125 lines
09-30 00:52:32.668  1806  4211 I chatty  : uid=1000(system) VoldConnector expire 4 lines
09-30 00:52:32.670   366  4237 D vold    : Starting trim of /data
09-30 00:52:32.806   488   488 I chatty  : uid=1000(system) /system/bin/surfaceflinger expire 7 lines
09-30 00:52:32.883  1806  4242 I chatty  : uid=1000(system) WifiP2pService expire 21 lines
09-30 00:52:35.284  1806  4250 I chatty  : uid=1000(system) WifiService expire 1 line
09-30 00:52:35.292  1806  4252 I chatty  : uid=1000(system) ConnectivitySer expire 3 lines
09-30 00:52:40.353   488   699 I chatty  : uid=1000(system) EventThread expire 1 line
09-30 00:52:41.245   366  4237 I vold    : Trimmed 3592089600 bytes on /data in 8575ms
09-30 00:52:41.245   366  4237 D vold    : Starting trim of none
09-30 00:52:41.245   366  4237 W vold    : Failed to open none: No such file or directory
09-30 00:52:41.245   366  4237 D vold    : Starting trim of /cache
09-30 00:52:41.277   366  4237 I vold    : Trimmed 259481600 bytes on /cache in 31ms
09-30 00:52:41.302  1806  1900 I chatty  : uid=1000(system) PowerManagerSer expire 1 line
09-30 00:52:41.335  1806  1806 I chatty  : uid=1000 system_server expire 52 lines
09-30 00:52:41.420  1806  4210 I chatty  : uid=1000(system) MountService expire 6 lines
09-30 00:52:41.421  1806  1859 I chatty  : uid=1000(system) ActivityManager expire 6 lines
09-30 00:52:41.421  1806  4211 I chatty  : uid=1000(system) VoldConnector expire 33 lines
09-30 00:52:41.422   366   389 V vold    : /system/bin/sgdisk
09-30 00:52:41.422   366   389 V vold    :     --android-dump
09-30 00:52:41.422   366   389 V vold    :     /dev/block/vold/disk:179,64
09-30 00:52:41.749   366   389 V vold    : DISK mbr
09-30 00:52:41.749   366   389 V vold    : PART 1 c
09-30 00:52:41.750   366   389 D vold    : EncryptedVolume: eCryptfs is not supported by the kernel
09-30 00:52:41.760  1806  1864 I chatty  : uid=1000(system) android.fg expire 2 lines
09-30 00:52:41.882  1806  4828 I chatty  : uid=1000(system) Binder_3 expire 7 lines
09-30 00:52:41.972  1806  4250 I chatty  : uid=1000(system) WifiService expire 8 lines
09-30 00:52:42.307  1806  1860 I chatty  : uid=1000(system) android.ui expire 2 lines
09-30 00:52:42.641  1806  1826 I chatty  : uid=1000(system) Binder_2 expire 4 lines
09-30 00:52:42.952  1806  4879 I chatty  : uid=1000(system) Binder_4 expire 3 lines
09-30 00:52:43.210   488   488 I chatty  : uid=1000(system) /system/bin/surfaceflinger expire 6 lines
09-30 00:52:43.492  1806  4183 I chatty  : uid=1000(system) AlarmManager expire 4 lines
09-30 00:52:43.806   366   389 D vold    : Linking /storage/emulated/0 to /mnt/user/0/primary
09-30 00:52:43.959   488   699 I chatty  : uid=1000(system) EventThread expire 2 lines
09-30 00:52:44.003  1806  1856 I chatty  : uid=1000(system) android.bg expire 1 line
09-30 00:52:44.090  5451  5451 I chatty  : uid=1000(system) com.quicinc.cne.CNEService expire 1 line
09-30 00:52:44.268  1806  5503 I chatty  : uid=1000(system) Binder_8 expire 7 lines
09-30 00:52:44.268   366   389 E Vold    : Failed to find mounted volume for /dev/null/Android/data/com.skype.raider/cache/
09-30 00:52:44.529   366   389 E Vold    : Failed to find mounted volume for /dev/null/Android/data/com.skype.raider/cache/
09-30 00:52:44.585  1806  1823 I chatty  : uid=1000(system) Binder_1 expire 4 lines
09-30 00:52:44.938  1806  4252 I chatty  : uid=1000(system) ConnectivitySer expire 2 lines
09-30 00:52:45.190  1806  5529 I chatty  : uid=1000(system) Binder_A expire 2 lines
09-30 00:52:45.191   366   389 E Vold    : Failed to find mounted volume for /dev/null/Android/data/com.skype.raider/cache/
09-30 00:52:45.476  5378  5378 W KeyphraseEnrollmentInfo: Enrollment application doesn't support keyphrases
09-30 00:52:45.810  1806  1897 I chatty  : uid=1000(system) android.display expire 1 line
09-30 00:52:45.896  1806  5524 I chatty  : uid=1000(system) Binder_9 expire 2 lines
09-30 00:52:46.520  1806  4882 I chatty  : uid=1000(system) Binder_5 expire 2 lines
09-30 00:52:46.558  1806  5469 I chatty  : uid=1000(system) Binder_6 expire 2 lines
09-30 00:52:46.558   366   390 D VoldCryptCmdListener: cryptfs getpw
09-30 00:52:46.558   366   390 I Ext4Crypt: ext4 crypto complete called on /data
09-30 00:52:46.559   366   390 I Ext4Crypt: No master key, so not ext4enc
09-30 00:52:46.559   366   390 I Ext4Crypt: ext4 crypto complete called on /data
09-30 00:52:46.559   366   390 I Ext4Crypt: No master key, so not ext4enc
09-30 00:52:46.559  1806  4212 I chatty  : uid=1000(system) CryptdConnector expire 2 lines
09-30 00:52:46.560   366   390 D VoldCryptCmdListener: cryptfs clearpw
09-30 00:52:46.560   366   390 I Ext4Crypt: ext4 crypto complete called on /data
09-30 00:52:46.560   366   390 I Ext4Crypt: No master key, so not ext4enc
09-30 00:52:46.764   366   389 V vold    : /system/bin/blkid
09-30 00:52:46.764   366   389 V vold    :     -c
09-30 00:52:46.764   366   389 V vold    :     /dev/null
09-30 00:52:46.765   366   389 V vold    :     -s
09-30 00:52:46.765   366   389 V vold    :     TYPE
09-30 00:52:46.765   366   389 V vold    :     -s
09-30 00:52:46.765   366   389 V vold    :     UUID
09-30 00:52:46.765   366   389 V vold    :     -s
09-30 00:52:46.765   366   389 V vold    :     LABEL
09-30 00:52:46.765   366   389 V vold    :     /dev/block/vold/public:179,65
09-30 00:52:46.820   366   389 V vold    : /dev/block/vold/public:179,65: LABEL="JITHIN" UUID="44E3-42C1" TYPE="vfat" 
09-30 00:52:46.822   366   389 V vold    : /system/bin/fsck_msdos
09-30 00:52:46.822   366   389 V vold    :     -p
09-30 00:52:46.822   366   389 V vold    :     -f
09-30 00:52:46.822   366   389 V vold    :     /dev/block/vold/public:179,65
09-30 00:52:46.848  4802  4802 D StatusBarKeyguardViewManager: showKeyguard, but hide Bouncer
09-30 00:52:47.090  4802  4802 V KeyguardStatusView: refresh statusview showing:true
09-30 00:52:47.295  4802  4802 V KeyguardDisplayManager: show
09-30 00:52:47.817  1806  4370 I chatty  : uid=1000(system) WifiRttService expire 1 line
09-30 00:52:48.296   366   389 I Vold    : Filesystem check completed OK
09-30 00:52:48.362  1806  4210 I chatty  : uid=1000(system) MountService expire 3 lines
09-30 00:52:48.371  1806  1935 I chatty  : uid=1000(system) PackageManager expire 142 lines
09-30 00:52:48.431  5504  5504 D MccTable: updateMccMncConfiguration mccmnc='' fromServiceState=false
09-30 00:52:48.481  1806  5636 I chatty  : uid=1000(system) IzatServiceBase expire 1 line
09-30 00:52:48.502   488   488 I chatty  : uid=1000(system) /system/bin/surfaceflinger expire 2 lines
09-30 00:52:48.519  5504  5504 D MccTable: updateMccMncConfiguration mccmnc='' fromServiceState=false
09-30 00:52:48.665   488   699 I chatty  : uid=1000(system) EventThread expire 1 line
09-30 00:52:48.796  4802  4802 D StatusBarKeyguardViewManager: showKeyguard, but hide Bouncer
09-30 00:52:48.826  4802  4802 D StatusBarKeyguardViewManager: showKeyguard, but hide Bouncer
09-30 00:52:49.010  1806  5487 I chatty  : uid=1000(system) Binder_7 expire 3 lines
09-30 00:52:49.130  1806  1826 I chatty  : uid=1000(system) Binder_2 expire 3 lines
09-30 00:52:49.197  1806  6049 I chatty  : uid=1000(system) Binder_B expire 1 line
09-30 00:52:49.198  1806  1823 I chatty  : uid=1000(system) Binder_1 expire 1 line
09-30 00:52:49.394  1806  4211 I chatty  : uid=1000(system) VoldConnector expire 1 line
09-30 00:52:49.415  1806  1935 W PackageManager: Unknown permission com.motorola.powermanager.permission.OVERRIDE in package com.motorola.ptt.prip
09-30 00:52:49.415  1806  1935 W PackageManager: Not granting permission android.permission.WRITE_EXTERNAL_STORAGE to package com.flipkart.android because it was previously installed without
09-30 00:52:49.415  1806  1935 W PackageManager: Not granting permission android.permission.CAMERA to package com.flipkart.android because it was previously installed without
09-30 00:52:49.415  1806  1935 W PackageManager: Not granting permission android.permission.READ_PHONE_STATE to package com.flipkart.android because it was previously installed without
09-30 00:52:49.415  1806  1935 W PackageManager: Not granting permission android.permission.ACCESS_COARSE_LOCATION to package com.flipkart.android because it was previously installed without
09-30 00:52:49.415  1806  1935 W PackageManager: Not granting permission android.permission.RECORD_AUDIO to package com.flipkart.android because it was previously installed without
09-30 00:52:49.415  1806  1935 W PackageManager: Not granting permission android.permission.ACCESS_FINE_LOCATION to package com.flipkart.android because it was previously installed without
09-30 00:52:49.415  1806  1935 W PackageManager: Not granting permission android.permission.READ_CONTACTS to package com.flipkart.android because it was previously installed without
09-30 00:52:49.415  1806  1935 W PackageManager: Not granting permission android.permission.RECEIVE_SMS to package com.flipkart.android because it was previously installed without
09-30 00:52:49.415  1806  1935 W PackageManager: Not granting permission android.permission.READ_SMS to package com.flipkart.android because it was previously installed without
09-30 00:52:49.415  1806  1935 W PackageManager: Not granting permission android.permission.GET_ACCOUNTS to package com.flipkart.android because it was previously installed without
09-30 00:52:49.415  1806  1935 W PackageManager: Unknown permission com.android.launcher.permission.READ_SETTINGS in package com.flipkart.android
09-30 00:52:49.415  1806  1935 W PackageManager: Unknown permission com.android.launcher.permission.WRITE_SETTINGS in package com.flipkart.android
09-30 00:52:49.415  1806  1935 W PackageManager: Unknown permission com.sec.android.provider.badge.permission.READ in package com.flipkart.android
09-30 00:52:49.415  1806  1935 W PackageManager: Unknown permission com.sec.android.provider.badge.permission.WRITE in package com.flipkart.android
09-30 00:52:49.415  1806  1935 W PackageManager: Unknown permission com.htc.launcher.permission.READ_SETTINGS in package com.flipkart.android
09-30 00:52:49.415  1806  1935 W PackageManager: Unknown permission com.htc.launcher.permission.UPDATE_SHORTCUT in package com.flipkart.android
09-30 00:52:49.415  1806  1935 W PackageManager: Unknown permission com.sonyericsson.home.permission.BROADCAST_BADGE in package com.flipkart.android
09-30 00:52:49.415  1806  1935 W PackageManager: Unknown permission com.anddoes.launcher.permission.UPDATE_COUNT in package com.flipkart.android
09-30 00:52:49.415  1806  1935 W PackageManager: Unknown permission com.majeur.launcher.permission.UPDATE_BADGE in package com.flipkart.android
09-30 00:52:49.415  1806  1935 W PackageManager: Unknown permission android.permission.READ_OWNER_DATA in package com.flipkart.android
09-30 00:52:49.416  1806  1935 W PackageManager: Not granting permission android.permission.WRITE_CONTACTS to package com.flipkart.android because it was previously installed without
09-30 00:52:49.416  1806  1935 W PackageManager: Not granting permission android.permission.READ_EXTERNAL_STORAGE to package com.flipkart.android because it was previously installed without
09-30 00:52:49.416  1806  1935 W PackageManager: Not granting permission android.permission.GET_ACCOUNTS to package cris.icms.ntes because it was previously installed without
09-30 00:52:49.416  1806  1935 W PackageManager: Unknown permission com.javapapers.android.permission.C2D_MESSAGE in package cris.icms.ntes
09-30 00:52:49.416  1806  1935 W PackageManager: Not granting permission android.permission.WRITE_EXTERNAL_STORAGE to package cris.icms.ntes because it was previously installed without
09-30 00:52:49.416  1806  1935 W PackageManager: Not granting permission android.permission.READ_EXTERNAL_STORAGE to package cris.icms.ntes because it was previously installed without
09-30 00:52:49.416  1806  1935 W PackageManager: Not granting permission android.permission.READ_PHONE_STATE to package cris.icms.ntes because it was previously installed without
09-30 00:52:49.416  1806  1935 W PackageManager: Not granting permission android.permission.CLEAR_APP_CACHE to package cris.icms.ntes (protectionLevel=18 flags=0x3888be44)
09-30 00:52:49.417  1806  1935 W PackageManager: Not granting permission android.permission.MANAGE_DOCUMENTS to package com.hecorat.screenrecorder.free (protectionLevel=2 flags=0x38c8be44)
09-30 00:52:49.417  1806  1935 W PackageManager: Unknown permission com.motorola.permission.READ_DM_SETTINGS in package com.motorola.android.provisioning
09-30 00:52:49.417  1806  1935 W PackageManager: Unknown permission com.motorola.permission.WRITE_DM_SETTINGS in package com.motorola.android.provisioning
09-30 00:52:49.418  1806  1935 W PackageManager: Not granting permission android.permission.ACCESS_COARSE_LOCATION to package com.yahoo.mobile.client.android.mail because it was previously installed without
09-30 00:52:49.418  1806  1935 W PackageManager: Not granting permission android.permission.WRITE_CONTACTS to package com.yahoo.mobile.client.android.mail because it was previously installed without
09-30 00:52:49.418  1806  1935 W PackageManager: Not granting permission android.permission.WRITE_EXTERNAL_STORAGE to package com.yahoo.mobile.client.android.mail because it was previously installed without
09-30 00:52:49.418  1806  1935 W PackageManager: Not granting permission android.permission.READ_EXTERNAL_STORAGE to package com.yahoo.mobile.client.android.mail because it was previously installed without
09-30 00:52:49.418  1806  1935 W PackageManager: Unknown permission com.amazon.device.messaging.permission.RECEIVE in package com.yahoo.mobile.client.android.mail
09-30 00:52:49.418  1806  1935 W PackageManager: Not granting permission android.permission.READ_CONTACTS to package com.yahoo.mobile.client.android.mail because it was previously installed without
09-30 00:52:49.419  1806  1935 W PackageManager: Not granting permission android.permission.GET_ACCOUNTS to package com.instagram.android because it was previously installed without
09-30 00:52:49.419  1806  1935 W PackageManager: Not granting permission android.permission.CAMERA to package com.instagram.android because it was previously installed without
09-30 00:52:49.419  1806  1935 W PackageManager: Not granting permission android.permission.READ_CONTACTS to package com.instagram.android because it was previously installed without
09-30 00:52:49.419  1806  1935 W PackageManager: Not granting permission android.permission.ACCESS_FINE_LOCATION to package com.instagram.android because it was previously installed without
09-30 00:52:49.419  1806  1935 W PackageManager: Not granting permission android.permission.RECORD_AUDIO to package com.instagram.android because it was previously installed without
09-30 00:52:49.419  1806  1935 W PackageManager: Not granting permission android.permission.WRITE_EXTERNAL_STORAGE to package com.instagram.android because it was previously installed without
09-30 00:52:49.419  1806  1935 W PackageManager: Not granting permission android.permission.READ_PHONE_STATE to package com.instagram.android because it was previously installed without
09-30 00:52:49.419  1806  1935 W PackageManager: Not granting permission android.permission.RECEIVE_SMS to package com.instagram.android because it was previously installed without
09-30 00:52:49.419  1806  1935 W PackageManager: Unknown permission .permission.C2D_MESSAGE in package com.instagram.android
09-30 00:52:49.419  1806  1935 W PackageManager: Unknown permission .permission.RECEIVE_ADM_MESSAGE in package com.instagram.android
09-30 00:52:49.419  1806  1935 W PackageManager: Unknown permission com.amazon.device.messaging.permission.RECEIVE in package com.instagram.android
09-30 00:52:49.419  1806  1935 W PackageManager: Unknown permission com.htc.launcher.permission.READ_SETTINGS in package com.instagram.android
09-30 00:52:49.419  1806  1935 W PackageManager: Unknown permission com.htc.launcher.permission.UPDATE_SHORTCUT in package com.instagram.android
09-30 00:52:49.419  1806  1935 W PackageManager: Unknown permission com.huawei.android.launcher.permission.CHANGE_BADGE in package com.instagram.android
09-30 00:52:49.419  1806  1935 W PackageManager: Unknown permission com.sonyericsson.home.permission.BROADCAST_BADGE in package com.instagram.android
09-30 00:52:49.419  1806  1935 W PackageManager: Not granting permission android.permission.READ_EXTERNAL_STORAGE to package com.instagram.android because it was previously installed without
09-30 00:52:49.419  1806  1935 W PackageManager: Unknown permission com.android.launcher.permission.READ_SETTINGS in package com.google.android.launcher
09-30 00:52:49.419  1806  1935 W PackageManager: Unknown permission com.android.launcher.permission.WRITE_SETTINGS in package com.google.android.launcher
09-30 00:52:49.419  1806  1935 W PackageManager: Not granting permission android.permission.WRITE_MEDIA_STORAGE to package com.cyngn.gallerynext (protectionLevel=18 flags=0x3898bc44)
09-30 00:52:49.419  1806  1935 W PackageManager: Not granting permission android.permission.MANAGE_DOCUMENTS to package com.cyngn.gallerynext (protectionLevel=2 flags=0x3898bc44)
09-30 00:52:49.421  1806  1935 W PackageManager: Unknown permission android.permission.ADD_VOICEMAIL in package com.republicwireless.tel
09-30 00:52:49.421  1806  1935 W PackageManager: Not granting permission android.permission.BIND_CARRIER_SERVICES to package com.republicwireless.tel (protectionLevel=18 flags=0x3848be45)
09-30 00:52:49.422  1806  1935 W PackageManager: Unknown permission com.google.android.email.permission.ACCESS_PROVIDER in package com.google.android.gm
09-30 00:52:49.422  1806  1935 W PackageManager: Unknown permission com.google.android.gm.exchange.BIND in package com.google.android.gm
09-30 00:52:49.422  1806  1935 W PackageManager: Unknown permission com.android.email.partnerprovider.PARTNER_PROVIDER in package com.google.android.gm
09-30 00:52:49.423  1806  1935 W PackageManager: Unknown permission com.motorola.permission.ACCESS_WIFI_AUTONOMOUS in package com.motorola.motocit
09-30 00:52:49.423  1806  1935 W PackageManager: Unknown permission com.motorola.permission.TELEPHONY_RAW in package com.motorola.motocit
09-30 00:52:49.423  1806  1935 W PackageManager: Not granting permission android.permission.DEVICE_POWER to package com.motorola.motocit (protectionLevel=2 flags=0x3888be45)
09-30 00:52:49.423  1806  1935 W PackageManager: Not granting permission android.permission.FACTORY_TEST to package com.motorola.motocit (protectionLevel=2 flags=0x3888be45)
09-30 00:52:49.423  1806  1935 W PackageManager: Unknown permission com.motorola.mod.permission.MOD_ACCESS_INFO in package com.motorola.motocit
09-30 00:52:49.424  1806  1935 W PackageManager: Unknown permission android.permission.READ_OWNER_DATA in package com.google.android.setupwizard
09-30 00:52:49.424  1806  1935 W PackageManager: Unknown permission android.permission.WRITE_OWNER_DATA in package com.google.android.setupwizard
09-30 00:52:49.425  1806  1935 W PackageManager: Unknown permission com.samsung.android.providers.context.permission.WRITE_USE_APP_FEATURE_SURVEY in package com.google.android.music
09-30 00:52:49.425  1806  1935 W PackageManager: Not granting permission android.permission.READ_EXTERNAL_STORAGE to package com.microsoft.office.officehub because it was previously installed without
09-30 00:52:49.425  1806  1935 W PackageManager: Not granting permission android.permission.WRITE_EXTERNAL_STORAGE to package com.microsoft.office.officehub because it was previously installed without
09-30 00:52:49.425  1806  1935 W PackageManager: Not granting permission android.permission.GET_ACCOUNTS to package com.microsoft.office.officehub because it was previously installed without
09-30 00:52:49.425  1806  1935 W PackageManager: Not granting permission android.permission.READ_LOGS to package com.microsoft.office.officehub (protectionLevel=50 flags=0x3888be44)
09-30 00:52:49.426  1806  1935 W PackageManager: Unknown permission com.motorola.permission.WRITE_SETTINGS in package com.motorola.frameworks.singlehand
09-30 00:52:49.426  1806  1935 W PackageManager: Not granting permission android.permission.WRITE_EXTERNAL_STORAGE to package com.mxtech.videoplayer.ad because it was previously installed without
09-30 00:52:49.426  1806  1935 W PackageManager: Not granting permission android.permission.READ_EXTERNAL_STORAGE to package com.mxtech.videoplayer.ad because it was previously installed without
09-30 00:52:49.426  1806  1935 W PackageManager: Not granting permission android.permission.MOUNT_UNMOUNT_FILESYSTEMS to package com.lenovo.anyshare.gps (protectionLevel=18 flags=0x38c8be44)
09-30 00:52:49.426  1806  1935 W PackageManager: Not granting permission android.permission.READ_LOGS to package com.lenovo.anyshare.gps (protectionLevel=50 flags=0x38c8be44)
09-30 00:52:49.426  1806  1935 W PackageManager: Not granting permission android.permission.WRITE_MEDIA_STORAGE to package com.lenovo.anyshare.gps (protectionLevel=18 flags=0x38c8be44)
09-30 00:52:49.427  1806  1935 W PackageManager: Unknown permission android.hardware.camera.autofocus in package com.csam.icici.bank.imobile
09-30 00:52:49.427  1806  1935 W PackageManager: Unknown permission android.permission.WRITE_SYNC_STATS in package com.google.android.apps.docs
09-30 00:52:49.427  1806  1935 W PackageManager: Not granting permission android.permission.READ_EXTERNAL_STORAGE to package net.one97.paytm because it was previously installed without
09-30 00:52:49.428  1806  1935 W PackageManager: Not granting permission android.permission.WRITE_EXTERNAL_STORAGE to package net.one97.paytm because it was previously installed without
09-30 00:52:49.428  1806  1935 W PackageManager: Not granting permission android.permission.GET_ACCOUNTS to package net.one97.paytm because it was previously installed without
09-30 00:52:49.428  1806  1935 W PackageManager: Unknown permission android.permission.ACSS_COARSE_LOCATION in package net.one97.paytm
09-30 00:52:49.428  1806  1935 W PackageManager: Not granting permission android.permission.READ_PHONE_STATE to package net.one97.paytm because it was previously installed without
09-30 00:52:49.428  1806  1935 W PackageManager: Not granting permission android.permission.READ_CONTACTS to package net.one97.paytm because it was previously installed without
09-30 00:52:49.428  1806  1935 W PackageManager: Not granting permission android.permission.READ_SMS to package net.one97.paytm because it was previously installed without
09-30 00:52:49.428  1806  1935 W PackageManager: Not granting permission android.permission.RECEIVE_SMS to package net.one97.paytm because it was previously installed without
09-30 00:52:49.428  1806  1935 W PackageManager: Not granting permission android.permission.ACCESS_FINE_LOCATION to package net.one97.paytm because it was previously installed without
09-30 00:52:49.428  1806  1935 W PackageManager: Not granting permission android.permission.CAMERA to package net.one97.paytm because it was previously installed without
09-30 00:52:49.428  1806  1935 W PackageManager: Not granting permission android.permission.WRITE_CONTACTS to package net.one97.paytm because it was previously installed without
09-30 00:52:49.428  1806  1935 W PackageManager: Not granting permission android.permission.INTERACT_ACROSS_USERS_FULL to package net.one97.paytm (protectionLevel=258 flags=0x38d8be44)
09-30 00:52:49.428  1806  1935 W PackageManager: Unknown permission com.amazon.device.messaging.permission.RECEIVE in package net.one97.paytm
09-30 00:52:49.428  1806  1935 W PackageManager: Unknown permission com.android.launcher.permission.READ_SETTINGS in package com.motorola.invisiblenet
09-30 00:52:49.428  1806  1935 W PackageManager: Unknown permission com.android.launcher.permission.WRITE_SETTINGS in package com.motorola.invisiblenet
09-30 00:52:49.428  1806  1935 W PackageManager: Unknown permission com.android.launcher3.permission.READ_SETTINGS in package com.motorola.invisiblenet
09-30 00:52:49.428  1806  1935 W PackageManager: Unknown permission com.android.launcher3.permission.WRITE_SETTINGS in package com.motorola.invisiblenet
09-30 00:52:49.428  1806  1935 W PackageManager: Not granting permission android.permission.WRITE_EXTERNAL_STORAGE to package com.microsoft.office.powerpoint because it was previously installed without
09-30 00:52:49.428  1806  1935 W PackageManager: Not granting permission android.permission.GET_ACCOUNTS to package com.microsoft.office.powerpoint because it was previously installed without
09-30 00:52:49.428  1806  1935 W PackageManager: Not granting permission android.permission.READ_CONTACTS to package com.microsoft.office.powerpoint because it was previously installed without
09-30 00:52:49.428  1806  1935 W PackageManager: Not granting permission android.permission.READ_EXTERNAL_STORAGE to package com.microsoft.office.powerpoint because it was previously installed without
09-30 00:52:49.429  1806  1935 W PackageManager: Unknown permission android.permission.READ_PRIVILIGED_PHONE_STATE in package com.motorola.contacts.preloadcontacts
09-30 00:52:49.429  1806  1935 W PackageManager: Unknown permission motorola.sprint.permission.READ_OMADM_RUNTIME_DATA in package com.motorola.contacts.preloadcontacts
09-30 00:52:49.429  1806  1935 W PackageManager: Not granting permission android.permission.INTERACT_ACROSS_USERS to package com.google.android.syncadapters.contacts (protectionLevel=50 flags=0x38883e45)
09-30 00:52:49.429  1806  1935 W PackageManager: Unknown permission com.chrome.permission.DEVICE_EXTRAS in package com.android.chrome
09-30 00:52:49.429  1806  1935 W PackageManager: Unknown permission com.sec.enterprise.knox.MDM_CONTENT_PROVIDER in package com.android.chrome
09-30 00:52:49.430  1806  1935 W PackageManager: Unknown permission android.permission.ACCESS_SUPERUSER in package ru.org.amip.ClockSync
09-30 00:52:49.431  1806  1935 W PackageManager: Unknown permission com.motorola.powermanager.permission.OVERRIDE in package com.motorola.ptt.prip.br
09-30 00:52:49.431  1806  1935 W PackageManager: Unknown permission android.permission.MANAGE_SOUND_TRIGGER in package com.google.android.gms
09-30 00:52:49.431  1806  1935 W PackageManager: Unknown permission com.google.android.apps.enterprise.dmagent.permission.AutoSyncPermission in package com.google.android.gms
09-30 00:52:49.431  1806  1935 W PackageManager: Not granting permission android.permission.READ_PRIVILEGED_PHONE_STATE to package com.google.android.gms (protectionLevel=18 flags=0xb8c83ec5)
09-30 00:52:49.431  1806  1935 W PackageManager: Unknown permission android.permission.CONNECTIVITY_USE_RESTRICTED_NETWORKS in package com.google.android.gms
09-30 00:52:49.432  1806  1935 W PackageManager: Unknown permission android.permission.SEND_SMS_NO_CONFIRMATION in package com.google.android.gms
09-30 00:52:49.432  1806  1935 W PackageManager: Unknown permission android.permission.TETHER_PRIVILEGED in package com.google.android.gms
09-30 00:52:49.432  1806  1935 W PackageManager: Unknown permission android.permission.READ_OEM_UNLOCK_STATE in package com.google.android.gms
09-30 00:52:49.432  1806  1935 W PackageManager: Unknown permission com.google.android.wearable.READ_SETTINGS in package com.google.android.gms
09-30 00:52:49.432  1806  1935 W PackageManager: Unknown permission com.google.android.wh.supervisor.permission.ACCESS_METADATA_SERVICE in package com.google.android.gms
09-30 00:52:49.432  1806  1935 W PackageManager: Unknown permission android.permission.SUBSTITUTE_NOTIFICATION_APP_NAME in package com.google.android.gms
09-30 00:52:49.434  1806  1935 W PackageManager: Unknown permission com.android.launcher.permission.PRELOAD_WORKSPACE in package com.google.android.partnersetup
09-30 00:52:49.434  1806  1935 W PackageManager: Unknown permission android.permission.SYSTEM_OVERLAY_WINDOW in package com.motorola.genie
09-30 00:52:49.434  1806  1935 W PackageManager: Unknown permission com.motorola.digitalpersonalization.permission.READ_CREDENTIALS in package com.motorola.setup
09-30 00:52:49.434  1806  1935 W PackageManager: Not granting permission com.google.android.googleapps.permission.GOOGLE_AUTH to package com.google.android.videos (protectionLevel=2 flags=0x38dbbec5)
09-30 00:52:49.434  1806  1935 W PackageManager: Unknown permission com.verizon.vzwavs.permission.READ in package com.motorola.appdirectedsmsproxy
09-30 00:52:49.435  1806  1935 W PackageManager: Unknown permission android.permission.READ_MEDIA_STORAGE in package com.hiqrecorder.free
09-30 00:52:49.435  1806  1935 W PackageManager: Unknown permission com.google.android.gallery3d.permission.PICASA_STORE in package com.google.android.apps.photos
09-30 00:52:49.435  1806  1935 W PackageManager: Not granting permission android.permission.WRITE_MEDIA_STORAGE to package com.google.android.apps.photos (protectionLevel=18 flags=0x38d8bec5)
09-30 00:52:49.435  1806  1935 W PackageManager: Unknown permission com.google.android.gm.exchange.BIND in package com.google.android.calendar
09-30 00:52:49.435  1806  1935 W PackageManager: Not granting permission android.permission.INTERACT_ACROSS_USERS_FULL to package com.motorola.onetimeinitializer (protectionLevel=258 flags=0x3888be45)
09-30 00:52:49.436  1806  1935 W PackageManager: Unknown permission com.android.launcher.permission.READ_SETTINGS in package com.motorola.onetimeinitializer
09-30 00:52:49.436  1806  1935 W PackageManager: Unknown permission com.android.launcher.permission.WRITE_SETTINGS in package com.motorola.onetimeinitializer
09-30 00:52:49.436  1806  1935 W PackageManager: Unknown permission com.android.launcher3.permission.READ_SETTINGS in package com.motorola.onetimeinitializer
09-30 00:52:49.436  1806  1935 W PackageManager: Unknown permission com.android.launcher3.permission.WRITE_SETTINGS in package com.motorola.onetimeinitializer
09-30 00:52:49.436  1806  1935 W PackageManager: Not granting permission android.permission.ACCESS_COARSE_LOCATION to package com.ubercab because it was previously installed without
09-30 00:52:49.436  1806  1935 W PackageManager: Not granting permission android.permission.ACCESS_FINE_LOCATION to package com.ubercab because it was previously installed without
09-30 00:52:49.436  1806  1935 W PackageManager: Not granting permission android.permission.CALL_PHONE to package com.ubercab because it was previously installed without
09-30 00:52:49.436  1806  1935 W PackageManager: Not granting permission android.permission.CAMERA to package com.ubercab because it was previously installed without
09-30 00:52:49.436  1806  1935 W PackageManager: Not granting permission android.permission.GET_ACCOUNTS to package com.ubercab because it was previously installed without
09-30 00:52:49.436  1806  1935 W PackageManager: Not granting permission android.permission.READ_CONTACTS to package com.ubercab because it was previously installed without
09-30 00:52:49.436  1806  1935 W PackageManager: Not granting permission android.permission.READ_PHONE_STATE to package com.ubercab because it was previously installed without
09-30 00:52:49.436  1806  1935 W PackageManager: Not granting permission android.permission.READ_SMS to package com.ubercab because it was previously installed without
09-30 00:52:49.436  1806  1935 W PackageManager: Not granting permission android.permission.RECEIVE_SMS to package com.ubercab because it was previously installed without
09-30 00:52:49.436  1806  1935 W PackageManager: Not granting permission android.permission.SEND_SMS to package com.ubercab because it was previously installed without
09-30 00:52:49.436  1806  1935 W PackageManager: Not granting permission android.permission.WRITE_EXTERNAL_STORAGE to package com.ubercab because it was previously installed without
09-30 00:52:49.436  1806  1935 W PackageManager: Not granting permission android.permission.RECORD_AUDIO to package com.ubercab because it was previously installed without
09-30 00:52:49.436  1806  1935 W PackageManager: Not granting permission android.permission.READ_EXTERNAL_STORAGE to package com.ubercab because it was previously installed without
09-30 00:52:49.436  1806  1935 W PackageManager: Unknown permission com.android.launcher3.permission.READ_SETTINGS in package com.motorola.demo
09-30 00:52:49.436  1806  1935 W PackageManager: Unknown permission com.android.launcher3.permission.WRITE_SETTINGS in package com.motorola.demo
09-30 00:52:49.437  1806  1935 W PackageManager: Unknown permission com.android.launcher3.permission.RECEIVE_FIRST_LOAD_BROADCAST in package com.motorola.demo
09-30 00:52:49.437  1806  1935 W PackageManager: Unknown permission com.android.launcher.permission.READ_SETTINGS in package com.motorola.demo
09-30 00:52:49.437  1806  1935 W PackageManager: Unknown permission com.android.launcher.permission.WRITE_SETTINGS in package com.motorola.demo
09-30 00:52:49.437  1806  1935 W PackageManager: Unknown permission com.motorola.audiomonitor.permission.RETAILMODE in package com.motorola.demo
09-30 00:52:49.437  1806  1935 W PackageManager: Unknown permission com.motorola.audiomonitor.permission.STATE_CONTROL in package com.motorola.demo
09-30 00:52:49.438  1806  1935 W PackageManager: Unknown permission android.permission.SYSTEM_ERROR_WINDOW in package com.motorola.demo
09-30 00:52:49.438  1806  1935 W PackageManager: Unknown permission android.permission.SYSTEM_OVERLAY_WINDOW in package com.motorola.demo
09-30 00:52:49.438  1806  1935 W PackageManager: Unknown permission android.permission.WRITE_SDCARD in package com.motorola.demo
09-30 00:52:49.438  1806  1935 W PackageManager: Unknown permission com.motorola.android.permission.PORTALAPP_LOCAL in package com.motorola.demo
09-30 00:52:49.439  1806  1935 W PackageManager: Not granting permission android.permission.CONTROL_KEYGUARD to package com.google.android.gsf.login (protectionLevel=2 flags=0x30c8be45)
09-30 00:52:49.439  1806  1935 W PackageManager: Unknown permission com.android.vending.billing.IBillingAccountService.BIND2 in package com.google.android.gsf.login
09-30 00:52:49.439  1806  1935 W PackageManager: Not granting permission android.permission.BATTERY_STATS to package com.facebook.lite (protectionLevel=50 flags=0x38883e44)
09-30 00:52:49.439  1806  1935 W PackageManager: Unknown permission com.sec.android.provider.badge.permission.WRITE in package com.facebook.lite
09-30 00:52:49.439  1806  1935 W PackageManager: Unknown permission com.facebook.katana.provider.ACCESS in package com.facebook.lite
09-30 00:52:49.439  1806  1935 W PackageManager: Unknown permission com.facebook.wakizashi.provider.ACCESS in package com.facebook.lite
09-30 00:52:49.439  1806  1935 W PackageManager: Unknown permission com.facebook.katana.provider.ACCESS in package com.facebook.orca
09-30 00:52:49.440  1806  1935 W PackageManager: Not granting permission android.permission.GET_ACCOUNTS to package com.facebook.orca because it was previously installed without
09-30 00:52:49.440  1806  1935 W PackageManager: Not granting permission android.permission.READ_CONTACTS to package com.facebook.orca because it was previously installed without
09-30 00:52:49.440  1806  1935 W PackageManager: Not granting permission android.permission.READ_CALL_LOG to package com.facebook.orca because it was previously installed without
09-30 00:52:49.440  1806  1935 W PackageManager: Not granting permission android.permission.WRITE_EXTERNAL_STORAGE to package com.facebook.orca because it was previously installed without
09-30 00:52:49.440  1806  1935 W PackageManager: Not granting permission android.permission.READ_PHONE_STATE to package com.facebook.orca because it was previously installed without
09-30 00:52:49.440  1806  1935 W PackageManager: Not granting permission android.permission.RECEIVE_MMS to package com.facebook.orca because it was previously installed without
09-30 00:52:49.440  1806  1935 W PackageManager: Not granting permission android.permission.READ_SMS to package com.facebook.orca because it was previously installed without
09-30 00:52:49.440  1806  1935 W PackageManager: Not granting permission android.permission.SEND_SMS to package com.facebook.orca because it was previously installed without
09-30 00:52:49.440  1806  1935 W PackageManager: Not granting permission android.permission.RECORD_AUDIO to package com.facebook.orca because it was previously installed without
09-30 00:52:49.440  1806  1935 W PackageManager: Not granting permission android.permission.CALL_PHONE to package com.facebook.orca because it was previously installed without
09-30 00:52:49.440  1806  1935 W PackageManager: Not granting permission android.permission.PROCESS_OUTGOING_CALLS to package com.facebook.orca because it was previously installed without
09-30 00:52:49.440  1806  1935 W PackageManager: Not granting permission android.permission.WRITE_CONTACTS to package com.facebook.orca because it was previously installed without
09-30 00:52:49.440  1806  1935 W PackageManager: Not granting permission android.permission.CAMERA to package com.facebook.orca because it was previously installed without
09-30 00:52:49.440  1806  1935 W PackageManager: Not granting permission android.permission.ACCESS_FINE_LOCATION to package com.facebook.orca because it was previously installed without
09-30 00:52:49.440  1806  1935 W PackageManager: Not granting permission android.permission.ACCESS_COARSE_LOCATION to package com.facebook.orca because it was previously installed without
09-30 00:52:49.440  1806  1935 W PackageManager: Unknown permission com.huawei.android.launcher.permission.CHANGE_BADGE in package com.facebook.orca
09-30 00:52:49.440  1806  1935 W PackageManager: Not granting permission android.permission.READ_CALENDAR to package com.facebook.orca because it was previously installed without
09-30 00:52:49.440  1806  1935 W PackageManager: Not granting permission android.permission.READ_EXTERNAL_STORAGE to package com.facebook.orca because it was previously installed without
09-30 00:52:49.440  1806  1935 W PackageManager: Not granting permission android.permission.BATTERY_STATS to package com.facebook.orca (protectionLevel=50 flags=0x38983e44)
09-30 00:52:49.440  1806  1935 W PackageManager: Unknown permission com.sec.android.provider.badge.permission.READ in package com.facebook.orca
09-30 00:52:49.440  1806  1935 W PackageManager: Unknown permission com.sec.android.provider.badge.permission.WRITE in package com.facebook.orca
09-30 00:52:49.440  1806  1935 W PackageManager: Unknown permission com.htc.launcher.permission.READ_SETTINGS in package com.facebook.orca
09-30 00:52:49.440  1806  1935 W PackageManager: Unknown permission com.htc.launcher.permission.UPDATE_SHORTCUT in package com.facebook.orca
09-30 00:52:49.440  1806  1935 W PackageManager: Unknown permission com.sonyericsson.home.permission.BROADCAST_BADGE in package com.facebook.orca
09-30 00:52:49.440  1806  1935 W PackageManager: Unknown permission com.facebook.home.permission.WRITE_BADGES in package com.facebook.orca
09-30 00:52:49.440  1806  1935 W PackageManager: Unknown permission com.nokia.pushnotifications.permission.RECEIVE in package com.facebook.orca
09-30 00:52:49.441  1806  1935 W PackageManager: Unknown permission com.amazon.device.messaging.permission.RECEIVE in package com.facebook.orca
09-30 00:52:49.441  1806  1935 W PackageManager: Not granting permission android.permission.RECEIVE_SMS to package com.facebook.orca because it was previously installed without
09-30 00:52:49.441  1806  1935 W PackageManager: Unknown permission com.android.email.permission.ACCESS_PROVIDER in package com.motorola.motocare.internal
09-30 00:52:49.441  1806  1935 W PackageManager: Not granting permission android.permission.WRITE_MEDIA_STORAGE to package com.sonyericsson.music (protectionLevel=18 flags=0x38c83e44)
09-30 00:52:49.441  1806  1935 W PackageManager: Unknown permission com.sonyericsson.permission.MUSIC in package com.sonyericsson.music
09-30 00:52:49.441  1806  1935 W PackageManager: Unknown permission com.android.email.permission.READ_ATTACHMENT in package com.sonyericsson.music
09-30 00:52:49.441  1806  1935 W PackageManager: Unknown permission com.sonyericsson.permission.READ_MEDIAEXTRA in package com.sonyericsson.music
09-30 00:52:49.441  1806  1935 W PackageManager: Unknown permission com.sonyericsson.illumination.permission.ILLUMINATION in package com.sonyericsson.music
09-30 00:52:49.441  1806  1935 W PackageManager: Unknown permission com.sonymobile.dlna.permission.READ_DATA in package com.sonyericsson.music
09-30 00:52:49.441  1806  1935 W PackageManager: Unknown permission com.sonymobile.dlna.permission.READ_DATA_V6 in package com.sonyericsson.music
09-30 00:52:49.441  1806  1935 W PackageManager: Unknown permission com.sonyericsson.permission.CREDENTIALMANAGER in package com.sonyericsson.music
09-30 00:52:49.441  1806  1935 W PackageManager: Unknown permission com.sonyericsson.updatecenter.permission.READ_APPLICATION_UPDATES in package com.sonyericsson.music
09-30 00:52:49.441  1806  1935 W PackageManager: Unknown permission com.sonyericsson.permission.trackid3.HISTORY in package com.sonyericsson.music
09-30 00:52:49.441  1806  1935 W PackageManager: Unknown permission com.sonyericsson.updatecenter.permission.SEND_FEEDBACK in package com.sonyericsson.music
09-30 00:52:49.441  1806  1935 W PackageManager: Not granting permission android.permission.READ_CALL_LOG to package cz.mobilesoft.callistics because it was previously installed without
09-30 00:52:49.442  1806  1935 W PackageManager: Not granting permission android.permission.READ_CONTACTS to package cz.mobilesoft.callistics because it was previously installed without
09-30 00:52:49.442  1806  1935 W PackageManager: Not granting permission android.permission.READ_SMS to package cz.mobilesoft.callistics because it was previously installed without
09-30 00:52:49.442  1806  1935 W PackageManager: Not granting permission android.permission.READ_PHONE_STATE to package cz.mobilesoft.callistics because it was previously installed without
09-30 00:52:49.442  1806  1935 W PackageManager: Not granting permission android.permission.READ_EXTERNAL_STORAGE to package cz.mobilesoft.callistics because it was previously installed without
09-30 00:52:49.442  1806  1935 W PackageManager: Not granting permission android.permission.GET_ACCOUNTS to package com.evernote because it was previously installed without
09-30 00:52:49.442  1806  1935 W PackageManager: Not granting permission android.permission.READ_CALENDAR to package com.evernote because it was previously installed without
09-30 00:52:49.442  1806  1935 W PackageManager: Not granting permission android.permission.CAMERA to package com.evernote because it was previously installed without
09-30 00:52:49.442  1806  1935 W PackageManager: Not granting permission android.permission.READ_CONTACTS to package com.evernote because it was previously installed without
09-30 00:52:49.442  1806  1935 W PackageManager: Not granting permission android.permission.ACCESS_COARSE_LOCATION to package com.evernote because it was previously installed without
09-30 00:52:49.442  1806  1935 W PackageManager: Not granting permission android.permission.ACCESS_FINE_LOCATION to package com.evernote because it was previously installed without
09-30 00:52:49.442  1806  1935 W PackageManager: Not granting permission android.permission.RECORD_AUDIO to package com.evernote because it was previously installed without
09-30 00:52:49.442  1806  1935 W PackageManager: Not granting permission android.permission.READ_PHONE_STATE to package com.evernote because it was previously installed without
09-30 00:52:49.442  1806  1935 W PackageManager: Not granting permission android.permission.WRITE_EXTERNAL_STORAGE to package com.evernote because it was previously installed without
09-30 00:52:49.442  1806  1935 W PackageManager: Unknown permission com.sonymobile.permission.CAMERA_ADDON in package com.evernote
09-30 00:52:49.442  1806  1935 W PackageManager: Unknown permission samsung.snote.permission.EVERNOTE in package com.evernote
09-30 00:52:49.442  1806  1935 W PackageManager: Not granting permission android.permission.READ_EXTERNAL_STORAGE to package com.evernote because it was previously installed without
09-30 00:52:49.442  1806  1935 W PackageManager: Not granting permission android.permission.WRITE_EXTERNAL_STORAGE to package com.linkedin.android because it was previously installed without
09-30 00:52:49.442  1806  1935 W PackageManager: Not granting permission android.permission.ACCESS_FINE_LOCATION to package com.linkedin.android because it was previously installed without
09-30 00:52:49.442  1806  1935 W PackageManager: Not granting permission android.permission.GET_ACCOUNTS to package com.linkedin.android because it was previously installed without
09-30 00:52:49.443  1806  1935 W PackageManager: Not granting permission android.permission.WRITE_CONTACTS to package com.linkedin.android because it was previously installed without
09-30 00:52:49.443  1806  1935 W PackageManager: Not granting permission android.permission.READ_CONTACTS to package com.linkedin.android because it was previously installed without
09-30 00:52:49.443  1806  1935 W PackageManager: Not granting permission android.permission.READ_CALENDAR to package com.linkedin.android because it was previously installed without
09-30 00:52:49.443  1806  1935 W PackageManager: Not granting permission android.permission.READ_EXTERNAL_STORAGE to package com.linkedin.android because it was previously installed without
09-30 00:52:49.443  1806  1935 W PackageManager: Unknown permission com.android.launcher.permission.READ_SETTINGS in package com.android.settings
09-30 00:52:49.443  1806  1935 W PackageManager: Unknown permission com.android.launcher.permission.WRITE_SETTINGS in package com.android.settings
09-30 00:52:49.444  1806  1935 W PackageManager: Not granting permission android.permission.GET_ACCOUNTS to package com.myntra.android because it was previously installed without
09-30 00:52:49.444  1806  1935 W PackageManager: Not granting permission android.permission.READ_SMS to package com.myntra.android because it was previously installed without
09-30 00:52:49.444  1806  1935 W PackageManager: Not granting permission android.permission.WRITE_EXTERNAL_STORAGE to package com.myntra.android because it was previously installed without
09-30 00:52:49.444  1806  1935 W PackageManager: Not granting permission android.permission.READ_PHONE_STATE to package com.myntra.android because it was previously installed without
09-30 00:52:49.444  1806  1935 W PackageManager: Not granting permission android.permission.ACCESS_FINE_LOCATION to package com.myntra.android because it was previously installed without
09-30 00:52:49.444  1806  1935 W PackageManager: Not granting permission android.permission.READ_CONTACTS to package com.myntra.android because it was previously installed without
09-30 00:52:49.444  1806  1935 W PackageManager: Not granting permission android.permission.RECEIVE_SMS to package com.myntra.android because it was previously installed without
09-30 00:52:49.444  1806  1935 W PackageManager: Not granting permission android.permission.CAMERA to package com.myntra.android because it was previously installed without
09-30 00:52:49.444  1806  1935 W PackageManager: Unknown permission com.sec.android.provider.badge.permission.READ in package com.myntra.android
09-30 00:52:49.444  1806  1935 W PackageManager: Unknown permission com.sec.android.provider.badge.permission.WRITE in package com.myntra.android
09-30 00:52:49.444  1806  1935 W PackageManager: Unknown permission com.htc.launcher.permission.READ_SETTINGS in package com.myntra.android
09-30 00:52:49.444  1806  1935 W PackageManager: Unknown permission com.htc.launcher.permission.UPDATE_SHORTCUT in package com.myntra.android
09-30 00:52:49.444  1806  1935 W PackageManager: Unknown permission com.sonyericsson.home.permission.BROADCAST_BADGE in package com.myntra.android
09-30 00:52:49.444  1806  1935 W PackageManager: Unknown permission com.anddoes.launcher.permission.UPDATE_COUNT in package com.myntra.android
09-30 00:52:49.444  1806  1935 W PackageManager: Unknown permission com.majeur.launcher.permission.UPDATE_BADGE in package com.myntra.android
09-30 00:52:49.444  1806  1935 W PackageManager: Not granting permission android.permission.READ_EXTERNAL_STORAGE to package com.myntra.android because it was previously installed without
