09-30 00:53:48.890  9648  9648 W MX      : 	at com.android.internal.os.ZygoteInit.main(ZygoteInit.java:618)
09-30 00:53:48.890  9648  9648 W MX      : Caused by: android.system.ErrnoException: open failed: ENOENT (No such file or directory)
09-30 00:53:48.890  9648  9648 W MX      : 	at libcore.io.Posix.open(Native Method)
09-30 00:53:48.890  9648  9648 W MX      : 	at libcore.io.BlockGuardOs.open(BlockGuardOs.java:186)
09-30 00:53:48.890  9648  9648 W MX      : 	at libcore.io.IoBridge.open(IoBridge.java:438)
09-30 00:53:48.890  9648  9648 W MX      : 	... 23 more
09-30 00:53:48.908  9648  9648 I MX      : CpuFamily=[1] CpuFeatures=[2047] CpuCount=[8] os.arch=[armv7l] ABIs=[armeabi-v7a;armeabi]
09-30 00:53:48.918  9648  9648 W .videoplayer.ad: type=1400 audit(0.0:1153): avc: denied { getattr } for uid=10122 path="/mnt/media_rw" dev="tmpfs" ino=4413 scontext=u:r:untrusted_app:s0:c512,c768 tcontext=u:object_r:mnt_media_rw_file:s0 tclass=dir permissive=0
09-30 00:53:48.921  9648  9648 W .videoplayer.ad: type=1400 audit(0.0:1154): avc: denied { getattr } for uid=10122 path="/mnt/media_rw" dev="tmpfs" ino=4413 scontext=u:r:untrusted_app:s0:c512,c768 tcontext=u:object_r:mnt_media_rw_file:s0 tclass=dir permissive=0
09-30 00:53:48.921  9648  9648 V MX.P    : Primary-external-storage: /storage/emulated/0 (Emulated: true Canonical-path: /storage/emulated/0)
09-30 00:53:48.924  9648  9648 V MX.P    : /storage/44E3-42C1 --> /storage/44E3-42C1
09-30 00:53:48.924  9648  9648 V MX.P    : /storage/self --> /storage/self
09-30 00:53:48.924  9648  9648 V MX.P    : /mnt/sdcard --> /storage/emulated/0
09-30 00:53:48.925  9648  9648 V MX.P    : /mnt/runtime --> /mnt/runtime
09-30 00:53:48.925  9648  9648 V MX.P    : /mnt/expand --> /mnt/expand
09-30 00:53:48.925  9648  9648 V MX.P    : /mnt/user --> /mnt/user
09-30 00:53:48.925  9648  9648 V MX.P    : /mnt/obb --> /mnt/obb
09-30 00:53:48.925  9648  9648 V MX.P    : /mnt/asec --> /mnt/asec
09-30 00:53:48.925  9648  9648 V MX.P    : /mnt/secure --> /mnt/secure
09-30 00:53:48.928  1806  1859 I ActivityManager: Waited long enough for: ServiceRecord{bb587db u0 com.instagram.android/com.facebook.rti.push.service.FbnsService}
09-30 00:53:49.038   502  9669 D libc    : retrying_select2 timeout
09-30 00:53:49.038   502  9669 D libc    : dns server used:125.22.47.125
09-30 00:53:49.047  9648  9648 I MX      : Application=[MX Player] Version=[1.8.8] Manufacturer=[motorola] Model=[Moto G (4)] Display=[MPJ24.139-63] Brand=[motorola] Product=[athene_f] Android=[6.0.1]
09-30 00:53:49.069  1806  6049 I ActivityManager: Start proc 9670:ru.org.amip.ClockSync/u0a188 for broadcast ru.org.amip.ClockSync/.ConnectivityReceiver
09-30 00:53:49.071  1806  6049 I ActivityManager: Killing 9385:com.motorola.retail.settings.extensions/u0a53 (adj 15): empty #13
09-30 00:53:49.124  9670  9670 W System  : ClassLoader referenced unknown path: /data/app/ru.org.amip.ClockSync-1/lib/arm
09-30 00:53:49.135  9670  9670 D ClockSync: Timer cancelled
09-30 00:53:49.139  1806  6808 I ActivityManager: Killing 9410:com.motorola.config.wifi/u0a64 (adj 15): empty #13
09-30 00:53:49.181  1806  1826 I ActivityManager: Start proc 9684:com.lenovo.anyshare.gps/u0a127 for broadcast com.lenovo.anyshare.gps/com.lenovo.anyshare.app.DefaultReceiver
09-30 00:53:49.228  1806  1859 I ActivityManager: Waited long enough for: ServiceRecord{c6d15c0 u0 com.facebook.lite/com.facebook.rti.push.service.FbnsService}
09-30 00:53:49.315  9684  9684 I AS.     : 00:53:49.314[1] Logger Started, DebugVersion = false
09-30 00:53:49.366  1806  4250 D WifiService: New client listening to asynchronous messages
09-30 00:53:49.421  1806  6061 I ActivityManager: Start proc 9702:com.instagram.android/u0a146 for broadcast com.instagram.android/com.instagram.push.fbns.FbnsInitBroadcastReceiver
09-30 00:53:49.543  1806  6061 I ActivityManager: Killing 9422:com.verizon.omadm/u0a76 (adj 15): empty #13
09-30 00:53:49.577  8337  8337 W Settings: Setting preferred_network_mode has moved from android.provider.Settings.Secure to android.provider.Settings.Global.
09-30 00:53:49.588  1806  6636 D NetlinkSocketObserver: NeighborEvent{elapsedMs=99863, fe80::ed2:b5ff:fe10:58f4, [0CD2B51058F4], RTM_NEWNEIGH, NUD_STALE}
09-30 00:53:49.686  9702  9702 I IgDiscardableRuntime: JNI_OnLoad
09-30 00:53:49.742  9702  9702 W ColdStartPerformanceTracer: .                   TOTAL   THREAD
09-30 00:53:49.742  9702  9702 W ColdStartPerformanceTracer: ____0 00.000 Start    ...     ...   ColdStartPerformanceTracer
09-30 00:53:49.742  9702  9702 W ColdStartPerformanceTracer: __246 00.246 Done __246 ms __177 ms ColdStartPerformanceTracer
09-30 00:53:49.754  1806  6051 I ActivityManager: Start proc 9749:net.one97.paytm/u0a120 for broadcast net.one97.paytm/.smsHelper.NetworkStateChangeReceiver
09-30 00:53:49.789  1806  6808 I ActivityManager: Killing 9434:org.codeaurora.ims/1001 (adj 15): empty #13
09-30 00:53:49.804  9749  9749 W System  : ClassLoader referenced unknown path: /data/app/net.one97.paytm-1/lib/arm
09-30 00:53:49.809  9749  9749 I MultiDex: VM with version 2.1.0 has multidex support
09-30 00:53:49.809  9749  9749 I MultiDex: install
09-30 00:53:49.809  9749  9749 I MultiDex: VM has multidex support, MultiDex support library is disabled.
09-30 00:53:49.828  9749  9749 I GMPM    : App measurement is starting up, version: 8487
09-30 00:53:49.828  9749  9749 I GMPM    : To enable debug logging run: adb shell setprop log.tag.GMPM VERBOSE
09-30 00:53:49.838  9749  9749 E GMPM    : GoogleService failed to initialize, status: 10, Missing an expected resource: 'R.string.google_app_id' for initializing Google services.  Possible causes are missing google-services.json or com.google.gms.google-services gradle plugin.
09-30 00:53:49.838  9749  9749 E GMPM    : Scheduler not set. Not logging error/warn.
09-30 00:53:49.851  9749  9768 E GMPM    : Uploading is not possible. App measurement disabled
09-30 00:53:50.029  9749  9788 D Paytm Channel ID: 3b5e2929-7250-4a98-8cb3-e29ec2695dee
09-30 00:53:50.084  9749  9749 I Fabric  : Initializing Crashlytics 2.2.1.32
09-30 00:53:50.143  9749  9749 W Settings: Setting airplane_mode_on has moved from android.provider.Settings.System to android.provider.Settings.Global, returning read-only value.
09-30 00:53:50.162  1806  6808 I ActivityManager: Start proc 9817:jp.co.translimit.braindots/u0a140 for broadcast jp.co.translimit.braindots/com.inmobi.commons.analytics.androidsdk.IMAdTrackerReceiver
09-30 00:53:50.277   502  9828 D libc    : retrying_select2 timeout
09-30 00:53:50.277   502  9828 D libc    : dns server used:125.22.47.125
09-30 00:53:50.291   490   490 I chatty  : uid=1001(radio) /system/bin/rmt_storage expire 5 lines
09-30 00:53:50.292   490  1742 I chatty  : uid=1001(radio) /system/bin/rmt_storage expire 4 lines
09-30 00:53:50.337   814   814 I MSM-irqbalance: Decided to move IRQ239 from CPU7 to CPU6
09-30 00:53:50.344  1806  6061 I ActivityManager: Start proc 9832:cz.mobilesoft.callistics/u0a147 for broadcast cz.mobilesoft.callistics/.DataMonitorReceiver
09-30 00:53:50.345  1806  6061 I ActivityManager: Killing 9448:com.clarendon128.android.widget.stickynote/u0a142 (adj 15): empty #13
09-30 00:53:50.426  9832  9832 W System  : ClassLoader referenced unknown path: /data/app/cz.mobilesoft.callistics-2/lib/arm
09-30 00:53:50.430  1806  4185 I InputReader: Reconfiguring input devices.  changes=0x00000010
09-30 00:53:50.437  1806  4185 I InputReader: Reconfiguring input devices.  changes=0x00000010
09-30 00:53:50.440  9832  9832 D FirebaseApp: com.google.firebase.auth.FirebaseAuth is not linked. Skipping initialization.
09-30 00:53:50.448  9832  9832 D FirebaseApp: Initialized class com.google.firebase.iid.FirebaseInstanceId.
09-30 00:53:50.448  9832  9832 D FirebaseApp: com.google.firebase.crash.FirebaseCrash is not linked. Skipping initialization.
09-30 00:53:50.462  9832  9832 I FA      : App measurement is starting up, version: 9080
09-30 00:53:50.462  9832  9832 I FA      : To enable debug logging run: adb shell setprop log.tag.FA VERBOSE
09-30 00:53:50.484  9832  9832 D FirebaseApp: Initialized class com.google.android.gms.measurement.AppMeasurement.
09-30 00:53:50.484  9832  9832 I FirebaseInitProvider: FirebaseApp initialization successful
09-30 00:53:50.496  9832  9846 V GoogleSignatureVerifier: com.google.android.gms signature not valid.  Found: 
09-30 00:53:50.496  9832  9846 V GoogleSignatureVerifier: MIIEQzCCAyugAwIBAgIJAMLgh0ZkSjCNMA0GCSqGSIb3DQEBBAUAMHQxCzAJBgNVBAYTAlVTMRMw
09-30 00:53:50.496  9832  9846 V GoogleSignatureVerifier: EQYDVQQIEwpDYWxpZm9ybmlhMRYwFAYDVQQHEw1Nb3VudGFpbiBWaWV3MRQwEgYDVQQKEwtHb29n
09-30 00:53:50.496  9832  9846 V GoogleSignatureVerifier: bGUgSW5jLjEQMA4GA1UECxMHQW5kcm9pZDEQMA4GA1UEAxMHQW5kcm9pZDAeFw0wODA4MjEyMzEz
09-30 00:53:50.496  9832  9846 V GoogleSignatureVerifier: MzRaFw0zNjAxMDcyMzEzMzRaMHQxCzAJBgNVBAYTAlVTMRMwEQYDVQQIEwpDYWxpZm9ybmlhMRYw
09-30 00:53:50.496  9832  9846 V GoogleSignatureVerifier: FAYDVQQHEw1Nb3VudGFpbiBWaWV3MRQwEgYDVQQKEwtHb29nbGUgSW5jLjEQMA4GA1UECxMHQW5k
09-30 00:53:50.496  9832  9846 V GoogleSignatureVerifier: cm9pZDEQMA4GA1UEAxMHQW5kcm9pZDCCASAwDQYJKoZIhvcNAQEBBQADggENADCCAQgCggEBAKtW
09-30 00:53:50.496  9832  9846 V GoogleSignatureVerifier: LgDYO6IIrgqWbxJOKdoR8qtW0I9Y4sypEwPpt1TTcvZApxsdyxMJZ2JORland2qSGT2y5b+3JKke
09-30 00:53:50.496  9832  9846 V GoogleSignatureVerifier: dxiLDmpHpDsz2WCbdxgxRczfey5YZnTJ4VZbH0xqWVW/8lGmPav5xVwnIiJS6HXk+BVKZF+JcWjA
09-30 00:53:50.496  9832  9846 V GoogleSignatureVerifier: sb/GEuq/eFdpuzSqeYTcfi6idkyugwfYwXFU1+5fZKUaRKYCwkkFQVfcAs1fXA5V+++FGfvjJ/Cx
09-30 00:53:50.496  9832  9846 V GoogleSignatureVerifier: URaSxaBvGdGDhfXE28LWuT9ozCl5xw4Yq5OGazvV24mZVSoOO0yZ31j7kYvtwYK6NeADwbSxDdJE
09-30 00:53:50.496  9832  9846 V GoogleSignatureVerifier: qO4k//0zOHKrUiGYXtqw/A0LFFtqoZKFjnkCAQOjgdkwgdYwHQYDVR0OBBYEFMd9jMIhF1Ylmn/T
09-30 00:53:50.496  9832  9846 V GoogleSignatureVerifier: gt9r45jk14alMIGmBgNVHSMEgZ4wgZuAFMd9jMIhF1Ylmn/Tgt9r45jk14aloXikdjB0MQswCQYD
09-30 00:53:50.496  9832  9846 V GoogleSignatureVerifier: VQQGEwJVUzETMBEGA1UECBMKQ2FsaWZvcm5pYTEWMBQGA1UEBxMNTW91bnRhaW4gVmlldzEUMBIG
09-30 00:53:50.496  9832  9846 V GoogleSignatureVerifier: A1UEChMLR29vZ2xlIEluYy4xEDAOBgNVBAsTB0FuZHJvaWQxEDAOBgNVBAMTB0FuZHJvaWSCCQDC
09-30 00:53:50.496  9832  9846 V GoogleSignatureVerifier: 4IdGZEowjTAMBgNVHRMEBTADAQH/MA0GCSqGSIb3DQEBBAUAA4IBAQBt0lLO74UwLDYKqs6Tm8/y
09-30 00:53:50.496  9832  9846 V GoogleSignatureVerifier: zKkEu116FmH4rkaymUIE0P9KaMftGlMexFlaYjzmB2OxZyl6euNXEsQH8gjwyxCUKRJNexBiGcCE
09-30 00:53:50.496  9832  9846 V GoogleSignatureVerifier: yj6z+a1fuHHvkiaai+KL8W1EyNmgjmyy8AW7P+LLlkR+ho5zEHatRbM/YAnqGcFh5iZBqpknHf1S
09-30 00:53:50.496  9832  9846 V GoogleSignatureVerifier: KMXFh4dd239FJ1jWYfbMDMy3NS5CTMQ2XFI1MvcyUTdZPErjQfTbQe3aDQsQcafEQPD+nqActifK
09-30 00:53:50.496  9832  9846 V GoogleSignatureVerifier: Z0Np0IS9L9kR/wbNvyz6ENwPiTrjV2KRkEjH78ZMcUQXg0L3BYHJ3lc69Vs5Ddf9uUGGMYldX3Wf
09-30 00:53:50.496  9832  9846 V GoogleSignatureVerifier: MBEmh/9iFBDAaTCK
09-30 00:53:50.586  9832  9832 D Device  : Device: athene_f
09-30 00:53:50.586  9832  9832 D Device  : Device: athene_f
09-30 00:53:50.586  9832  9832 I Device  : Device: athene_f/ Interface: TrafficStats
09-30 00:53:50.616  1806  5503 I ActivityManager: Start proc 9849:com.qualcomm.timeservice/1000 for broadcast com.qualcomm.timeservice/.TimeServiceBroadcastReceiver
09-30 00:53:50.617  1806  5503 I ActivityManager: Killing 8938:com.android.cellbroadcastreceiver/u0a17 (adj 15): empty #13
09-30 00:53:50.691  9849  9849 W System  : ClassLoader referenced unknown path: /system/app/TimeService/lib/arm
09-30 00:53:50.702  9849  9849 D TimeService: Receivedandroid.intent.action.TIME_SET intent. Current Time is 1475177030702
09-30 00:53:50.702  9849  9849 D         : TimeServiceNative: User Time to be set is 1475177030702
09-30 00:53:50.702  9849  9849 D QC-time-services: Lib:time_genoff_operation: pargs->base = 2
09-30 00:53:50.702  9849  9849 D QC-time-services: Lib:time_genoff_operation: pargs->operation = 0
09-30 00:53:50.702  9849  9849 D QC-time-services: Lib:time_genoff_operation: pargs->ts_val = 1475177030702
09-30 00:53:50.703  9849  9849 D QC-time-services: Lib:time_genoff_operation: Send to server  passed!!
09-30 00:53:50.703   577   676 D QC-time-services: Daemon: Connection accepted:time_genoff
09-30 00:53:50.703   577  9861 D QC-time-services: Daemon:Received base = 2, unit = 1, operation = 0,value = 1475177030702
09-30 00:53:50.703   577  9861 D QC-time-services: Daemon:genoff_opr: Base = 2, val = 1475177030702, operation = 0
09-30 00:53:50.703   577  9861 D QC-time-services: Daemon:Value read from QTimer mseconds = 105244
09-30 00:53:50.703   577  9861 D QC-time-services: Daemon:Value read from RTC mseconds on boot = 1816491000
09-30 00:53:50.703   577  9861 D QC-time-services: Daemon:Delta read on boot mseconds = 1816481899
09-30 00:53:50.703   577  9861 D QC-time-services: Daemon:new time 1475177030702 
09-30 00:53:50.703   577  9861 D QC-time-services: Daemon: delta 1473360443559 genoff 1473360443559 
09-30 00:53:50.703   577  9861 D QC-time-services: Daemon:genoff_persistent_update: Writing genoff = 1473360443559 to memory
09-30 00:53:50.703   577  9861 D QC-time-services: Daemon:Opening File: /data/time/ats_2
09-30 00:53:50.703   577  9861 D QC-time-services: Daemon:time_persistent_memory_opr:Genoff write operation 
09-30 00:53:50.707   577  9861 D QC-time-services: Updating the TOD offset
09-30 00:53:50.707   577  9861 D QC-time-services: Daemon:genoff_persistent_update: Writing genoff = 1473360443559 to memory
09-30 00:53:50.707   577  9861 D QC-time-services: Daemon:Opening File: /data/time/ats_1
09-30 00:53:50.707   577  9861 D QC-time-services: Daemon:time_persistent_memory_opr:Genoff write operation 
09-30 00:53:50.709   577  9861 E QC-time-services: Daemon:Update to modem bit set
09-30 00:53:50.709   577  9861 D QC-time-services: Daemon:genoff_send_modem: Sending data to MODEM !
09-30 00:53:50.709   577  9861 D QC-time-services: Daemon: Base = 2, Value being sent to MODEM = 1157395643559
09-30 00:53:50.709  9849  9849 E QC-time-services: Receive Passed == base = 2, unit = 1, operation = 0, result = 0
09-30 00:53:50.712  1806  5487 I ActivityManager: Killing 9314:android.process.acore/u0a15 (adj 15): empty #13
09-30 00:53:50.713   577  2113 E QC-time-services: Daemon:tod_update_ind_cb: Got Update from modem msg_id 40
09-30 00:53:50.713   577   676 E QC-time-services: Daemon: Time-services: Waiting to acceptconnection
09-30 00:53:50.787  1806  6061 I ActivityManager: Start proc 9862:com.google.android.deskclock/u0a77 for broadcast com.google.android.deskclock/com.android.deskclock.AlarmInitReceiver
09-30 00:53:50.829  9862  9862 W System  : ClassLoader referenced unknown path: /data/app/com.google.android.deskclock-2/lib/arm
09-30 00:53:50.914  5615  8567 W NearbyDirect: Runnable[AsynchronousOperation_checkStatusAndStop] was delayed for 30:03.003
09-30 00:53:50.941  9862  9862 I GAv4    : Google Analytics 8.4.87 is starting up. To enable debug logging on a device run:
09-30 00:53:50.941  9862  9862 I GAv4    :   adb shell setprop log.tag.GAv4 DEBUG
09-30 00:53:50.941  9862  9862 I GAv4    :   adb logcat -s GAv4
09-30 00:53:50.955  9862  9862 W GAv4    : AnalyticsReceiver is not registered or is disabled. Register the receiver for reliable dispatching on non-Google Play devices. See http://goo.gl/8Rd3yj for instructions.
09-30 00:53:50.962  9862  9862 W GAv4    : CampaignTrackingReceiver is not registered, not exported or is disabled. Installation campaign tracking is not possible. See http://goo.gl/8Rd3yj for instructions.
09-30 00:53:50.969  9862  9862 I AlarmClock: AlarmInitReceiver android.intent.action.TIME_SET
09-30 00:53:50.969  9862  9877 W GAv4    : AnalyticsService not registered in the app manifest. Hits might not be delivered reliably. See http://goo.gl/8Rd3yj for instructions.
09-30 00:53:50.992  1806  5529 I ActivityManager: Killing 9482:com.motorola.genie/u0a34 (adj 15): empty #13
09-30 00:53:51.157  1806  5469 I ActivityManager: Killing 9504:com.android.chrome/u0a72 (adj 15): empty #13
09-30 00:53:51.212  9670  9670 D ClockSync: Time changed
09-30 00:53:51.226  1806  4828 I ActivityManager: Start proc 9880:com.manoramaonline.mmc.year2016/u0a123 for broadcast com.manoramaonline.mmc.year2016/com.manoramaonline.mmc.widget.WidgetLargeProvider
09-30 00:53:51.275  9465  9622 V ConnectivityManager: isActiveNetworkMetered() returns:false
09-30 00:53:51.284  9880  9880 W System  : ClassLoader referenced unknown path: /data/app/com.manoramaonline.mmc.year2016-1/lib/arm
09-30 00:53:51.310  1806  6061 I ActivityManager: Killing 9533:in.amazon.mShop.android.shopping/u0a145 (adj 15): empty #13
09-30 00:53:51.349  1806  4828 D ConnectivityService: ConnectivityService NetworkRequestInfo binderDied(NetworkRequest [ id=11, legacyType=-1, [ Capabilities: INTERNET&NOT_RESTRICTED&TRUSTED] ], android.os.BinderProxy@e05c8f4)
09-30 00:53:51.349  1806  4879 D ConnectivityService: ConnectivityService NetworkRequestInfo binderDied(NetworkRequest [ id=10, legacyType=-1, [ Capabilities: INTERNET&NOT_RESTRICTED&TRUSTED] ], android.os.BinderProxy@48beac7)
09-30 00:53:51.349  1806  4250 D WifiService: Client connection lost with reason: 4
09-30 00:53:51.349  1806  4252 D ConnectivityService: releasing NetworkRequest NetworkRequest [ id=11, legacyType=-1, [ Capabilities: INTERNET&NOT_RESTRICTED&TRUSTED] ]
09-30 00:53:51.350  1806  4252 E ConnectivityService: RemoteException caught trying to send a callback msg for NetworkRequest [ id=11, legacyType=-1, [ Capabilities: INTERNET&NOT_RESTRICTED&TRUSTED] ]
09-30 00:53:51.350  1806  4252 D ConnectivityService: releasing NetworkRequest NetworkRequest [ id=10, legacyType=-1, [ Capabilities: INTERNET&NOT_RESTRICTED&TRUSTED] ]
09-30 00:53:51.351  1806  4252 E ConnectivityService: RemoteException caught trying to send a callback msg for NetworkRequest [ id=10, legacyType=-1, [ Capabilities: INTERNET&NOT_RESTRICTED&TRUSTED] ]
09-30 00:53:51.429  9880  9880 D         : 2014.db
09-30 00:53:51.429  9880  9880 D         : 2015.db
09-30 00:53:51.429  9880  9880 D         : 2016.db
09-30 00:53:51.432  9880  9880 I System.out: Day date passed   :com.manoramaonline.mmc.e.d@ecc7090
09-30 00:53:51.449  9880  9880 I System.out: crdata1
09-30 00:53:51.450  9880  9880 I System.out: Day date passed   :com.manoramaonline.mmc.e.d@ecc7090
09-30 00:53:51.453  9880  9880 I System.out: npassdate2016-09-30
09-30 00:53:51.454  9880  9880 I System.out: SELECT NAAL_NAME,NAAZHIKA AS NAAL_NAAZHIKA FROM NAAL_TABLE INNER JOIN NAAL_MASTER ON NAAL_MASTER.ID=NAAL_TABLE.NAAL_ID WHERE DATE_ID='2016-09-30' ;
09-30 00:53:51.454  9880  9880 I System.out: crdata1
09-30 00:53:51.455  9880  9880 I System.out: naal_named
09-30 00:53:51.456  9880  9880 I System.out: Day date passed   :com.manoramaonline.mmc.e.d@ecc7090
09-30 00:53:51.456  9880  9880 I System.out: tpassdate2016-09-30
09-30 00:53:51.459  9880  9880 I System.out: SELECT THIDHI_NAME,NAAZHIKA AS THIDHI_NAAZHIKA FROM THIDHI_TABLE INNER JOIN THIDHI_MASTER ON THIDHI_MASTER.ID=THIDHI_TABLE.THIDHI_ID WHERE DATE_ID='2016-09-30';
09-30 00:53:51.460  9880  9880 I System.out: crdata1
09-30 00:53:51.461  9880  9880 I System.out: thidhi_nameD
09-30 00:53:51.461  9880  9880 I System.out: Day date passed   :com.manoramaonline.mmc.e.d@ecc7090
09-30 00:53:51.461  9880  9880 I System.out: tpassdate2016-09-30
09-30 00:53:51.466  9880  9880 I System.out: crdata1
09-30 00:53:51.629  9880  9880 I System.out: Day date passed   :com.manoramaonline.mmc.e.d@a6573a7
09-30 00:53:51.636  9880  9880 I System.out: crdata1
09-30 00:53:51.637  9880  9880 I System.out: Day date passed   :com.manoramaonline.mmc.e.d@a6573a7
09-30 00:53:51.642  9880  9880 I System.out: npassdate2016-09-30
09-30 00:53:51.643  9880  9880 I System.out: SELECT NAAL_NAME,NAAZHIKA AS NAAL_NAAZHIKA FROM NAAL_TABLE INNER JOIN NAAL_MASTER ON NAAL_MASTER.ID=NAAL_TABLE.NAAL_ID WHERE DATE_ID='2016-09-30' ;
09-30 00:53:51.644  9880  9880 I System.out: crdata1
09-30 00:53:51.644  9880  9880 I System.out: naal_named
09-30 00:53:51.645  9880  9880 I System.out: Day date passed   :com.manoramaonline.mmc.e.d@a6573a7
09-30 00:53:51.645  9880  9880 I System.out: tpassdate2016-09-30
09-30 00:53:51.650  9880  9880 I System.out: SELECT THIDHI_NAME,NAAZHIKA AS THIDHI_NAAZHIKA FROM THIDHI_TABLE INNER JOIN THIDHI_MASTER ON THIDHI_MASTER.ID=THIDHI_TABLE.THIDHI_ID WHERE DATE_ID='2016-09-30';
09-30 00:53:51.651  9880  9880 I System.out: crdata1
09-30 00:53:51.652  9880  9880 I System.out: thidhi_nameD
09-30 00:53:51.652  9880  9880 I System.out: Day date passed   :com.manoramaonline.mmc.e.d@a6573a7
09-30 00:53:51.652  9880  9880 I System.out: tpassdate2016-09-30
09-30 00:53:51.659  9880  9880 I System.out: crdata1
09-30 00:53:51.735  1806  1818 I art     : Background partial concurrent mark sweep GC freed 20203(1433KB) AllocSpace objects, 1(20KB) LOS objects, 33% free, 32MB/48MB, paused 1.981ms total 130.629ms
09-30 00:53:51.763  1806  5487 I ActivityManager: Start proc 9892:in.amazon.mShop.android.shopping/u0a145 for broadcast in.amazon.mShop.android.shopping/com.amazon.identity.auth.device.storage.LambortishClock$ChangeTimestampsBroadcastReceiver
09-30 00:53:51.771  9880  9880 D         : 2014.db
09-30 00:53:51.771  9880  9880 D         : 2015.db
09-30 00:53:51.771  9880  9880 D         : 2016.db
09-30 00:53:51.771  9880  9880 I System.out: dblist is  null
09-30 00:53:51.772  9880  9880 I System.out: App db : 2014.db
09-30 00:53:51.773  9880  9880 I System.out: App db : 2015.db
09-30 00:53:51.773  9880  9880 I System.out: App db : 2016.db
09-30 00:53:51.773  9880  9880 I System.out: App db : mmcal.db
09-30 00:53:51.777  9880  9880 I System.out: dblist will be empty
09-30 00:53:51.778  9880  9880 D Db Manager: Some db files are missing
09-30 00:53:51.778  9880  9880 D Db Manager: Checking file : 2014.db
09-30 00:53:51.778  9880  9880 I System.out: Contains>>>>2014.db
09-30 00:53:51.789  9880  9880 I System.out: DB VERSION>>>>>>>>>2
09-30 00:53:51.790  9880  9880 I System.out: returned version>>2
09-30 00:53:51.790  9880  9880 D Db Manager: Checking file : 2015.db
09-30 00:53:51.790  9880  9880 I System.out: Contains>>>>2015.db
09-30 00:53:51.794  9880  9880 I System.out: DB VERSION>>>>>>>>>2
09-30 00:53:51.794  9880  9880 I System.out: returned version>>2
09-30 00:53:51.794  9880  9880 D Db Manager: Checking file : 2016.db
09-30 00:53:51.794  9880  9880 I System.out: Contains>>>>2016.db
09-30 00:53:51.798  9880  9880 I System.out: DB VERSION>>>>>>>>>2
09-30 00:53:51.798  9880  9880 I System.out: returned version>>2
09-30 00:53:51.810  1806  4879 I ActivityManager: Killing 9624:com.motorola.msimsettings/u0a39 (adj 15): empty #13
09-30 00:53:51.855  9892  9892 W System  : ClassLoader referenced unknown path: /data/app/in.amazon.mShop.android.shopping-2/lib/arm
09-30 00:53:51.859  9892  9892 V ApplicationStateListener: Application is created at time: 1475177031859
09-30 00:53:51.913  4802  5167 I NetworkController.MotorolaMobileSignalController(1): MotorolaMobilePhoneStateListener.onSignalStrengthsChanged: Entered: signalStrength=SignalStrength: 16 0 -120 -160 -120 -1 -1 99 2147483647 2147483647 2147483647 2147483647 2147483647 gsm|lte level=4
09-30 00:53:51.921  9892  9892 D LocaleManager: Initial Locale Is: en_IN
09-30 00:53:51.924  9892  9892 I WebViewFactory: Loading com.google.android.webview version 52.0.2743.98 (code 275609800)
09-30 00:53:51.961  9892  9892 I art     : Rejecting re-init on previously-failed class java.lang.Class<com.android.webview.chromium.ServiceWorkerControllerAdapter>
09-30 00:53:51.962  9892  9892 I art     : Rejecting re-init on previously-failed class java.lang.Class<com.android.webview.chromium.ServiceWorkerControllerAdapter>
09-30 00:53:51.964  9892  9892 I art     : Rejecting re-init on previously-failed class java.lang.Class<com.android.webview.chromium.TokenBindingManagerAdapter>
09-30 00:53:51.964  9892  9892 I art     : Rejecting re-init on previously-failed class java.lang.Class<com.android.webview.chromium.TokenBindingManagerAdapter>
09-30 00:53:51.974  9892  9892 I cr_LibraryLoader: Time to load native libraries: 4 ms (timestamps 2246-2250)
09-30 00:53:51.974  9892  9892 I cr_LibraryLoader: Expected native library version number "52.0.2743.98", actual native library version number "52.0.2743.98"
09-30 00:53:51.998  9892  9892 W LocaleManager: Default CookieHandler was null
09-30 00:53:52.039  9892  9892 I DPLogger: DPLogger - Name was too long. Truncating; original name: BaseMetricsServiceFactory, truncated name: BaseMetricsServiceFacto
09-30 00:53:52.040  9892  9892 I DPLogger: DPLogger - Name was too long. Truncating; original name: MetricsConfigurationParser, truncated name: MetricsConfigurationPar
09-30 00:53:52.042  9892  9892 I MetricsConfigurationPar: MetricsConfigurationParser - Picking configuration; Domain: prod, Build: user, isDebuggable: false
09-30 00:53:52.055  9892  9892 I DPLogger: DPLogger - Name was too long. Truncating; original name: TComm.HttpClientSrrManager, truncated name: TComm.HttpClientSrrMana
09-30 00:53:52.056  9892  9892 I DPLogger: DPLogger - Name was too long. Truncating; original name: AndroidDeviceInfoManager, truncated name: AndroidDeviceInfoManage
09-30 00:53:52.057  9892  9892 I DPLogger: DPLogger - Name was too long. Truncating; original name: Metrics:BoundedByteArrayQueue, truncated name: Metrics:BoundedByteArra
09-30 00:53:52.057  9892  9892 I DPLogger: DPLogger - Name was too long. Truncating; original name: Metrics:NonVolatileBoundedByteArrayQueue, truncated name: Metrics:NonVolatileBoun
09-30 00:53:52.059  9892  9892 I DPLogger: DPLogger - Name was too long. Truncating; original name: Metrics:BatchTransmitter, truncated name: Metrics:BatchTransmitte
09-30 00:53:52.060  9892  9892 I DPLogger: DPLogger - Name was too long. Truncating; original name: Metrics:ThreadPoolBatchTransmitter, truncated name: Metrics:ThreadPoolBatch
09-30 00:53:52.060  9892  9892 I DPLogger: DPLogger - Name was too long. Truncating; original name: PeriodicBatchTransmitter, truncated name: PeriodicBatchTransmitte
09-30 00:53:52.062  9892  9892 I DPLogger: DPLogger - Name was too long. Truncating; original name: Metrics:UrgentBatchTransmitter, truncated name: Metrics:UrgentBatchTran
09-30 00:53:52.063  9892  9892 W BaseMetricsServiceFacto: createMetricsService - Skipping batch pipeline setup for ; RESERVED_FOR_LOCATION_SERVICE:  because no configuration is provided.
09-30 00:53:52.063  9892  9892 I DPLogger: DPLogger - Name was too long. Truncating; original name: OverridingDeviceInfoManager, truncated name: OverridingDeviceInfoMan
09-30 00:53:52.068  9892  9930 I Metrics:BatchTransmitte: QueuePusher.sendBatches - Drained batch queue.; Number of HIGH queue batches sent: 0
09-30 00:53:52.068  9892  9892 I DPLogger: DPLogger - Name was too long. Truncating; original name: MetricsBroadcastReceiver, truncated name: MetricsBroadcastReceive
09-30 00:53:52.069  9892  9929 I Metrics:BatchTransmitte: QueuePusher.sendBatches - Drained batch queue.; Number of NORMAL queue batches sent: 0
09-30 00:53:52.071  9892  9931 I Metrics:BatchTransmitte: QueuePusher.sendBatches - Drained batch queue.; Number of RESERVED_FOR_NON_ANONYMOUS_METRICS queue batches sent: 0
09-30 00:53:52.090  9892  9892 I WebViewSuspensionPolicy: Registering timer controller
09-30 00:53:52.098  9892  9892 V WebViewChromiumFactoryProvider: Binding Chromium to main looper Looper (main, tid 1) {a643057}
09-30 00:53:52.098  9892  9892 I cr_LibraryLoader: Expected native library version number "52.0.2743.98", actual native library version number "52.0.2743.98"
09-30 00:53:52.098  9892  9892 I chromium: [INFO:library_loader_hooks.cc(143)] Chromium logging enabled: level = 0, default verbosity = 0
09-30 00:53:52.106  1806  4250 D WifiService: New client listening to asynchronous messages
09-30 00:53:52.117  9892  9892 I cr_BrowserStartup: Initializing chromium process, singleProcess=true
09-30 00:53:52.140  9892  9892 I Adreno  : QUALCOMM build                   : 3d89180, I1b38baa288
09-30 00:53:52.140  9892  9892 I Adreno  : Build Date                       : 03/30/16
09-30 00:53:52.140  9892  9892 I Adreno  : OpenGL ES Shader Compiler Version: XE031.06.00.02
09-30 00:53:52.140  9892  9892 I Adreno  : Local Branch                     : master_AU27
09-30 00:53:52.140  9892  9892 I Adreno  : Remote Branch                    : 
09-30 00:53:52.140  9892  9892 I Adreno  : Remote Branch                    : 
09-30 00:53:52.140  9892  9892 I Adreno  : Reconstruct Branch               : 
09-30 00:53:52.205  9892  9942 W cr_media: Requires BLUETOOTH permission
09-30 00:53:52.247  1806  1823 D ConnectivityService: listenForNetwork for Listen from uid/pid:10145/9892 for NetworkRequest [ id=12, legacyType=-1, [ Capabilities: INTERNET&NOT_RESTRICTED&TRUSTED] ]
09-30 00:53:52.278  9892  9892 W cr_AwContents: onDetachedFromWindow called when already detached. Ignoring
09-30 00:53:52.281  9892  9892 I CordovaLog: Changing log level to 6
09-30 00:53:52.286  9892  9892 V AmazonApplication: Unable to execute setConfigCallbackForViewRoot on Android Platform6.0.1
09-30 00:53:52.287  9892  9949 I ...h.device.api.MAPInit: Initializing MAP (130050002 / MAPAndroidLib-1.0.1385.1) for app in.amazon.mShop.android.shopping
09-30 00:53:52.289  9892  9949 I ...ing.PlatformSettings: DCP settings not available; using defaults
09-30 00:53:52.293  9892  9892 I com.amazon.device.crashmanager.CrashDetectionHelper: Installing crash detector as default exception handler.
09-30 00:53:52.295  9892  9949 I ...ures.FeatureSetCache: Caching feature IsolateApplication as false
09-30 00:53:52.296  9892  9952 D SecondDexEntry: Copying jar has error
09-30 00:53:52.296  9892  9952 D SecondDexEntry: java.io.FileNotFoundException: dependencies/jarlist.txt
09-30 00:53:52.296  9892  9952 D SecondDexEntry: 	at android.content.res.AssetManager.openAsset(Native Method)
09-30 00:53:52.296  9892  9952 D SecondDexEntry: 	at android.content.res.AssetManager.open(AssetManager.java:313)
09-30 00:53:52.296  9892  9952 D SecondDexEntry: 	at android.content.res.AssetManager.open(AssetManager.java:287)
09-30 00:53:52.296  9892  9952 D SecondDexEntry: 	at com.amazon.mShop.android.platform.dex.DexUtils.getDexFileListFromAssets(DexUtils.java:115)
09-30 00:53:52.296  9892  9952 D SecondDexEntry: 	at com.amazon.mShop.android.platform.dex.DexUtils.copyJarsToAppPrivateFolder(DexUtils.java:51)
09-30 00:53:52.296  9892  9952 D SecondDexEntry: 	at com.amazon.mShop.android.platform.dex.SecondDexEntry.extractDexAndLoad(SecondDexEntry.java:275)
09-30 00:53:52.296  9892  9952 D SecondDexEntry: 	at com.amazon.mShop.android.platform.dex.SecondDexEntry$ExtractAndFillClassLoader.run(SecondDexEntry.java:300)
09-30 00:53:52.296  9892  9952 D SecondDexEntry: 	at java.lang.Thread.run(Thread.java:818)
09-30 00:53:52.297  9892  9951 I DPLogger: DPLogger - Name was too long. Truncating; original name: AbstractDetArtifactProcessor, truncated name: AbstractDetArtifactProc
09-30 00:53:52.297  9892  9951 I DPLogger: DPLogger - Name was too long. Truncating; original name: JavaCrashArtifactProcessor, truncated name: JavaCrashArtifactProces
09-30 00:53:52.306  9892  9951 I ArtifactUploader: uploadCrashEntries - Finished uploading artifacts. Uploaded 0 artifacts.;
09-30 00:53:52.306  9892  9949 I ...tils.CentralApkUtils: Cannot find amazon authenticator. returning null
09-30 00:53:52.306  9892  9949 I ...tils.CentralApkUtils: No central apk detected. This should be a 3P device.
09-30 00:53:52.307  9892  9949 I ...taStorageFactoryImpl: Creating new DataStorageFactoryImpl
09-30 00:53:52.308  9892  9949 I ...taStorageFactoryImpl: Initializing new DataStorage
09-30 00:53:52.310  9892  9949 I ...DeviceAttributeCache: Setting device attribute CentralAPK to false
09-30 00:53:52.310  9892  9949 I ...taStorageFactoryImpl: Creating and using new DistributedDataStorage
09-30 00:53:52.321  9892  9892 V AmazonApplication: Device metrics logging available in build
09-30 00:53:52.322  9892  9959 I ...amework.MAPInitTasks: Get DataStorage instance for initialization
09-30 00:53:52.322  9892  9959 I ...amework.MAPInitTasks: Initialize DataStorage instance
09-30 00:53:52.322  9892  9892 D DeviceMetricsLoggerImpl: Device Metrics Logging listener set
09-30 00:53:52.337  9892  9959 I ...amework.MAPInitTasks: Setup DataStorage instance
09-30 00:53:52.342  9892  9892 I ...rage.LambortishClock: Users clock moved. System time is 1475177032342 and timestamp is 1475177050513
09-30 00:53:52.344  1806  4828 I ActivityManager: Killing 9398:com.android.sdm.plugins.sprintdm/1001 (adj 15): empty #13
09-30 00:53:52.390  1806  4828 D ConnectivityService: listenForNetwork for Listen from uid/pid:10145/9892 for NetworkRequest [ id=13, legacyType=-1, [ Capabilities: INTERNET&NOT_RESTRICTED&TRUSTED] ]
09-30 00:53:52.400  9892  9957 D PartnerTaskDescriptor: com.amazon.mShop.treasuretruck.TreasureTruckStartUp does not exist in this build
09-30 00:53:52.401  9892  9957 D PartnerTaskDescriptor: com.amazon.mShop.fresh.FreshStartUp does not exist in this build
09-30 00:53:52.403  9892  9892 V ApplicationStateListener: Is Application.onCreate() for foreground: false
09-30 00:53:52.406  9892  9957 D PartnerTaskDescriptor: com.amazon.mShop.fling.FlingInitializer does not exist in this build
09-30 00:53:52.407  9892  9957 D PartnerTaskDescriptor: com.amazon.mShop.fling.wishListBottomSheet.WishListBottomSheetInitializer does not exist in this build
09-30 00:53:52.407  9892  9957 D PartnerTaskDescriptor: com.amazon.mShop.alexa.shopping.AlexaShoppingStartUp does not exist in this build
09-30 00:53:52.416  5615  8567 W NearbyDirect: Runnable[AsynchronousOperation_checkStatusAndStop] was delayed for 30:04.509
09-30 00:53:52.437  9892  9965 I ...eAccountPluginHolder: Returning Default multiple profile settings
09-30 00:53:52.478  1806  5503 I ActivityManager: Start proc 9966:com.motorola.retailconfig/u0a9 for broadcast com.motorola.retailconfig/.RetailConfigReceiver
09-30 00:53:52.507  9966  9966 W System  : ClassLoader referenced unknown path: /oem/priv-app/RetailConfigService/lib/arm
09-30 00:53:52.523  1806  5529 I ActivityManager: Start proc 9979:com.android.cellbroadcastreceiver/u0a17 for broadcast com.android.cellbroadcastreceiver/.CellBroadcastReceiver
09-30 00:53:52.525  1806  5529 I ActivityManager: Killing 9517:com.google.android.apps.photos/u0a107 (adj 15): empty #13
09-30 00:53:52.572  9979  9979 W System  : ClassLoader referenced unknown path: /system/priv-app/CellBroadcastReceiver/lib/arm
09-30 00:53:52.594  9979  9979 D CellBroadcastReceiver: BOTA use case - Settings retained for subId 1: true
09-30 00:53:52.596  9979  9979 D CellBroadcastReceiver: BOTA use case - Settings retained for subId 2: true
09-30 00:53:52.613  1806  5503 I ActivityManager: Start proc 9994:com.motorola.coresettingsext/u0a19 for broadcast com.motorola.coresettingsext/.SimSwapReceiver
09-30 00:53:52.622  4802  5167 I MotoNetwCtrlr: mCBEnableReceiver.onReceive: onReceive: Intent { act=com.motorola.cellbroadcastreceiver.CB_INFO_ON_SYSTEMUI flg=0x10 (has extras) } action=com.motorola.cellbroadcastreceiver.CB_INFO_ON_SYSTEMUI
09-30 00:53:52.622  4802  5167 I NetworkController: Mobile signal controller handleBroadcast: Intent=Intent { act=com.motorola.cellbroadcastreceiver.CB_INFO_ON_SYSTEMUI flg=0x10 (has extras) } Action=com.motorola.cellbroadcastreceiver.CB_INFO_ON_SYSTEMUI
09-30 00:53:52.622  4802  5167 I NetworkController: mCBEnableReceiver: onReceive: mIsCellBroadcastActive=false
09-30 00:53:52.646  9994  9994 W System  : ClassLoader referenced unknown path: /system/priv-app/CoreSettingsExt/lib/arm
09-30 00:53:52.650  5504  5517 I chatty  : uid=1001(radio) Binder_2 expire 3 lines
09-30 00:53:52.669  1806  5503 I ActivityManager: Start proc 10006:com.motorola.msimsettings/u0a39 for broadcast com.motorola.msimsettings/.receivers.SimStateChangeReceiverForSettings
09-30 00:53:52.670  1806  5503 I ActivityManager: Killing 9465:cn.xender/u0a126 (adj 15): empty #13
09-30 00:53:52.697  1806  4250 D WifiService: Client connection lost with reason: 4
09-30 00:53:52.706  5504  5684 I chatty  : uid=1001(radio) Binder_3 expire 3 lines
09-30 00:53:52.717 10006 10006 W System  : ClassLoader referenced unknown path: /system/priv-app/MSimSettings/lib/arm
09-30 00:53:52.735 10006 10006 V AccountSyncController: mAccountSyncController = com.motorola.android.providers.userpreferredsim.dswizard.AccountSyncController@6b7fd89
09-30 00:53:52.742  1806  5487 I ActivityManager: Killing 9648:com.mxtech.videoplayer.ad/u0a122 (adj 15): empty #13
09-30 00:53:52.792  1806  4183 V AlarmManager: sending alarm {1a7cd31 type 0 *walarm*:com.manoramaonline.mmc.year2016/com.manoramaonline.mmc.notification.NotificationService}
09-30 00:53:52.807  5504  6138 I chatty  : uid=1001(radio) Binder_6 expire 3 lines
09-30 00:53:52.810  1806  5524 I ActivityManager: Start proc 10023:com.android.settings/1000 for broadcast com.android.settings/.sim.SimSelectNotification
09-30 00:53:52.829  5504  6942 I chatty  : uid=1001(radio) Binder_8 expire 5 lines
09-30 00:53:52.854 10023 10023 W System  : ClassLoader referenced unknown path: /system/priv-app/Settings/lib/arm
09-30 00:53:52.867 10023 10023 D SimSelectNotification: simstatus = LOADED
09-30 00:53:52.876 10023 10023 D SimSelectNotification: simInsertState = 0
09-30 00:53:52.887  5504  5517 D IccSmsInterfaceManager: [IccSmsInterfaceManager] disableGsmBroadcastRange
09-30 00:53:52.888  5504  5517 D IccSmsInterfaceManager: [IccSmsInterfaceManager] Failed to remove GSM cell broadcast subscription for MID range 920 to 928 from client com.android.cellbroadcastreceiver
09-30 00:53:52.898  5504  5516 D IccSmsInterfaceManager: [IccSmsInterfaceManager] disableGsmBroadcastRange
09-30 00:53:52.898  5504  5516 D IccSmsInterfaceManager: [IccSmsInterfaceManager] Failed to remove GSM cell broadcast subscription for MID range 4355 to 4355 from client com.android.cellbroadcastreceiver
09-30 00:53:52.908  5504  6829 D IccSmsInterfaceManager: [IccSmsInterfaceManager] disableGsmBroadcastRange
09-30 00:53:52.909  5504  6829 D IccSmsInterfaceManager: [IccSmsInterfaceManager] Failed to remove GSM cell broadcast subscription for MID range 4380 to 4382 from client com.android.cellbroadcastreceiver
09-30 00:53:52.919  5504  5517 D IccSmsInterfaceManager: [IccSmsInterfaceManager] disableCdmaBroadcastRange
09-30 00:53:52.920  5504  5517 D IccSmsInterfaceManager: [IccSmsInterfaceManager] Failed to remove cdma broadcast subscription for MID range 4100 to 4100 from client com.android.cellbroadcastreceiver
09-30 00:53:52.923 10023 10023 D SimSelectNotification: Data & SMS default sims are selected. No notification
09-30 00:53:52.931  5504  6942 D IccSmsInterfaceManager: [IccSmsInterfaceManager] disableGsmBroadcastRange
09-30 00:53:52.931  5504  6942 D IccSmsInterfaceManager: [IccSmsInterfaceManager] Failed to remove GSM cell broadcast subscription for MID range 4393 to 4395 from client com.android.cellbroadcastreceiver
09-30 00:53:52.937  1806  6808 I ActivityManager: Start proc 10036:com.motorola.retail.settings.extensions/u0a53 for broadcast com.motorola.retail.settings.extensions/.SimStateChangedReceiver
09-30 00:53:52.938  1806  6808 I ActivityManager: Killing 9684:com.lenovo.anyshare.gps/u0a127 (adj 15): empty #13
09-30 00:53:52.989  1806  4250 D WifiService: Client connection lost with reason: 4
09-30 00:53:53.015 10036 10036 W System  : ClassLoader referenced unknown path: /system/priv-app/SettingsExtRet/lib/arm
09-30 00:53:53.044  1806  4828 I ActivityManager: Start proc 10050:com.android.sdm.plugins.sprintdm/1001 for broadcast com.android.sdm.plugins.sprintdm/.SprintDMReceiver
09-30 00:53:53.044  5504  5684 D IccSmsInterfaceManager: [IccSmsInterfaceManager] enableGsmBroadcastRange
09-30 00:53:53.045  5504  5684 D IccSmsInterfaceManager: [IccSmsInterfaceManager] Added GSM cell broadcast subscription for MID range 4352 to 4354 from client com.android.cellbroadcastreceiver
09-30 00:53:53.045  5504  5684 D IccSmsInterfaceManager: [IccSmsInterfaceManager] Calling setCellBroadcastActivation(true)
09-30 00:53:53.045  1806  4828 I ActivityManager: Killing 9702:com.instagram.android/u0a146 (adj 15): empty #13
09-30 00:53:53.064  5504  6138 D IccSmsInterfaceManager: [IccSmsInterfaceManager] enableGsmBroadcastRange
09-30 00:53:53.065  5504  6138 D IccSmsInterfaceManager: [IccSmsInterfaceManager] Added GSM cell broadcast subscription for MID range 4356 to 4356 from client com.android.cellbroadcastreceiver
09-30 00:53:53.065  5504  6138 D IccSmsInterfaceManager: [IccSmsInterfaceManager] Calling setCellBroadcastActivation(true)
09-30 00:53:53.080  5504  5783 D IccSmsInterfaceManager: [IccSmsInterfaceManager] enableGsmBroadcastRange
09-30 00:53:53.081  5504  5783 D IccSmsInterfaceManager: [IccSmsInterfaceManager] Added GSM cell broadcast subscription for MID range 4371 to 4372 from client com.android.cellbroadcastreceiver
09-30 00:53:53.081  5504  5783 D IccSmsInterfaceManager: [IccSmsInterfaceManager] Calling setCellBroadcastActivation(true)
09-30 00:53:53.098  5504  6138 D IccSmsInterfaceManager: [IccSmsInterfaceManager] enableCdmaBroadcastRange
09-30 00:53:53.098  5504  6138 D IccSmsInterfaceManager: [IccSmsInterfaceManager] Calling setCdmaBroadcastConfig with 1 configurations
09-30 00:53:53.102  5504  6138 D IccSmsInterfaceManager: [IccSmsInterfaceManager] Failed to add cdma broadcast subscription for MID range 4097 to 4097 from client com.android.cellbroadcastreceiver
09-30 00:53:53.113  5504  5783 D IccSmsInterfaceManager: [IccSmsInterfaceManager] enableGsmBroadcastRange
09-30 00:53:53.114  5504  5783 D IccSmsInterfaceManager: [IccSmsInterfaceManager] Added GSM cell broadcast subscription for MID range 4373 to 4378 from client com.android.cellbroadcastreceiver
09-30 00:53:53.114  5504  5783 D IccSmsInterfaceManager: [IccSmsInterfaceManager] Calling setCellBroadcastActivation(true)
09-30 00:53:53.117 10050 10050 W System  : ClassLoader referenced unknown path: /system/priv-app/SprintDM/lib/arm
09-30 00:53:53.119 10050 10050 D SprintDMReceiver: Received intent: android.intent.action.SIM_STATE_CHANGED
09-30 00:53:53.126 10050 10050 D SprintDMHelper: simOperator: 40445
09-30 00:53:53.127 10050 10050 D SprintDMReceiver: Not Sprint UICC, don't do anything.
09-30 00:53:53.130  1806  4828 I ActivityManager: Killing 9817:jp.co.translimit.braindots/u0a140 (adj 15): empty #13
09-30 00:53:53.135  5504  6829 D IccSmsInterfaceManager: [IccSmsInterfaceManager] enableCdmaBroadcastRange
09-30 00:53:53.135  5504  6829 D IccSmsInterfaceManager: [IccSmsInterfaceManager] Calling setCdmaBroadcastConfig with 1 configurations
09-30 00:53:53.138  5504  6829 D IccSmsInterfaceManager: [IccSmsInterfaceManager] Failed to add cdma broadcast subscription for MID range 4098 to 4098 from client com.android.cellbroadcastreceiver
09-30 00:53:53.148  5504  6942 D IccSmsInterfaceManager: [IccSmsInterfaceManager] enableGsmBroadcastRange
09-30 00:53:53.149  5504  6942 D IccSmsInterfaceManager: [IccSmsInterfaceManager] Added GSM cell broadcast subscription for MID range 4379 to 4379 from client com.android.cellbroadcastreceiver
09-30 00:53:53.149  5504  6942 D IccSmsInterfaceManager: [IccSmsInterfaceManager] Calling setCellBroadcastActivation(true)
09-30 00:53:53.167  5504  6829 D IccSmsInterfaceManager: [IccSmsInterfaceManager] enableCdmaBroadcastRange
09-30 00:53:53.168  5504  6829 D IccSmsInterfaceManager: [IccSmsInterfaceManager] Calling setCdmaBroadcastConfig with 1 configurations
09-30 00:53:53.170  5504  6829 D IccSmsInterfaceManager: [IccSmsInterfaceManager] Failed to add cdma broadcast subscription for MID range 4099 to 4099 from client com.android.cellbroadcastreceiver
09-30 00:53:53.182  5504  5516 D IccSmsInterfaceManager: [IccSmsInterfaceManager] enableGsmBroadcastRange
09-30 00:53:53.183  5504  5516 D IccSmsInterfaceManager: [IccSmsInterfaceManager] Added GSM cell broadcast subscription for MID range 4370 to 4370 from client com.android.cellbroadcastreceiver
09-30 00:53:53.183  5504  5516 D IccSmsInterfaceManager: [IccSmsInterfaceManager] Calling setCellBroadcastActivation(true)
09-30 00:53:53.186  1806  6061 I ActivityManager: Start proc 10062:com.motorola.config.wifi/u0a64 for broadcast com.motorola.config.wifi/.SimStateReceiver
09-30 00:53:53.200  5504  5783 D IccSmsInterfaceManager: [IccSmsInterfaceManager] enableCdmaBroadcastRange
09-30 00:53:53.200  5504  5783 D IccSmsInterfaceManager: [IccSmsInterfaceManager] Calling setCdmaBroadcastConfig with 1 configurations
09-30 00:53:53.204  5504  5783 D IccSmsInterfaceManager: [IccSmsInterfaceManager] Failed to add cdma broadcast subscription for MID range 4096 to 4096 from client com.android.cellbroadcastreceiver
09-30 00:53:53.218  5504  6133 D IccSmsInterfaceManager: [IccSmsInterfaceManager] enableGsmBroadcastRange
09-30 00:53:53.219  5504  6133 D IccSmsInterfaceManager: [IccSmsInterfaceManager] Added GSM cell broadcast subscription for MID range 4383 to 4383 from client com.android.cellbroadcastreceiver
09-30 00:53:53.219  5504  6133 D IccSmsInterfaceManager: [IccSmsInterfaceManager] Calling setCellBroadcastActivation(true)
09-30 00:53:53.224 10062 10062 W System  : ClassLoader referenced unknown path: /system/priv-app/WpaConfigApp/lib/arm
09-30 00:53:53.238  5504  6829 D IccSmsInterfaceManager: [IccSmsInterfaceManager] disableGsmBroadcastRange
09-30 00:53:53.238  5504  6829 D IccSmsInterfaceManager: [IccSmsInterfaceManager] Failed to remove GSM cell broadcast subscription for MID range 50 to 50 from client com.android.cellbroadcastreceiver
09-30 00:53:53.243  1806  1826 I ActivityManager: Start proc 10075:com.verizon.omadm/u0a76 for broadcast com.verizon.omadm/.DmConfigReceiver
09-30 00:53:53.256  5504  6138 D IccSmsInterfaceManager: [IccSmsInterfaceManager] disableGsmBroadcastRange
09-30 00:53:53.257  5504  6138 D IccSmsInterfaceManager: [IccSmsInterfaceManager] Failed to remove GSM cell broadcast subscription for MID range 911 to 911 from client com.android.cellbroadcastreceiver
09-30 00:53:53.269  5504  5517 D IccSmsInterfaceManager: [IccSmsInterfaceManager] disableGsmBroadcastRange
09-30 00:53:53.270  5504  5517 D IccSmsInterfaceManager: [IccSmsInterfaceManager] Failed to remove GSM cell broadcast subscription for MID range 919 to 919 from client com.android.cellbroadcastreceiver
09-30 00:53:53.275 10075 10075 W System  : ClassLoader referenced unknown path: /system/app/DMConfigUpdateLight/lib/arm
09-30 00:53:53.279 10075 10075 D DMConfigUpdateService: onCreate()
09-30 00:53:53.281 10075 10075 D DMConfigUpdateService: getProvisionUpdateRequest
09-30 00:53:53.281 10075 10075 D DMConfigUpdateService: sendQcRilOemHookMsg: Outgoing Data is 00050007080000000005000700000000
09-30 00:53:53.283  5504  6829 D IccSmsInterfaceManager: [IccSmsInterfaceManager] disableGsmBroadcastRange
09-30 00:53:53.284  5504  6829 D IccSmsInterfaceManager: [IccSmsInterfaceManager] Failed to remove GSM cell broadcast subscription for MID range 920 to 928 from client com.android.cellbroadcastreceiver
09-30 00:53:53.294  1806  6061 I ActivityManager: Start proc 10088:org.codeaurora.ims/1001 for broadcast org.codeaurora.ims/.ImsServiceAutoboot
09-30 00:53:53.296 10075 10075 D DMConfigUpdateService: ITelephony.sendOemRilRequestRaw returns -2
09-30 00:53:53.297 10075 10075 E DMConfigUpdateService: getProvisionUpdateRequest no response/error
09-30 00:53:53.297 10075 10075 D DMConfigUpdateService: Requested action: android.intent.action.SIM_STATE_CHANGED
09-30 00:53:53.299  5504  5517 D IccSmsInterfaceManager: [IccSmsInterfaceManager] disableGsmBroadcastRange
09-30 00:53:53.299  5504  5517 D IccSmsInterfaceManager: [IccSmsInterfaceManager] Failed to remove GSM cell broadcast subscription for MID range 4355 to 4355 from client com.android.cellbroadcastreceiver
09-30 00:53:53.306 10075 10075 D DMConfigUpdateService: simOperator: 40445
09-30 00:53:53.307 10075 10075 D DMConfigUpdateService: onDestroy()
09-30 00:53:53.309  1806  5524 I ActivityManager: Killing 9832:cz.mobilesoft.callistics/u0a147 (adj 15): empty #13
09-30 00:53:53.312  5504  6133 D IccSmsInterfaceManager: [IccSmsInterfaceManager] disableGsmBroadcastRange
09-30 00:53:53.312  5504  6133 D IccSmsInterfaceManager: [IccSmsInterfaceManager] Failed to remove GSM cell broadcast subscription for MID range 4380 to 4382 from client com.android.cellbroadcastreceiver
09-30 00:53:53.322  5504  6829 D IccSmsInterfaceManager: [IccSmsInterfaceManager] disableCdmaBroadcastRange
09-30 00:53:53.323  5504  6829 D IccSmsInterfaceManager: [IccSmsInterfaceManager] Failed to remove cdma broadcast subscription for MID range 4100 to 4100 from client com.android.cellbroadcastreceiver
09-30 00:53:53.332  5504  6942 D IccSmsInterfaceManager: [IccSmsInterfaceManager] disableGsmBroadcastRange
09-30 00:53:53.332  5504  6942 D IccSmsInterfaceManager: [IccSmsInterfaceManager] Failed to remove GSM cell broadcast subscription for MID range 4393 to 4395 from client com.android.cellbroadcastreceiver
09-30 00:53:53.368 10088 10088 D ImsService AutoBoot: org.codeaurora.ims.ImsService is already running. android.intent.action.SIM_STATE_CHANGED ignored. 
09-30 00:53:53.369  1806  5529 I ActivityManager: Killing 9849:com.qualcomm.timeservice/1000 (adj 15): empty #13
09-30 00:53:53.424  1806  4882 I ActivityManager: Start proc 10100:android.process.acore/u0a15 for broadcast com.android.providers.contacts/.PhoneAccountRegistrationReceiver
