09-30 00:54:04.784 10798 10798 V ConnectivityManager: isActiveNetworkMetered() returns:false
09-30 00:54:04.785 10798 10798 V ConnectivityManager: isActiveNetworkMetered() returns:false
09-30 00:54:04.786 10798 10798 V ConnectivityManager: isActiveNetworkMetered() returns:false
09-30 00:54:04.786 10798 10798 I NetworkPolicyMonitor: Download-ability status changed to (true) unmetered wifi/eth: true mobileOrMetered: false
09-30 00:54:04.788 10798 10798 V ConnectivityManager: isActiveNetworkMetered() returns:false
09-30 00:54:04.789 10798 10798 V ConnectivityManager: isActiveNetworkMetered() returns:false
09-30 00:54:04.789 10798 10798 I NetworkPolicyMonitor: Stream-ability status changed to (true) unmetered wifi/eth: true mobileOrMetered: false
09-30 00:54:04.860 10798 10798 D MusicLifecycle: com.google.android.music.MusicApplication generated event: Application created
09-30 00:54:04.898 10798 10798 W linker  : /data/app/com.google.android.gms-1/lib/arm/libgmscore.so: unused DT entry: type 0x7ffffffd arg 0x79f
09-30 00:54:04.920 10798 10798 W linker  : /data/app/com.google.android.gms-1/lib/arm/libconscrypt_gmscore_jni.so: unused DT entry: type 0x1d arg 0xe0
09-30 00:54:04.920 10798 10798 W linker  : /data/app/com.google.android.gms-1/lib/arm/libconscrypt_gmscore_jni.so: unused DT entry: type 0x7ffffffd arg 0x1cb
09-30 00:54:04.926 10798 10798 V JNIHelp : Registering com/google/android/gms/org/conscrypt/NativeCrypto's 254 native methods...
09-30 00:54:04.940 10798 10798 I art     : Rejecting re-init on previously-failed class java.lang.Class<com.google.android.gms.org.conscrypt.OpenSSLExtendedSessionImpl>
09-30 00:54:04.940 10798 10798 I art     : Rejecting re-init on previously-failed class java.lang.Class<com.google.android.gms.org.conscrypt.OpenSSLExtendedSessionImpl>
09-30 00:54:04.955 10798 10798 D AndroidMusic: GMSCore installation verified
09-30 00:54:04.984 10798 10798 I MediaRouter: Found default route: MediaRouter.RouteInfo{ uniqueId=android/.support.v7.media.SystemMediaRouteProvider:DEFAULT_ROUTE, name=Phone, description=null, iconUri=null, enabled=true, connecting=false, connectionState=0, canDisconnect=false, playbackType=0, playbackStream=3, deviceType=0, volumeHandling=1, volume=6, volumeMax=15, presentationDisplayId=-1, extras=null, settingsIntent=null, providerPackageName=android }
09-30 00:54:05.005  1806  1826 I ActivityManager: Killing 10257:com.google.android.apps.maps/u0a99 (adj 13): empty #13
09-30 00:54:05.056  1806  4250 D WifiService: Client connection lost with reason: 4
09-30 00:54:05.078 10798 10798 D MusicLifecycle: com.google.android.music.store.MediaStoreImportService$Receiver generated event: Broadcast received with context android.app.ReceiverRestrictedContext@117909 and intent Intent { act=android.intent.action.MEDIA_SCANNER_STARTED dat=file:///storage/emulated/0 flg=0x10 cmp=com.google.android.music/.store.MediaStoreImportService$Receiver }
09-30 00:54:05.082 10798 10798 D MusicLifecycle: com.google.android.music.net.NetworkConnectivityMonitor$NetworkChangedReceiver generated event: Broadcast received with context com.google.android.music.MusicApplication@6843f53 and intent Intent { act=android.net.conn.CONNECTIVITY_CHANGE flg=0x4000010 (has extras) }
09-30 00:54:05.083 10798 10798 I NetworkConnectivity: Network state changed: [type: WIFI[], state: CONNECTED/CONNECTED, reason: (unspecified), extra: "superman", roaming: false, failover: false, isAvailable: true]
09-30 00:54:05.084 10798 10798 V ConnectivityManager: isActiveNetworkMetered() returns:false
09-30 00:54:05.108 10798 10798 V ConnectivityManager: isActiveNetworkMetered() returns:false
09-30 00:54:05.110 10798 10798 D MusicLifecycle: com.google.android.music.preferences.MusicPreferenceService$MusicPreferenceServiceBinder generated event: Service created
09-30 00:54:05.113 10798 10798 D MusicLifecycle: com.google.android.music.download.cache.StorageMigrationService generated event: Service created
09-30 00:54:05.117 10798 10798 D MusicLifecycle: com.google.android.music.download.artwork.ArtDownloadService generated event: Service created
09-30 00:54:05.122 10798 10798 D MusicLifecycle: com.google.android.music.store.MediaStoreImportService generated event: Service created
09-30 00:54:05.128 10798 10813 V ConnectivityManager: isActiveNetworkMetered() returns:false
09-30 00:54:05.131 10798 10798 V ConnectivityManager: isActiveNetworkMetered() returns:false
09-30 00:54:05.133 10798 10798 D MusicLifecycle: com.google.android.music.store.MediaStoreImportService generated event: Service destroyed
09-30 00:54:05.134 10798 10798 D MusicLifecycle: com.google.android.music.download.cache.StorageMigrationService generated event: Service destroyed
09-30 00:54:05.136  1806  5529 I ActivityManager: Killing 10336:com.google.android.gm/u0a83 (adj 13): empty #13
09-30 00:54:05.146  5615  5615 V ConnectivityManager: isActiveNetworkMetered() returns:false
09-30 00:54:05.196 10798 10813 V ConnectivityManager: isActiveNetworkMetered() returns:false
09-30 00:54:05.216 10798 10813 V ConnectivityManager: isActiveNetworkMetered() returns:false
09-30 00:54:05.341  6421  6421 I WeatherApp: onStartCommand action: com.motorola.commandcenter.weather.action.START_WEATHER_SERVICE
09-30 00:54:05.341  1806  6061 W BroadcastQueue: Permission Denial: broadcasting Intent { act=com.motorola.cce.Actions.CCE_SEND_SETTINGS flg=0x10 (has extras) } from com.motorola.genie (pid=9482, uid=10034) is not exported from uid 10010 due to receiver com.motorola.ccc.checkin/com.motorola.blur.service.blur.SharedSettingsReceiver
09-30 00:54:05.341  5615  5615 V ConnectivityManager: isActiveNetworkMetered() returns:false
09-30 00:54:05.345  6917  6917 I CCE     : App motocare requested CCE to send settings
09-30 00:54:05.346  1806  5503 W BroadcastQueue: Permission Denial: broadcasting Intent { act=com.motorola.cce.Actions.CCE_SEND_SETTINGS flg=0x10 (has extras) } from com.motorola.genie (pid=9482, uid=10034) is not exported from uid 10010 due to receiver com.motorola.ccc.notification/com.motorola.blur.service.blur.SharedSettingsReceiver
09-30 00:54:05.365 10798 10798 D MusicLifecycle: com.google.android.music.store.MediaStoreImportService$Receiver generated event: Broadcast received with context android.app.ReceiverRestrictedContext@117909 and intent Intent { act=android.intent.action.MEDIA_SCANNER_FINISHED dat=file:///storage/emulated/0 flg=0x10 cmp=com.google.android.music/.store.MediaStoreImportService$Receiver }
09-30 00:54:05.381 10798 10798 D MusicLifecycle: com.google.android.music.store.MediaStoreImportService generated event: Service created
09-30 00:54:05.381  6421  6421 I WeatherApp: update success for content://com.motorola.commandcenter.weather/forecast
09-30 00:54:05.392  6421  6421 I WeatherApp: update success for content://com.motorola.commandcenter.weather/forecast
09-30 00:54:05.409  6421  6421 I WeatherApp: update success for content://com.motorola.commandcenter.weather/widget
09-30 00:54:05.414  6421  6421 I WeatherApp: deleted failed in content://com.motorola.commandcenter.weather/forecast
09-30 00:54:05.415  6421  9618 I WeatherApp: is force update = false
09-30 00:54:05.415  6421  9618 I WeatherApp: Current Location is OFF or no provider available.
09-30 00:54:05.415  6421  9618 I WeatherApp: is force update = false
09-30 00:54:05.420  6421  9618 I WeatherApp: top city is fresh
09-30 00:54:05.433  6917 10831 D CCE     : Settings pattern not found
09-30 00:54:05.434  6917 10831 I CCE     : sending CCE_SEND_SETTINGS_RESPONSE for app = motocare
09-30 00:54:05.568  5644 10841 I UpdateIcingCorporaServi: Updating corpora: APPS=com.android.stk, CONTACTS=MAYBE
09-30 00:54:05.569  5857  6734 I Icing   : Usage reports 0 indexed 0 rejected 0 imm upload false
09-30 00:54:05.611  5857  6734 I Icing   : Usage reports 0 indexed 0 rejected 0 imm upload false
09-30 00:54:05.613  5857  6734 I Icing   : Indexing B932E3DBA9E388F9269511006D13ADD98771CBF0 from com.google.android.gms
09-30 00:54:05.617  1806  1826 I BroadcastQueue: Delay finish: com.google.android.googlequicksearchbox/com.google.android.apps.gsa.search.core.icingsync.IcingCorporaChangedReceiver
09-30 00:54:05.658  8337  8337 W Settings: Setting preferred_network_mode has moved from android.provider.Settings.Secure to android.provider.Settings.Global.
09-30 00:54:05.659  5644 10841 I UpdateIcingCorporaServi: UpdateCorporaTask done [took 90 ms] updated apps [took 90 ms] 
09-30 00:54:05.688 10798 10833 I MediaStoreImporter: Update: incremental Added music: 0 Updated music: 0 Deleted music: 0 Created playlists: 0 Updated playlists: 2 Deleted playlists: 0 Inserted playlist items: 46 Deleted playlist items: 46 Removed orphaned playlist items: 0
09-30 00:54:05.691  1806  4882 I BroadcastQueue: Resuming delayed broadcast
09-30 00:54:05.696 10798 10798 D MusicLifecycle: com.google.android.music.store.MediaStoreImportService generated event: Service destroyed
09-30 00:54:05.730  5644 10845 I UpdateIcingCorporaServi: Updating corpora: APPS=com.motorola.genie, CONTACTS=MAYBE
09-30 00:54:05.743  1806  1818 I art     : Background partial concurrent mark sweep GC freed 26542(1962KB) AllocSpace objects, 0(0B) LOS objects, 33% free, 31MB/46MB, paused 2.248ms total 102.753ms
09-30 00:54:05.781  1806  1806 V AlarmManager: done {1a7cd31, *walarm*:com.manoramaonline.mmc.year2016/com.manoramaonline.mmc.notification.NotificationService} [13032ms]
09-30 00:54:05.786  1806  1859 W BroadcastQueue: Permission Denial: receiving Intent { act=android.cellbroadcastreceiver.CB_AREA_INFO_RECEIVED flg=0x10 (has extras) } to ProcessRecord{9a1555b 4802:com.android.systemui/u0a60} (pid=4802, uid=10060) requires android.permission.READ_PHONE_STATE due to sender com.android.cellbroadcastreceiver (uid 10017)
09-30 00:54:05.788  4802  5167 I MotoNetwCtrlr: mCBInfoReceiver: onReceive: Intent { act=android.cellbroadcastreceiver.CB_AREA_INFO_RECEIVED flg=0x10 (has extras) } action=android.cellbroadcastreceiver.CB_AREA_INFO_RECEIVED
09-30 00:54:05.788  4802  5167 I NetworkController: Mobile signal controller handleBroadcast: Intent=Intent { act=android.cellbroadcastreceiver.CB_AREA_INFO_RECEIVED flg=0x10 (has extras) } Action=android.cellbroadcastreceiver.CB_AREA_INFO_RECEIVED
09-30 00:54:05.800  6917  6917 D GetNotificationsWS: bindWebServices(): registering our AIDL callback...
09-30 00:54:05.802  6917 10850 I SundryService: onHandleIntent(): action=com.motorola.notification.REGISTRATION
09-30 00:54:05.802  6917 10850 I SundryService: Received registration
09-30 00:54:05.806  6917 10850 D Checkin : publish the event [tag = MOT_CCE_STATS event name = Registration]
09-30 00:54:05.808  6917 10850 D SundryService: sendNewNotificationsIfMissing: unprocessedApps=[]
09-30 00:54:05.808  6917 10850 W SundryService: No apps found to updates
09-30 00:54:05.809  6917 10850 W SundryService: No apps found to send notifications
09-30 00:54:05.813  5644 10845 I UpdateIcingCorporaServi: UpdateCorporaTask done [took 83 ms] updated apps [took 83 ms] 
09-30 00:54:05.814  4802  5167 I MotoNetwCtrlr: mCBInfoReceiver: onReceive: Intent { act=android.cellbroadcastreceiver.CB_AREA_INFO_RECEIVED flg=0x10 (has extras) } action=android.cellbroadcastreceiver.CB_AREA_INFO_RECEIVED
09-30 00:54:05.816  4802  5167 I NetworkController: Mobile signal controller handleBroadcast: Intent=Intent { act=android.cellbroadcastreceiver.CB_AREA_INFO_RECEIVED flg=0x10 (has extras) } Action=android.cellbroadcastreceiver.CB_AREA_INFO_RECEIVED
09-30 00:54:05.816  1806  1859 W BroadcastQueue: Permission Denial: receiving Intent { act=android.cellbroadcastreceiver.CB_AREA_INFO_RECEIVED flg=0x10 (has extras) } to ProcessRecord{9a1555b 4802:com.android.systemui/u0a60} (pid=4802, uid=10060) requires android.permission.READ_PHONE_STATE due to sender com.android.cellbroadcastreceiver (uid 10017)
09-30 00:54:05.817  6917  6917 D GetNotificationsWS: onServiceConnected()
09-30 00:54:05.817  6917  6917 D GetNotificationsWS: onServiceConnected(): Registered for remote service callbacks...
09-30 00:54:05.817  6917  6917 D GetNotificationsWS: unbindWebServices(): un-registering our AIDL callback...
09-30 00:54:05.818  5857  6213 V ConnectivityManager: isActiveNetworkMetered() returns:false
09-30 00:54:05.822  6917 10852 I GCMIntentService: onHandleIntent: com.motorola.ccc.gcm.ACTION_GCM_REGISTRATION
09-30 00:54:05.823 10798 10798 D MusicLifecycle: com.google.android.music.wear.WearBroadcastReceiver generated event: Broadcast received with context android.app.ReceiverRestrictedContext@117909 and intent Intent { act=com.google.android.music.IMPORT_COMPLETE flg=0x10 cmp=com.google.android.music/.wear.WearBroadcastReceiver }
09-30 00:54:05.855  6917 10852 I GCMIntentService: Google Play Service availability resultCode = 0
09-30 00:54:05.856  6917 10852 I GCMIntentService: GCM already registered
09-30 00:54:05.857  1806  1806 V AlarmManager: done {1297379, *walarm*:com.google.android.location.ALARM_WAKEUP_SENSOR_UPLOADER} [10500ms]
09-30 00:54:05.861  1806  5503 D WifiService: acquireWifiLockLocked: WifiLock{NlpWifiLock type=2 binder=android.os.BinderProxy@e10c228}
09-30 00:54:05.868  1806  1806 V AlarmManager: done {c34a86c, *walarm*:com.google.android.location.ALARM_WAKEUP_LOCATOR} [10511ms]
09-30 00:54:05.874  1806  1806 V AlarmManager: done {d44ce35, *walarm*:com.motorola.bach.modemstats.dsds-user-settings-report} [10517ms]
09-30 00:54:05.881  6917  6917 D GetNotificationsWS: bindWebServices(): registering our AIDL callback...
09-30 00:54:05.882  6917 10856 I SundryService: onHandleIntent(): action=com.motorola.notification.REGISTRATION
09-30 00:54:05.882  6917 10856 I SundryService: Received registration
09-30 00:54:05.883  6917  6917 D GetNotificationsWS: onServiceConnected()
09-30 00:54:05.884  6917  6917 D GetNotificationsWS: onServiceConnected(): Registered for remote service callbacks...
09-30 00:54:05.886  5462  5462 D MC_SettingsTrigger: INTENT_TRIGGER_INIT received, but already initialized
09-30 00:54:05.888  6917 10856 D Checkin : publish the event [tag = MOT_CCE_STATS event name = Registration]
09-30 00:54:05.889 10798 10853 E GmsUtils: Failed to connect to Google API client: ConnectionResult{statusCode=API_UNAVAILABLE, resolution=null, message=null}
09-30 00:54:05.889  6917 10856 D SundryService: sendNewNotificationsIfMissing: unprocessedApps=[]
09-30 00:54:05.889  6917 10856 W SundryService: No apps found to updates
09-30 00:54:05.892  6917 10856 W SundryService: No apps found to send notifications
09-30 00:54:05.893 10798 10798 D MusicLifecycle: com.google.android.music.wear.WearBroadcastReceiver generated event: Broadcast received with context android.app.ReceiverRestrictedContext@117909 and intent Intent { act=com.google.android.music.IMPORT_COMPLETE flg=0x10 cmp=com.google.android.music/.wear.WearBroadcastReceiver }
09-30 00:54:05.893  6917 10856 I SundryService: onHandleIntent(): action=com.motorola.notification.REGISTRATION
09-30 00:54:05.894  6917 10856 I SundryService: Received registration
09-30 00:54:05.902  6917 10856 D Checkin : publish the event [tag = MOT_CCE_STATS event name = Registration]
09-30 00:54:05.904  6917 10856 D SundryService: sendNewNotificationsIfMissing: unprocessedApps=[]
09-30 00:54:05.904  6917 10856 W SundryService: No apps found to updates
09-30 00:54:05.904  6917 10856 W SundryService: No apps found to send notifications
09-30 00:54:05.905  6917  6917 D GetNotificationsWS: unbindWebServices(): un-registering our AIDL callback...
09-30 00:54:05.907  5615  5615 V ConnectivityManager: isActiveNetworkMetered() returns:false
09-30 00:54:05.910 10798 10857 E GmsUtils: Failed to connect to Google API client: ConnectionResult{statusCode=API_UNAVAILABLE, resolution=null, message=null}
09-30 00:54:05.975  7249  7324 D Checkin : publish the event [tag = MOT_DEVICE_STATS_L1 event name = SettingLogs]
09-30 00:54:05.980  5615  5615 V ConnectivityManager: isActiveNetworkMetered() returns:false
09-30 00:54:06.073  1806  5487 I ActivityManager: Start proc 10859:com.google.android.gm/u0a83 for broadcast com.google.android.gm/.widget.GmailWidgetProvider
09-30 00:54:06.077  5615  5615 V ConnectivityManager: isActiveNetworkMetered() returns:false
09-30 00:54:06.119 10859 10859 W System  : ClassLoader referenced unknown path: /data/app/com.google.android.gm-2/lib/arm
09-30 00:54:06.168 10859 10859 W EasBundling: in EasBundling.init, isBundlingEnabled=true
09-30 00:54:06.188 10859 10859 D ActivityThread: Loading provider com.google.android.gmail.provider;com.android.mail.notifier;com.google.android.gm.email.provider;com.google.android.gm.email.notifier: com.android.email.provider.EmailProvider
09-30 00:54:06.234 10859 10874 I Gmail   : getAccountsCursor
09-30 00:54:06.267 10859 10875 W Gmail   : restoreIfNeeded: Account exists.
09-30 00:54:06.282 10859 10859 W GAV2    : Thread[main,5,main]: Need to call initialize() and be in fallback mode to start dispatch.
09-30 00:54:06.330 10859 10882 I Gmail   : Registering for notifications for account 1
09-30 00:54:06.349 10859 10882 I Gmail   : Observing account changes for notifications
09-30 00:54:06.359 10859 10881 I Gmail   : Initiated Service map for: [gPop3, gLegacyImap, gEas, gmail]
09-30 00:54:06.367  1806  1806 V AlarmManager: done {2166557, *alarm*:android.content.jobscheduler.JOB_DELAY_EXPIRED} [83191ms]
09-30 00:54:06.369 10859 10885 I Gmail   : getAccountsCursor
09-30 00:54:06.384 10859 10859 I Exchange: EasService.onCreate
09-30 00:54:06.387  1806  6049 W ActivityManager: Unable to start service Intent { cmp=com.google.android.gm.exchange/com.android.exchange.service.EasService } U=0: not found
09-30 00:54:06.388 10859 10859 I Exchange: EasService.onCreate stoppedOldService=false
09-30 00:54:06.394 10859 10859 I Exchange: needResyncCalendar: true, hasCalendarPermission: false, needResyncContacts: false, hasContactsPermission: true
09-30 00:54:06.401 10859 10888 I Exchange: RestartPingTask
09-30 00:54:06.450 10859 10859 I Exchange: RestartPingsTask did not start any pings.
09-30 00:54:06.450 10859 10859 I Exchange: PSS stopIfIdle
09-30 00:54:06.450 10859 10859 I Exchange: PSS has no active accounts; stopping service.
09-30 00:54:06.459 10859 10859 I Exchange: onDestroy
09-30 00:54:06.471  5615  5615 V ConnectivityManager: isActiveNetworkMetered() returns:false
09-30 00:54:06.472 10798 10798 D MusicLifecycle: com.google.android.music.autocache.AutoCacheSchedulingService$EnablingReceiver generated event: Broadcast received with context android.app.ReceiverRestrictedContext@117909 and intent Intent { act=com.google.android.music.START_DOWNLOAD_SCHEDULING flg=0x10 cmp=com.google.android.music/.autocache.AutoCacheSchedulingService$EnablingReceiver }
09-30 00:54:06.485 10798 10798 D MusicLifecycle: com.google.android.music.autocache.AutoCacheSchedulingService generated event: Service created
09-30 00:54:06.517  1806  1818 I art     : Background partial concurrent mark sweep GC freed 18187(1218KB) AllocSpace objects, 4(72KB) LOS objects, 33% free, 31MB/46MB, paused 1.937ms total 105.160ms
09-30 00:54:06.527 10798 10798 D MusicLifecycle: com.google.android.music.autocache.AutoCacheSchedulingService generated event: Service started with intent Intent { act=com.google.android.music.leanback.APP_IN_USE cmp=com.google.android.music/.autocache.AutoCacheSchedulingService (has extras) }
09-30 00:54:06.528 10798 10798 D MusicLifecycle: com.google.android.music.wear.WearBroadcastReceiver generated event: Broadcast received with context android.app.ReceiverRestrictedContext@117909 and intent Intent { act=com.google.android.music.START_DOWNLOAD_SCHEDULING flg=0x10 cmp=com.google.android.music/.wear.WearBroadcastReceiver }
09-30 00:54:06.536 10859 10894 I NotifUtils: sendSetNewEmailIndicator account: -461606459, folder: 70791782
09-30 00:54:06.544 10798 10900 E GmsUtils: Failed to connect to Google API client: ConnectionResult{statusCode=API_UNAVAILABLE, resolution=null, message=null}
09-30 00:54:06.556 10859 10895 I Gmail   : notifyAccountChanged
09-30 00:54:06.563 10859 10904 I Gmail   : getAccountsCursor
09-30 00:54:06.566 10859 10895 I Gmail   : calculateUnknownSyncRationalesAndPurgeInBackground: queueing
09-30 00:54:06.576 10859 10895 I Gmail   : calculateUnknownSyncRationalesAndPurgeInBackground: queueing
09-30 00:54:06.581 10798 10897 I MusicLeanback: Conditions not met for autocaching. okToAttempt=false
09-30 00:54:06.581 10798 10897 I MusicLeanback: Stop autocaching.
09-30 00:54:06.587 10798 10798 D MusicLifecycle: com.google.android.music.autocache.AutoCacheSchedulingService generated event: Service destroyed
09-30 00:54:06.615 10859 10895 I Gmail   : calculateUnknownSyncRationalesAndPurgeInBackground: running
09-30 00:54:06.616 10859 10895 I Gmail   : calculateUnknownSyncRationalesAndPurgeInBackground: running
09-30 00:54:06.622 10859 10894 I NotifUtils: sendSetNewEmailIndicator account: -461606459, folder: 2573240
09-30 00:54:06.627 10859 10905 I Gmail   : notifyAccountChanged
09-30 00:54:06.636 10859 10905 I Gmail   : calculateUnknownSyncRationalesAndPurgeInBackground: queueing
09-30 00:54:06.637  1806  1900 I PowerManagerService: Going to sleep due to screen timeout (uid 1000)...
09-30 00:54:06.645  4802  4813 D KeyguardViewMediator: onStartedGoingToSleep(3)
09-30 00:54:06.654  4802  4813 D KeyguardViewMediator: setting alarm to turn off keyguard, seq = 1
09-30 00:54:06.654  4802  4813 D KeyguardViewMediator: notifyStartedGoingToSleep
09-30 00:54:06.654 10859 10905 I Gmail   : calculateUnknownSyncRationalesAndPurgeInBackground: queueing
09-30 00:54:06.656  4802  4802 D KeyguardUpdateMonitor: shouldListenForFingerprint mKeyguardIsVisible = false mDeviceInteractive = true mBouncer = false mGoingToSleep = true mSwitchingUser = false mFingerprintAlreadyAuthenticated = false isFingerprintDisabled = false mFPSGatedByStowed = false
09-30 00:54:06.658  4802  4802 V KeyguardUpdateMonitor: startListeningForFingerprint()
09-30 00:54:06.667  1806  1900 I Adreno  : QUALCOMM build                   : 3d89180, I1b38baa288
09-30 00:54:06.667  1806  1900 I Adreno  : Build Date                       : 03/30/16
09-30 00:54:06.667  1806  1900 I Adreno  : OpenGL ES Shader Compiler Version: XE031.06.00.02
09-30 00:54:06.667  1806  1900 I Adreno  : Local Branch                     : master_AU27
09-30 00:54:06.667  1806  1900 I Adreno  : Remote Branch                    : 
09-30 00:54:06.667  1806  1900 I Adreno  : Remote Branch                    : 
09-30 00:54:06.667  1806  1900 I Adreno  : Reconstruct Branch               : 
09-30 00:54:06.669  5615  5615 V ConnectivityManager: isActiveNetworkMetered() returns:false
09-30 00:54:06.671  1161  1161 V fingerprintd: authenticate(sid=0, gid=0)
09-30 00:54:06.675  4802  4802 D KeyguardViewMediator: handleNotifyStartedGoingToSleep
09-30 00:54:06.676 10859 10905 I Gmail   : calculateUnknownSyncRationalesAndPurgeInBackground: running
09-30 00:54:06.677 10859 10905 I Gmail   : calculateUnknownSyncRationalesAndPurgeInBackground: running
09-30 00:54:06.714 10859 10894 I NotifUtils: sendSetNewEmailIndicator account: -461606459, folder: 66791
09-30 00:54:06.749 10859 10902 I NotifUtils: Validating Notification, mapSize: 2 getAttention: true ignoreUnobtrusive: false
09-30 00:54:06.774 10534 10534 D CAR.SERVICE: onUnbind
09-30 00:54:06.778 10534 10534 D CAR.SERVICE: CSB onClientsDisconnected
09-30 00:54:06.778 10534 10534 D CAR.SERVICE: tearDown
09-30 00:54:06.778 10534 10534 D CAR.SERVICE: tearDownCarState
09-30 00:54:06.779 10534 10534 D CAR.SERVICE: Skip, car not connected.
09-30 00:54:06.779 10534 10534 D CAR.SERVICE: tearDownClientState
09-30 00:54:06.781 10534 10534 D CAR.SERVICE: requestStop
09-30 00:54:06.782 10534 10534 D CAR.SERVICE: onDestroy
09-30 00:54:06.784 10534 10534 D CAR.SERVICE: tearDown
09-30 00:54:06.785 10534 10534 D CAR.SERVICE: tearDownCarState
09-30 00:54:06.785 10534 10534 D CAR.SERVICE: Skip, car not connected.
09-30 00:54:06.785 10534 10534 D CAR.SERVICE: tearDownClientState
09-30 00:54:06.785 10534 10534 D CAR.SERVICE: requestStop
09-30 00:54:06.788 10859 10902 I NotifUtils: Unseen count doesn't match cursor count.  unseen: 76 cursor count: 12
09-30 00:54:06.796 10534 10534 E ActivityThread: Service com.google.android.gms.car.CarService has leaked ServiceConnection gbl@39c4e42 that was originally bound here
09-30 00:54:06.796 10534 10534 E ActivityThread: android.app.ServiceConnectionLeaked: Service com.google.android.gms.car.CarService has leaked ServiceConnection gbl@39c4e42 that was originally bound here
09-30 00:54:06.796 10534 10534 E ActivityThread: 	at android.app.LoadedApk$ServiceDispatcher.<init>(LoadedApk.java:1092)
09-30 00:54:06.796 10534 10534 E ActivityThread: 	at android.app.LoadedApk.getServiceDispatcher(LoadedApk.java:986)
09-30 00:54:06.796 10534 10534 E ActivityThread: 	at android.app.ContextImpl.bindServiceCommon(ContextImpl.java:1303)
09-30 00:54:06.796 10534 10534 E ActivityThread: 	at android.app.ContextImpl.bindService(ContextImpl.java:1286)
09-30 00:54:06.796 10534 10534 E ActivityThread: 	at android.content.ContextWrapper.bindService(ContextWrapper.java:604)
09-30 00:54:06.796 10534 10534 E ActivityThread: 	at android.content.ContextWrapper.bindService(ContextWrapper.java:604)
09-30 00:54:06.796 10534 10534 E ActivityThread: 	at android.content.ContextWrapper.bindService(ContextWrapper.java:604)
09-30 00:54:06.796 10534 10534 E ActivityThread: 	at jki.a(:com.google.android.gms:117)
09-30 00:54:06.796 10534 10534 E ActivityThread: 	at jki.a(:com.google.android.gms:134)
09-30 00:54:06.796 10534 10534 E ActivityThread: 	at gbl.h(:com.google.android.gms:76)
09-30 00:54:06.796 10534 10534 E ActivityThread: 	at gbl.<init>(:com.google.android.gms:64)
09-30 00:54:06.796 10534 10534 E ActivityThread: 	at gen.i(:com.google.android.gms:528)
09-30 00:54:06.796 10534 10534 E ActivityThread: 	at com.google.android.gms.car.CarChimeraService.onBind(:com.google.android.gms:184)
09-30 00:54:06.796 10534 10534 E ActivityThread: 	at com.google.android.chimera.container.ServiceProxy.onBind(:com.google.android.gms:176)
09-30 00:54:06.796 10534 10534 E ActivityThread: 	at android.app.ActivityThread.handleBindService(ActivityThread.java:2922)
09-30 00:54:06.796 10534 10534 E ActivityThread: 	at android.app.ActivityThread.access$2000(ActivityThread.java:154)
09-30 00:54:06.796 10534 10534 E ActivityThread: 	at android.app.ActivityThread$H.handleMessage(ActivityThread.java:1442)
09-30 00:54:06.796 10534 10534 E ActivityThread: 	at android.os.Handler.dispatchMessage(Handler.java:102)
09-30 00:54:06.796 10534 10534 E ActivityThread: 	at android.os.Looper.loop(Looper.java:148)
09-30 00:54:06.796 10534 10534 E ActivityThread: 	at android.app.ActivityThread.main(ActivityThread.java:5443)
09-30 00:54:06.796 10534 10534 E ActivityThread: 	at java.lang.reflect.Method.invoke(Native Method)
09-30 00:54:06.796 10534 10534 E ActivityThread: 	at com.android.internal.os.ZygoteInit$MethodAndArgsCaller.run(ZygoteInit.java:728)
09-30 00:54:06.796 10534 10534 E ActivityThread: 	at com.android.internal.os.ZygoteInit.main(ZygoteInit.java:618)
09-30 00:54:06.797  1806  1826 W ActivityManager: Unbind failed: could not find connection for android.os.BinderProxy@65f1dd0
09-30 00:54:06.801 10859 10908 I Gmail   : getAccountsCursor
09-30 00:54:06.806 10859 10902 I NotifUtils: Notifications are disabled for this folder; not notifying
09-30 00:54:06.811 10859 10902 I NotifUtils: Validating Notification, mapSize: 2 getAttention: true ignoreUnobtrusive: false
09-30 00:54:06.852 10859 10902 I NotifUtils: validateNotifications - cancelling -1757888390 for -461606459 / -1812635783
09-30 00:54:06.859 10859 10902 I NotifUtils: Validating Notification, mapSize: 2 getAttention: true ignoreUnobtrusive: false
09-30 00:54:06.873  5615  5615 V ConnectivityManager: isActiveNetworkMetered() returns:false
09-30 00:54:06.894 10859 10902 I NotifUtils: Notifications are disabled for this folder; not notifying
09-30 00:54:06.900  1806  5529 I ActivityManager: Killing 10440:com.google.android.calendar/u0a69 (adj 15): empty #13
09-30 00:54:06.994  1806  1818 I art     : Background partial concurrent mark sweep GC freed 7171(446KB) AllocSpace objects, 0(0B) LOS objects, 33% free, 31MB/46MB, paused 1.852ms total 101.123ms
09-30 00:54:07.066  5615  5615 V ConnectivityManager: isActiveNetworkMetered() returns:false
09-30 00:54:07.073  1806  1806 V AlarmManager: done {219a1a, *walarm*:com.android.providers.calendar.intent.CalendarProvider2} [6377ms]
09-30 00:54:07.073  1806  5503 W BroadcastQueue: Permission Denial: broadcasting Intent { act=com.motorola.cce.Actions.CCE_SEND_SETTINGS flg=0x10 (has extras) } from com.motorola.genie (pid=10487, uid=10034) is not exported from uid 10010 due to receiver com.motorola.ccc.checkin/com.motorola.blur.service.blur.SharedSettingsReceiver
09-30 00:54:07.076  6917  6917 I CCE     : App motocare requested CCE to send settings
09-30 00:54:07.076  1806  6061 W BroadcastQueue: Permission Denial: broadcasting Intent { act=com.motorola.cce.Actions.CCE_SEND_SETTINGS flg=0x10 (has extras) } from com.motorola.genie (pid=10487, uid=10034) is not exported from uid 10010 due to receiver com.motorola.ccc.notification/com.motorola.blur.service.blur.SharedSettingsReceiver
09-30 00:54:07.145  6917 10913 D CCE     : Settings pattern not found
09-30 00:54:07.145  6917 10913 I CCE     : sending CCE_SEND_SETTINGS_RESPONSE for app = motocare
09-30 00:54:07.195  5615  5615 V ConnectivityManager: isActiveNetworkMetered() returns:false
09-30 00:54:07.203  1806  1806 V AlarmManager: done {e6637dd, *walarm*:com.android.vending/com.google.android.finsky.receivers.FlushLogsReceiver} [2813ms]
09-30 00:54:07.207 10368 10914 I Finsky  : [743] com.google.android.finsky.receivers.FlushLogsReceiver$FlushLogsService.onHandleIntent(163): Flushing event logs for [2l9U8Ks4Pd2DUoBEvhNhkgYvOYg]
09-30 00:54:07.208 10368 10914 I Finsky  : [743] com.google.android.finsky.receivers.FlushLogsReceiver$FlushLogsService.onHandleIntent(163): Flushing event logs for [Yv9l26QJ5_n6Zo57rPjHhV1j1dY]
09-30 00:54:07.212 10368 10430 I PlayCommon: [734] com.google.android.play.a.l.e(787): Preparing logs for uploading
09-30 00:54:07.215 10368 10414 I PlayCommon: [724] com.google.android.play.a.l.e(787): Preparing logs for uploading
09-30 00:54:07.215  1806  5487 I ActivityManager: Start proc 10915:com.skype.raider/u0a137 for broadcast com.skype.raider/com.skype.android.service.ContactsAlarmReceiver
09-30 00:54:07.232 10368 10920 I PlayCommon: [744] com.google.android.play.a.l.e(787): Preparing logs for uploading
09-30 00:54:07.232 10368 10920 I PlayCommon: [744] com.google.android.play.a.l.e(789): No file ready to send
09-30 00:54:07.316  1806  1900 V KeyguardServiceDelegate: onScreenTurnedOff()
09-30 00:54:07.317  4802  4813 D KeyguardViewMediator: notifyScreenTurnedOff
09-30 00:54:07.317  4802  4802 D KeyguardViewMediator: handleNotifyScreenTurnedOff
09-30 00:54:07.323  5644  5832 V ConnectivityManager: isActiveNetworkMetered() returns:false
09-30 00:54:07.337  1806  1900 E libEGL  : call to OpenGL ES API with no current context (logged once per thread)
09-30 00:54:07.338  1806  1900 I MotoSensors: Sensorhub hal enable: 7 - 0
09-30 00:54:07.339  1806  1897 I DisplayManagerService: Display device changed state: "Built-in Screen", OFF
09-30 00:54:07.339   488   488 D SurfaceFlinger: Set power mode=0, type=0 flinger=0xb7214df8
09-30 00:54:07.339   488   488 D qdhwcomposer: hwc_setPowerMode: Setting mode 0 on display: 0
09-30 00:54:07.354  5644  9149 I DeviceStateChecker: DeviceStateChecker cancelled
09-30 00:54:07.355  5644  5644 I MicroDetector: Keeping mic open: false
09-30 00:54:07.356  5644  5644 I AudioController: shutdown
09-30 00:54:07.357  5644  5644 I MicrophoneInputStream: mic_close com.google.android.apps.gsa.speech.audio.ag@f1f20ca
09-30 00:54:07.357  5644  5795 E AudioRecord-JNI: Error -4 during AudioRecord native read
09-30 00:54:07.408 10368 10414 I PlayCommon: [724] com.google.android.play.a.l.a(927): Connecting to server: https://play.googleapis.com/play/log?format=raw&proto_v2=true
09-30 00:54:07.419   506  9152 D audio_hw_primary: disable_audio_route: reset and update mixer path: audio-record
09-30 00:54:07.419   506  9152 D audio_hw_primary: disable_snd_device: snd_device(78: voice-rec-mic)
09-30 00:54:07.425  5644  6646 I MicroRecognitionRunner: Stopping hotword detection.
09-30 00:54:07.425  5644  9150 I MicroRecognitionRunner: Detection finished
09-30 00:54:07.430 10368 10430 I PlayCommon: [734] com.google.android.play.a.l.a(927): Connecting to server: https://play.googleapis.com/play/log?format=raw&proto_v2=true
09-30 00:54:07.451 10915 10915 I SkypePerf: startup start
09-30 00:54:07.494   488   734 I qdhwcomposer: handle_blank_event: dpy:0 panel power state: 0
09-30 00:54:07.494   488   488 D qdhwcomposer: hwc_setPowerMode: Done setting mode 0 on display 0
09-30 00:54:07.495   488   488 I SFPerfTracer:      triggers: (rate: 2:292) (compose: 0:8) (post: 0:0) (render: 0:6) (27:1792 frames) (28:1950)
09-30 00:54:07.495   488   488 D SFPerfTracer:        layers: (1:8) (FocusedStackFrame (0xb74f7568): 0:9)* (DimLayer (0xb74fa5e8): 0:34)* (DimLayer (0xb74fd290): 0:2)* (StatusBar (0xb74f3eb8): 0:465)* (com.android.systemui.ImageWallpaper (0xb7511090): 0:53)* (NavigationBar (0xb7535ad8): 0:36)* (com.google.android.googlequicksearchbox/com.google.android.launcher.GEL (0xb75178b0): 0:115)* (ColorFade (0xb750d060): 28:29) 
09-30 00:54:07.503  1806  4736 D SurfaceControl: Excessive delay in setPowerMode(): 164ms
09-30 00:54:07.512  1806  1900 I DreamManagerService: Entering dreamland.
09-30 00:54:07.512  1806  1900 I PowerManagerService: Dozing...
09-30 00:54:07.512   502 10929 D libc    : retrying_select2 timeout
09-30 00:54:07.512  5615  5833 E LocationClientHelper: Received a data in client after calling removeLocationUpdates.
09-30 00:54:07.512   502 10929 D libc    : dns server used:125.22.47.125
09-30 00:54:07.514  1806  1864 I DreamController: Starting dream: name=ComponentInfo{com.motorola.motodisplay/com.motorola.motodisplay.DozeService}, isTest=false, canDoze=true, userId=0
09-30 00:54:07.531  1806  1864 I ActivityManager: Start proc 10932:com.motorola.motodisplay/u0a45 for service com.motorola.motodisplay/.DozeService
09-30 00:54:07.546  5615  5833 E LocationClientHelper: Received a data in client after calling removeLocationUpdates.
09-30 00:54:07.551  5615  5833 E LocationClientHelper: Received a data in client after calling removeLocationUpdates.
09-30 00:54:07.567  5615  5906 E ctxmgr  : [ProducerActiveIntervalImpl]closeActiveInterval: Error: ongoing, trying to close
09-30 00:54:07.571  5615  5833 E LocationClientHelper: Received a data in client after calling removeLocationUpdates.
09-30 00:54:07.585 10932 10932 W System  : ClassLoader referenced unknown path: /system/priv-app/MotoDisplay/lib/arm
09-30 00:54:07.613 10932 10932 D MD.MDApplication: Proxy Initialization check Successful
09-30 00:54:07.637  1806  5529 I MotoSensors: Sensorhub hal setdelay: 7 - 0
09-30 00:54:07.637  1806  5529 I MotoSensors: Sensorhub hal enable: 7 - 1
09-30 00:54:07.687  1806  6061 I ActivityManager: Killing 10550:com.instagram.android/u0a146 (adj 15): empty #13
09-30 00:54:07.732 10932 10932 E MD.NotificationUtils: Exception getting package info! e=[com.android.nfc]
09-30 00:54:07.735 10932 10932 E MD.NotificationUtils: Exception getting package info! e=[com.motorola.tools.batterytracer]
09-30 00:54:07.761  1806  1806 V NotificationListeners: enabling notification listener for user 0: ComponentInfo{com.motorola.motodisplay/com.motorola.motodisplay.MDNotificationListenerService}
09-30 00:54:07.825 10915 10915 V skype_jni: jni_CallDevice::jni_CallDevice()
09-30 00:54:07.825 10915 10915 V skype_jni: jni_CallDevice::Init()
09-30 00:54:07.825 10915 10915 E skype_jni: g_jniCallback == 0
09-30 00:54:07.825 10915 10915 E skype_jni: g_pcmInit == 0
09-30 00:54:07.890  1806  4250 D WifiService: New client listening to asynchronous messages
09-30 00:54:07.900 10915 10915 V skype_jni: JNI Init
09-30 00:54:07.900 10915 10915 V skype_jni: jniSetup
09-30 00:54:07.900 10915 10915 V skype_jni: jniSetup_HwOffload
09-30 00:54:07.947 10932 10968 D OpenGLRenderer: Use EGL_SWAP_BEHAVIOR_PRESERVED: true
09-30 00:54:07.957  1806  5503 I WindowManager: window type TYPE_AOD_DREAM:
09-30 00:54:07.966 10932 10932 D MD.DozeService: Got Doze host, start dreaming
09-30 00:54:07.969  1806  5524 I MotoSensors: Sensorhub hal setdelay: 20 - 0
09-30 00:54:07.969  1806  5524 I MotoSensors: Sensorhub hal enable: 20 - 1
09-30 00:54:07.979  4802  4813 D KeyguardViewMediator: onFinishedGoingToSleep(3)
09-30 00:54:07.979  4802  4813 D KeyguardViewMediator: notifyFinishedGoingToSleep
09-30 00:54:07.979  4802  4802 D KeyguardViewMediator: handleNotifyFinishedGoingToSleep
09-30 00:54:07.980  1806  1823 D WifiService: releaseWifiLockLocked: WifiLock{NlpWifiLock type=2 binder=android.os.BinderProxy@e10c228}
09-30 00:54:07.980  4802  4802 V KeyguardStatusView: Disable transport text marquee
09-30 00:54:07.984  4802  4802 D KeyguardUpdateMonitor: shouldListenForFingerprint mKeyguardIsVisible = false mDeviceInteractive = false mBouncer = false mGoingToSleep = false mSwitchingUser = false mFingerprintAlreadyAuthenticated = false isFingerprintDisabled = false mFPSGatedByStowed = false
09-30 00:54:07.995  1806  5638 V OSNPGlue_jni: Entering  : void onJavaLocationChanged(JNIEnv*, jobject, jboolean, jlong, jboolean, jlong, jboolean, jdouble, jboolean, jdouble, jboolean, jfloat, jboolean, jdouble, jboolean, jfloat, jboolean, jfloat)
09-30 00:54:07.996  1806  5656 E LocSvc_libulp: E/int ulp_brain_transition_all_providers(), no QUIPC/GNSS transition logic run due to both engines are OFF 
09-30 00:54:08.016 10932 10968 I Adreno  : QUALCOMM build                   : 3d89180, I1b38baa288
09-30 00:54:08.016 10932 10968 I Adreno  : Build Date                       : 03/30/16
09-30 00:54:08.016 10932 10968 I Adreno  : OpenGL ES Shader Compiler Version: XE031.06.00.02
09-30 00:54:08.016 10932 10968 I Adreno  : Local Branch                     : master_AU27
09-30 00:54:08.016 10932 10968 I Adreno  : Remote Branch                    : 
09-30 00:54:08.016 10932 10968 I Adreno  : Remote Branch                    : 
09-30 00:54:08.016 10932 10968 I Adreno  : Reconstruct Branch               : 
09-30 00:54:08.021  1806  1897 I WindowManager: window type TYPE_AOD_DREAM:
09-30 00:54:08.031 10932 10968 I OpenGLRenderer: Initialized EGL, version 1.4
09-30 00:54:08.088   506  2773 D audio_hw_primary: adev_set_parameters: enter: screen_state=on
09-30 00:54:08.088   506  2773 E bt_a2dp_hw: adev_set_parameters: ERROR: set param called even when stream out is null
09-30 00:54:08.091  1806  1818 I art     : Background partial concurrent mark sweep GC freed 13912(985KB) AllocSpace objects, 4(88KB) LOS objects, 33% free, 31MB/46MB, paused 2.371ms total 133.005ms
09-30 00:54:08.093  1806  4246 E native  : do suspend false
09-30 00:54:08.105  1806  4246 D WifiConfigStore: No blacklist allowed without epno enabled
09-30 00:54:08.131  4802  5167 I NetworkController.MotorolaMobileSignalController(1): MotorolaMobilePhoneStateListener.onDataActivity: Entered: direction=0
09-30 00:54:08.133  5615  5627 I art     : Background partial concurrent mark sweep GC freed 97420(6MB) AllocSpace objects, 8(144KB) LOS objects, 40% free, 22MB/37MB, paused 2.550ms total 105.829ms
09-30 00:54:08.132  4802  5167 I NetworkController.MotorolaMobileSignalController(2): MotorolaMobilePhoneStateListener.onDataActivity: Entered: direction=0
09-30 00:54:08.146  4802  5167 I NetworkController.MotorolaMobileSignalController(1): MotorolaMobilePhoneStateListener.onDataActivity: Entered: direction=0
09-30 00:54:08.147  4802  5167 I NetworkController.MotorolaMobileSignalController(2): MotorolaMobilePhoneStateListener.onDataActivity: Entered: direction=0
09-30 00:54:08.154  4802  5167 I NetworkController.MotorolaMobileSignalController(1): MotorolaMobilePhoneStateListener.onDataActivity: Entered: direction=0
09-30 00:54:08.154  4802  5167 I NetworkController.MotorolaMobileSignalController(2): MotorolaMobilePhoneStateListener.onDataActivity: Entered: direction=0
09-30 00:54:08.154  4802  5167 I NetworkController.MotorolaMobileSignalController(1): MotorolaMobilePhoneStateListener.onDataActivity: Entered: direction=0
09-30 00:54:08.157  4802  5167 I NetworkController.MotorolaMobileSignalController(2): MotorolaMobilePhoneStateListener.onDataActivity: Entered: direction=0
09-30 00:54:08.186  6421  6421 I WeatherApp: Receiver action: android.intent.action.SCREEN_ON
09-30 00:54:08.213  6421  9618 I WeatherApp: is force update = false
09-30 00:54:08.222  6421  9618 I WeatherApp: top city is fresh
09-30 00:54:08.228  1806  1859 I ActivityManager: Waited long enough for: ServiceRecord{9dd7c16 u0 com.motorola.config.wifi/.WpaConfigService}
09-30 00:54:08.231   506  5662 D audio_hw_primary: adev_set_parameters: enter: screen_state=off
09-30 00:54:08.232   506  5662 E bt_a2dp_hw: adev_set_parameters: ERROR: set param called even when stream out is null
09-30 00:54:08.235  1806  1897 I WindowManager: window type TYPE_AOD_DREAM:
09-30 00:54:08.244  1806  4246 E native  : do suspend true
09-30 00:54:08.255  5393  5393 I GoogleInputMethod: onReceive() : Action = android.intent.action.SCREEN_OFF
09-30 00:54:08.256  1806  1897 I WindowManager: window type TYPE_AOD_DREAM:
09-30 00:54:08.258  6617  6763 E com.facebook.orca:MqttOperationManager: operation/add/duplicate; id=-1, name=PINGRESP
09-30 00:54:08.264  4802  5167 I NetworkController.MotorolaMobileSignalController(1): MotorolaMobilePhoneStateListener.onDataActivity: Entered: direction=0
09-30 00:54:08.264  4802  5167 I NetworkController.MotorolaMobileSignalController(2): MotorolaMobilePhoneStateListener.onDataActivity: Entered: direction=0
09-30 00:54:08.265  4802  5167 I NetworkController.MotorolaMobileSignalController(1): MotorolaMobilePhoneStateListener.onDataActivity: Entered: direction=0
09-30 00:54:08.265  4802  5167 I NetworkController.MotorolaMobileSignalController(2): MotorolaMobilePhoneStateListener.onDataActivity: Entered: direction=0
09-30 00:54:08.270  4802  5167 I NetworkController.MotorolaMobileSignalController(1): MotorolaMobilePhoneStateListener.onDataActivity: Entered: direction=0
09-30 00:54:08.270  4802  5167 I NetworkController.MotorolaMobileSignalController(2): MotorolaMobilePhoneStateListener.onDataActivity: Entered: direction=0
09-30 00:54:08.272  4802  5167 I NetworkController.MotorolaMobileSignalController(1): MotorolaMobilePhoneStateListener.onDataActivity: Entered: direction=0
09-30 00:54:08.272  4802  5167 I NetworkController.MotorolaMobileSignalController(2): MotorolaMobilePhoneStateListener.onDataActivity: Entered: direction=0
09-30 00:54:08.312  6421  6421 I WeatherApp: Receiver action: android.intent.action.SCREEN_OFF
09-30 00:54:08.330 10915 10955 I LYNC PAL: JNI_Pal_Init_Base: vm 0xb71a9b10 loader 0x100552 loadMethod 0x716fd578
09-30 00:54:08.331 10915 10955 I LYNC PAL: JNI_Pal_Init: vm 0xb71a9b10 loader 0x100552 loadMethod 0x716fd578 GetEnv 0
09-30 00:54:08.331 10915 10955 I LYNC PAL: findClass com/microsoft/media/RtcPalConfig loader 0x100552
09-30 00:54:08.331 10915 10955 I LYNC PAL: findClass com/microsoft/media/RtcPalEnvironment loader 0x100552
09-30 00:54:08.331 10915 10955 I LYNC PAL: findClass com/microsoft/media/NetworkPal loader 0x100552
09-30 00:54:08.332 10915 10955 I LYNC PAL: findClass com/microsoft/media/ifaddrs loader 0x100552
09-30 00:54:08.332 10915 10955 I LYNC PAL: findClass com/microsoft/media/MMVRSurfaceView loader 0x100552
09-30 00:54:08.334 10915 10955 I LYNC PAL: findClass com/microsoft/media/MMVRSurfaceView loader 0x100552
09-30 00:54:08.338 10915 10955 I LYNC PAL: findClass com/microsoft/media/NTLMEngineImpl loader 0x100552
09-30 00:54:08.338 10915 10955 I LYNC PAL: findClass com/microsoft/media/RtcPalEnvironment loader 0x100552
09-30 00:54:08.338 10915 10955 I LYNC PAL: JNI_Pal_Init: got init java class 0x200011
09-30 00:54:08.338 10915 10955 I LYNC PAL: JNI_Pal_Init: got init java class method 0xaf5d40b0
09-30 00:54:08.458 10368 10414 I PlayCommon: [724] com.google.android.play.a.l.a(1002): Successfully uploaded logs.
09-30 00:54:08.459 10368 10430 I PlayCommon: [734] com.google.android.play.a.l.a(1002): Successfully uploaded logs.
09-30 00:54:08.460 10368 10414 I PlayCommon: [724] com.google.android.play.a.l.e(787): Preparing logs for uploading
09-30 00:54:08.460 10368 10414 I PlayCommon: [724] com.google.android.play.a.l.e(789): No file ready to send
09-30 00:54:08.462 10368 10430 I PlayCommon: [734] com.google.android.play.a.l.e(787): Preparing logs for uploading
09-30 00:54:08.462 10368 10430 I PlayCommon: [734] com.google.android.play.a.l.e(789): No file ready to send
09-30 00:54:08.474  1806  6061 I ActivityManager: Killing 10487:com.motorola.genie/u0a34 (adj 15): empty #13
09-30 00:54:08.618  5615  5906 E ctxmgr  : [BaseProducer]Could not write ScreenState context, for account account#-517948760#, status = Status{statusCode=TIMEOUT, resolution=null}
09-30 00:54:08.618  5615  5906 W ctxmgr  : [WorkManager]Long workInfo: label=ListenerInvokerRunner, startTime=2016-09-30 00:54:07.571+0530, stopTime=2016-09-30 00:54:08.618+0530, duration=1047ms
09-30 00:54:08.625  5615  5906 W ctxmgr  : [ScreenState]Got same value as before for screen (isScreenOn=true)
09-30 00:54:08.764 10915 11017 W         : Unable to open '/system/framework/prcui-config.jar': No such file or directory
09-30 00:54:08.764 10915 11017 W art     : Failed to open zip archive '/system/framework/prcui-config.jar': I/O Error
09-30 00:54:08.770 10915 11017 W System  : ClassLoader referenced unknown path: /system/framework/com.qualcomm.qti.GBAHttpAuthentication.jar
09-30 00:54:08.927  1806  1806 V AlarmManager: done {8794f52, *alarm*:com.skype.raider/com.skype.android.service.ContactsAlarmReceiver} [4537ms]
09-30 00:54:08.931 10798 10798 D MusicLifecycle: com.google.android.music.wear.WearBroadcastReceiver generated event: Broadcast received with context android.app.ReceiverRestrictedContext@117909 and intent Intent { act=com.google.android.music.IMPORT_COMPLETE flg=0x10 cmp=com.google.android.music/.wear.WearBroadcastReceiver }
09-30 00:54:08.933  1806  1826 I ActivityManager: Killing 10509:com.android.chrome/u0a72 (adj 15): empty #13
09-30 00:54:08.940 10798 11025 E GmsUtils: Failed to connect to Google API client: ConnectionResult{statusCode=API_UNAVAILABLE, resolution=null, message=null}
09-30 00:54:08.993  1806  1859 I ActivityManager: Waited long enough for: ServiceRecord{34b16c6 u0 com.motorola.ccc.checkin/.CheckinService}
09-30 00:54:09.078  1806  4828 I ActivityManager: Start proc 11033:com.android.settings/1000 for broadcast com.android.settings/com.motorola.settings.notification.HiddenListenerSettingsReceiver
09-30 00:54:09.102 10859 11030 I NotifUtils: sendSetNewEmailIndicator account: -461606459, folder: 70791782
09-30 00:54:09.107 10859 11045 I NotifUtils: Validating Notification, mapSize: 2 getAttention: true ignoreUnobtrusive: false
09-30 00:54:09.128 11033 11033 W System  : ClassLoader referenced unknown path: /system/priv-app/Settings/lib/arm
09-30 00:54:09.145 11033 11033 W ContextImpl: Calling a method in the system process without a qualified user: android.app.ContextImpl.startService:1221 android.content.ContextWrapper.startService:581 android.content.ContextWrapper.startService:581 com.motorola.s